Component: Arm Compiler for Embedded 6.21 Tool: armlink [5ec1fa00]

==============================================================================

Section Cross References

    startup_stm32g431xx.o(STACK) refers (Special) to heapauxi.o(.text) for __use_two_region_memory
    startup_stm32g431xx.o(HEAP) refers (Special) to heapauxi.o(.text) for __use_two_region_memory
    startup_stm32g431xx.o(RESET) refers (Special) to heapauxi.o(.text) for __use_two_region_memory
    startup_stm32g431xx.o(RESET) refers to startup_stm32g431xx.o(STACK) for __initial_sp
    startup_stm32g431xx.o(RESET) refers to startup_stm32g431xx.o(.text) for Reset_Handler
    startup_stm32g431xx.o(RESET) refers to stm32g4xx_it.o(.text.NMI_Handler) for NMI_Handler
    startup_stm32g431xx.o(RESET) refers to stm32g4xx_it.o(.text.HardFault_Handler) for HardFault_Handler
    startup_stm32g431xx.o(RESET) refers to stm32g4xx_it.o(.text.MemManage_Handler) for MemManage_Handler
    startup_stm32g431xx.o(RESET) refers to stm32g4xx_it.o(.text.BusFault_Handler) for BusFault_Handler
    startup_stm32g431xx.o(RESET) refers to stm32g4xx_it.o(.text.UsageFault_Handler) for UsageFault_Handler
    startup_stm32g431xx.o(RESET) refers to stm32g4xx_it.o(.text.SVC_Handler) for SVC_Handler
    startup_stm32g431xx.o(RESET) refers to stm32g4xx_it.o(.text.DebugMon_Handler) for DebugMon_Handler
    startup_stm32g431xx.o(RESET) refers to stm32g4xx_it.o(.text.PendSV_Handler) for PendSV_Handler
    startup_stm32g431xx.o(RESET) refers to stm32g4xx_it.o(.text.SysTick_Handler) for SysTick_Handler
    startup_stm32g431xx.o(RESET) refers to stm32g4xx_it.o(.text.DMA1_Channel1_IRQHandler) for DMA1_Channel1_IRQHandler
    startup_stm32g431xx.o(RESET) refers to stm32g4xx_it.o(.text.TIM2_IRQHandler) for TIM2_IRQHandler
    startup_stm32g431xx.o(.text) refers (Special) to heapauxi.o(.text) for __use_two_region_memory
    startup_stm32g431xx.o(.text) refers to system_stm32g4xx.o(.text.SystemInit) for SystemInit
    startup_stm32g431xx.o(.text) refers to __main.o(!!!main) for __main
    startup_stm32g431xx.o(.text) refers to startup_stm32g431xx.o(HEAP) for Heap_Mem
    startup_stm32g431xx.o(.text) refers to startup_stm32g431xx.o(STACK) for Stack_Mem
    maincpp.o(.ARM.exidx.text.maincpp) refers to maincpp.o(.text.maincpp) for [Anonymous Symbol]
    main.o(.text.main) refers to stm32g4xx_hal.o(.text.HAL_Init) for HAL_Init
    main.o(.text.main) refers to main.o(.text.SystemClock_Config) for SystemClock_Config
    main.o(.text.main) refers to gpio.o(.text.MX_GPIO_Init) for MX_GPIO_Init
    main.o(.text.main) refers to dma.o(.text.MX_DMA_Init) for MX_DMA_Init
    main.o(.text.main) refers to usb.o(.text.MX_USB_PCD_Init) for MX_USB_PCD_Init
    main.o(.text.main) refers to adc.o(.text.MX_ADC1_Init) for MX_ADC1_Init
    main.o(.text.main) refers to spi.o(.text.MX_SPI1_Init) for MX_SPI1_Init
    main.o(.text.main) refers to usart.o(.text.MX_USART1_UART_Init) for MX_USART1_UART_Init
    main.o(.text.main) refers to tim.o(.text.MX_TIM1_Init) for MX_TIM1_Init
    main.o(.text.main) refers to tim.o(.text.MX_TIM2_Init) for MX_TIM2_Init
    main.o(.text.main) refers to spi.o(.text.MX_SPI3_Init) for MX_SPI3_Init
    main.o(.text.main) refers to adc.o(.bss.hadc1) for hadc1
    main.o(.text.main) refers to stm32g4xx_hal_adc_ex.o(.text.HAL_ADCEx_Calibration_Start) for HAL_ADCEx_Calibration_Start
    main.o(.text.main) refers to main.o(.text.LL_TIM_EnableCounter) for LL_TIM_EnableCounter
    main.o(.text.main) refers to main.o(.text.LL_TIM_EnableIT_UPDATE) for LL_TIM_EnableIT_UPDATE
    main.o(.text.main) refers to lcd_init.o(.text.LCD_Init) for LCD_Init
    main.o(.text.main) refers to stm32g4xx_hal.o(.text.HAL_Delay) for HAL_Delay
    main.o(.text.main) refers to lcd.o(.text.LCD_Fill) for LCD_Fill
    main.o(.text.main) refers to stm32g4xx_hal_adc.o(.text.HAL_ADC_Start) for HAL_ADC_Start
    main.o(.ARM.exidx.text.main) refers to main.o(.text.main) for [Anonymous Symbol]
    main.o(.text.SystemClock_Config) refers to rt_memclr_w.o(.text) for __aeabi_memclr4
    main.o(.text.SystemClock_Config) refers to stm32g4xx_hal_pwr_ex.o(.text.HAL_PWREx_ControlVoltageScaling) for HAL_PWREx_ControlVoltageScaling
    main.o(.text.SystemClock_Config) refers to stm32g4xx_hal_rcc.o(.text.HAL_RCC_OscConfig) for HAL_RCC_OscConfig
    main.o(.text.SystemClock_Config) refers to main.o(.text.Error_Handler) for Error_Handler
    main.o(.text.SystemClock_Config) refers to stm32g4xx_hal_rcc.o(.text.HAL_RCC_ClockConfig) for HAL_RCC_ClockConfig
    main.o(.ARM.exidx.text.SystemClock_Config) refers to main.o(.text.SystemClock_Config) for [Anonymous Symbol]
    main.o(.ARM.exidx.text.LL_TIM_EnableCounter) refers to main.o(.text.LL_TIM_EnableCounter) for [Anonymous Symbol]
    main.o(.ARM.exidx.text.LL_TIM_EnableIT_UPDATE) refers to main.o(.text.LL_TIM_EnableIT_UPDATE) for [Anonymous Symbol]
    main.o(.ARM.exidx.text.Error_Handler) refers to main.o(.text.Error_Handler) for [Anonymous Symbol]
[...]
    [Anonymous Symbol]                       0x08006da4   Section        0  stm32g4xx_hal_cortex.o(.text.__NVIC_GetPriorityGrouping)
    __NVIC_SetPriority                       0x08006db5   Thumb Code    66  tim.o(.text.__NVIC_SetPriority)
    [Anonymous Symbol]                       0x08006db4   Section        0  tim.o(.text.__NVIC_SetPriority)
    __NVIC_SetPriority                       0x08006df9   Thumb Code    66  stm32g4xx_hal_cortex.o(.text.__NVIC_SetPriority)
    [Anonymous Symbol]                       0x08006df8   Section        0  stm32g4xx_hal_cortex.o(.text.__NVIC_SetPriority)
    __NVIC_SetPriorityGrouping               0x08006e3d   Thumb Code    60  stm32g4xx_hal_cortex.o(.text.__NVIC_SetPriorityGrouping)
    [Anonymous Symbol]                       0x08006e3c   Section        0  stm32g4xx_hal_cortex.o(.text.__NVIC_SetPriorityGrouping)
    __cxx_global_var_init                    0x08006e79   Thumb Code    26  joystick.o(.text.__cxx_global_var_init)
    [Anonymous Symbol]                       0x08006e78   Section        0  joystick.o(.text.__cxx_global_var_init)
    __cxx_global_var_init.1                  0x08006e95   Thumb Code    26  joystick.o(.text.__cxx_global_var_init.1)
    [Anonymous Symbol]                       0x08006e94   Section        0  joystick.o(.text.__cxx_global_var_init.1)
    __cxx_global_var_init.10                 0x08006eb1   Thumb Code    22  joystick.o(.text.__cxx_global_var_init.10)
    [Anonymous Symbol]                       0x08006eb0   Section        0  joystick.o(.text.__cxx_global_var_init.10)
    __cxx_global_var_init.11                 0x08006ec9   Thumb Code    28  joystick.o(.text.__cxx_global_var_init.11)
    [Anonymous Symbol]                       0x08006ec8   Section        0  joystick.o(.text.__cxx_global_var_init.11)
    __cxx_global_var_init.12                 0x08006ee5   Thumb Code    28  joystick.o(.text.__cxx_global_var_init.12)
    [Anonymous Symbol]                       0x08006ee4   Section        0  joystick.o(.text.__cxx_global_var_init.12)
    __cxx_global_var_init.13                 0x08006f01   Thumb Code    26  joystick.o(.text.__cxx_global_var_init.13)
    [Anonymous Symbol]                       0x08006f00   Section        0  joystick.o(.text.__cxx_global_var_init.13)
    __cxx_global_var_init.14                 0x08006f1d   Thumb Code    26  joystick.o(.text.__cxx_global_var_init.14)
    [Anonymous Symbol]                       0x08006f1c   Section        0  joystick.o(.text.__cxx_global_var_init.14)
    __cxx_global_var_init.15                 0x08006f39   Thumb Code    28  joystick.o(.text.__cxx_global_var_init.15)
    [Anonymous Symbol]                       0x08006f38   Section        0  joystick.o(.text.__cxx_global_var_init.15)
    __cxx_global_var_init.16                 0x08006f55   Thumb Code    28  joystick.o(.text.__cxx_global_var_init.16)
    [Anonymous Symbol]                       0x08006f54   Section        0  joystick.o(.text.__cxx_global_var_init.16)
    __cxx_global_var_init.17                 0x08006f71   Thumb Code    24  joystick.o(.text.__cxx_global_var_init.17)
    [Anonymous Symbol]                       0x08006f70   Section        0  joystick.o(.text.__cxx_global_var_init.17)
    __cxx_global_var_init.18                 0x08006f89   Thumb Code    24  joystick.o(.text.__cxx_global_var_init.18)
    [Anonymous Symbol]                       0x08006f88   Section        0  joystick.o(.text.__cxx_global_var_init.18)
    __cxx_global_var_init.19                 0x08006fa1   Thumb Code    32  joystick.o(.text.__cxx_global_var_init.19)
    [Anonymous Symbol]                       0x08006fa0   Section        0  joystick.o(.text.__cxx_global_var_init.19)
    __cxx_global_var_init.2                  0x08006fc1   Thumb Code    26  joystick.o(.text.__cxx_global_var_init.2)
    [Anonymous Symbol]                       0x08006fc0   Section        0  joystick.o(.text.__cxx_global_var_init.2)
    __cxx_global_var_init.20                 0x08006fdd   Thumb Code    32  joystick.o(.text.__cxx_global_var_init.20)
    [Anonymous Symbol]                       0x08006fdc   Section        0  joystick.o(.text.__cxx_global_var_init.20)
    __cxx_global_var_init.21                 0x08006ffd   Thumb Code    32  joystick.o(.text.__cxx_global_var_init.21)
    [Anonymous Symbol]                       0x08006ffc   Section        0  joystick.o(.text.__cxx_global_var_init.21)
    __cxx_global_var_init.3                  0x0800701d   Thumb Code    26  joystick.o(.text.__cxx_global_var_init.3)
    [Anonymous Symbol]                       0x0800701c   Section        0  joystick.o(.text.__cxx_global_var_init.3)
    __cxx_global_var_init.4                  0x08007039   Thumb Code    22  joystick.o(.text.__cxx_global_var_init.4)
    [Anonymous Symbol]                       0x08007038   Section        0  joystick.o(.text.__cxx_global_var_init.4)
    __cxx_global_var_init.5                  0x08007051   Thumb Code    22  joystick.o(.text.__cxx_global_var_init.5)
    [Anonymous Symbol]                       0x08007050   Section        0  joystick.o(.text.__cxx_global_var_init.5)
    __cxx_global_var_init.6                  0x08007069   Thumb Code    22  joystick.o(.text.__cxx_global_var_init.6)
    [Anonymous Symbol]                       0x08007068   Section        0  joystick.o(.text.__cxx_global_var_init.6)
    __cxx_global_var_init.7                  0x08007081   Thumb Code    22  joystick.o(.text.__cxx_global_var_init.7)
    [Anonymous Symbol]                       0x08007080   Section        0  joystick.o(.text.__cxx_global_var_init.7)
    __cxx_global_var_init.8                  0x08007099   Thumb Code    22  joystick.o(.text.__cxx_global_var_init.8)
    [Anonymous Symbol]                       0x08007098   Section        0  joystick.o(.text.__cxx_global_var_init.8)
    __cxx_global_var_init.9                  0x080070b1   Thumb Code    22  joystick.o(.text.__cxx_global_var_init.9)
    [Anonymous Symbol]                       0x080070b0   Section        0  joystick.o(.text.__cxx_global_var_init.9)
    delay                                    0x080070c9   Thumb Code    22  lcd_init.o(.text.delay)
    [Anonymous Symbol]                       0x080070c8   Section        0  lcd_init.o(.text.delay)
    [Anonymous Symbol]                       0x080070e0   Section        0  main.o(.text.main)
    [Anonymous Symbol]                       0x08007160   Section        0  lcd.o(.text.mypow)
    [Anonymous Symbol]                       0x08007190   Section        0  joystick.o(.text.tim2_callback)
    $v0                                      0x080071d8   Number         0  fpinit.o(x$fpl$fpinit)
    x$fpl$fpinit                             0x080071d8   Section       26  fpinit.o(x$fpl$fpinit)
    OFFSET_TAB_CCMRx                         0x0800720a   Data          10  tim.o(.rodata.OFFSET_TAB_CCMRx)
    [Anonymous Symbol]                       0x0800720a   Section        0  tim.o(.rodata.OFFSET_TAB_CCMRx)
    SHIFT_TAB_OCxx                           0x08007214   Data          10  tim.o(.rodata.SHIFT_TAB_OCxx)
    [Anonymous Symbol]                       0x08007214   Section        0  tim.o(.rodata.SHIFT_TAB_OCxx)
    USART_PRESCALER_TAB                      0x08007220   Data          48  stm32g4xx_ll_usart.o(.rodata.USART_PRESCALER_TAB)
    [Anonymous Symbol]                       0x08007220   Section        0  stm32g4xx_ll_usart.o(.rodata.USART_PRESCALER_TAB)
    .init_array                              0x0800a668   Section        0  init_aeabi.o(.init_array)
    .bss                                     0x20000010   Section       96  libspace.o(.bss)
    test_num1                                0x20001028   Data           8  joystick.o(.bss._ZL9test_num1)
    [Anonymous Symbol]                       0x20001028   Section        0  joystick.o(.bss._ZL9test_num1)
    Heap_Mem                                 0x20001f08   Data         512  startup_stm32g431xx.o(HEAP)
    HEAP                                     0x20001f08   Section      512  startup_stm32g431xx.o(HEAP)
    Stack_Mem                                0x20002108   Data        2048  startup_stm32g431xx.o(STACK)
    STACK                                    0x20002108   Section     2048  startup_stm32g431xx.o(STACK)
    __initial_sp                             0x20002908   Data           0  startup_stm32g431xx.o(STACK)

    Global Symbols

    Symbol Name                              Value     Ov Type        Size  Object(Section)

    BuildAttributes$$THM_ISAv4$E$P$D$K$B$S$7EM$VFPi3$EXTD16$VFPS$VFMA$PE$A:L22UL41UL21$X:L11$S22US41US21$IEEE1$IW$~IW$USESV6$~STKCKD$USESV7$~SHL$OSPACE$ROPI$EBA8$UX$STANDARDLIB$REQ8$PRES8$EABIv2 0x00000000   Number         0  anon$$obj.o ABSOLUTE
    __ARM_exceptions_init                     - Undefined Weak Reference
    __alloca_initialize                       - Undefined Weak Reference
    __arm_preinit_                            - Undefined Weak Reference
    __arm_relocate_pie_                       - Undefined Weak Reference
    __cxa_finalize                            - Undefined Weak Reference
    __rt_locale                               - Undefined Weak Reference
    __sigvec_lookup                           - Undefined Weak Reference
    _atexit_init                              - Undefined Weak Reference
    _call_atexit_fns                          - Undefined Weak Reference
    _clock_init                               - Undefined Weak Reference
    _fp_trap_init                             - Undefined Weak Reference
    _fp_trap_shutdown                         - Undefined Weak Reference
    _get_lc_collate                           - Undefined Weak Reference
    _get_lc_ctype                             - Undefined Weak Reference
    _get_lc_monetary                          - Undefined Weak Reference
    _get_lc_numeric                           - Undefined Weak Reference
    _get_lc_time                              - Undefined Weak Reference
    _getenv_init                              - Undefined Weak Reference
    _handle_redirection                       - Undefined Weak Reference
    _init_alloc                               - Undefined Weak Reference
    _init_user_alloc                          - Undefined Weak Reference
    _initio                                   - Undefined Weak Reference
    _rand_init                                - Undefined Weak Reference
    _signal_finish                            - Undefined Weak Reference
    _signal_init                              - Undefined Weak Reference
    _terminate_alloc                          - Undefined Weak Reference
    _terminate_user_alloc                     - Undefined Weak Reference
    _terminateio                              - Undefined Weak Reference
    __Vectors_Size                           0x000001d8   Number         0  startup_stm32g431xx.o ABSOLUTE
    __Vectors                                0x08000000   Data           4  startup_stm32g431xx.o(RESET)
    __Vectors_End                            0x080001d8   Data           0  startup_stm32g431xx.o(RESET)
    __main                                   0x080001d9   Thumb Code     8  __main.o(!!!main)
    __scatterload                            0x080001e1   Thumb Code     0  __scatter.o(!!!scatter)
    __scatterload_rt2                        0x080001e1   Thumb Code    84  __scatter.o(!!!scatter)
    __scatterload_rt2_thumb_only             0x080001e1   Thumb Code     0  __scatter.o(!!!scatter)
    __scatterload_loop                       0x080001eb   Thumb Code     0  __scatter.o(!!!scatter)
    __scatterload_copy                       0x0800023d   Thumb Code    26  __scatter_copy.o(!!handler_copy)
    __scatterload_null                       0x08000259   Thumb Code     2  __scatter.o(!!handler_null)
    __scatterload_zeroinit                   0x0800025d   Thumb Code    28  __scatter_zi.o(!!handler_zi)
    __rt_lib_init                            0x08000279   Thumb Code     0  libinit.o(.ARM.Collect$$libinit$$00000000)
    __rt_lib_init_fp_1                       0x0800027b   Thumb Code     0  libinit2.o(.ARM.Collect$$libinit$$00000001)
    __rt_lib_init_alloca_1                   0x0800027f   Thumb Code     0  libinit2.o(.ARM.Collect$$libinit$$00000030)
    __rt_lib_init_argv_1                     0x0800027f   Thumb Code     0  libinit2.o(.ARM.Collect$$libinit$$0000002E)
    __rt_lib_init_atexit_1                   0x0800027f   Thumb Code     0  libinit2.o(.ARM.Collect$$libinit$$0000001D)
    __rt_lib_init_clock_1                    0x0800027f   Thumb Code     0  libinit2.o(.ARM.Collect$$libinit$$00000023)
    __rt_lib_init_cpp_2                      0x0800027f   Thumb Code     0  libinit2.o(.ARM.Collect$$libinit$$00000033)
    __rt_lib_init_exceptions_1               0x0800027f   Thumb Code     0  libinit2.o(.ARM.Collect$$libinit$$00000032)
    __rt_lib_init_fp_trap_1                  0x0800027f   Thumb Code     0  libinit2.o(.ARM.Collect$$libinit$$00000021)
    __rt_lib_init_getenv_1                   0x0800027f   Thumb Code     0  libinit2.o(.ARM.Collect$$libinit$$00000025)
    __rt_lib_init_heap_1                     0x0800027f   Thumb Code     0  libinit2.o(.ARM.Collect$$libinit$$0000000C)
    __rt_lib_init_lc_collate_1               0x0800027f   Thumb Code     0  libinit2.o(.ARM.Collect$$libinit$$00000013)
    __rt_lib_init_lc_ctype_1                 0x0800027f   Thumb Code     0  libinit2.o(.ARM.Collect$$libinit$$00000015)
    __rt_lib_init_lc_monetary_1              0x0800027f   Thumb Code     0  libinit2.o(.ARM.Collect$$libinit$$00000017)
    __rt_lib_init_lc_numeric_1               0x0800027f   Thumb Code     0  libinit2.o(.ARM.Collect$$libinit$$00000019)
    __rt_lib_init_lc_time_1                  0x0800027f   Thumb Code     0  libinit2.o(.ARM.Collect$$libinit$$0000001B)
    __rt_lib_init_preinit_1                  0x0800027f   Thumb Code     0  libinit2.o(.ARM.Collect$$libinit$$00000006)
    __rt_lib_init_rand_1                     0x0800027f   Thumb Code     0  libinit2.o(.ARM.Collect$$libinit$$00000010)
    __rt_lib_init_relocate_pie_1             0x0800027f   Thumb Code     0  libinit2.o(.ARM.Collect$$libinit$$00000004)
    __rt_lib_init_signal_1                   0x0800027f   Thumb Code     0  libinit2.o(.ARM.Collect$$libinit$$0000001F)
    __rt_lib_init_stdio_1                    0x0800027f   Thumb Code     0  libinit2.o(.ARM.Collect$$libinit$$00000027)
    __rt_lib_init_user_alloc_1               0x0800027f   Thumb Code     0  libinit2.o(.ARM.Collect$$libinit$$0000000E)
    __rt_lib_init_cpp_1                      0x08000283   Thumb Code     0  libinit2.o(.ARM.Collect$$libinit$$00000034)
    __rt_lib_init_return                     0x08000283   Thumb Code     0  libinit2.o(.ARM.Collect$$libinit$$00000035)
    __rt_lib_shutdown                        0x08000285   Thumb Code     0  libshutdown.o(.ARM.Collect$$libshutdown$$00000000)
    __rt_lib_shutdown_cpp_1                  0x08000287   Thumb Code     0  libshutdown2.o(.ARM.Collect$$libshutdown$$00000002)
    __rt_lib_shutdown_fp_trap_1              0x08000287   Thumb Code     0  libshutdown2.o(.ARM.Collect$$libshutdown$$00000007)
    __rt_lib_shutdown_heap_1                 0x08000287   Thumb Code     0  libshutdown2.o(.ARM.Collect$$libshutdown$$0000000F)
    __rt_lib_shutdown_return                 0x08000287   Thumb Code     0  libshutdown2.o(.ARM.Collect$$libshutdown$$00000010)
    __rt_lib_shutdown_signal_1               0x08000287   Thumb Code     0  libshutdown2.o(.ARM.Collect$$libshutdown$$0000000A)
    __rt_lib_shutdown_stdio_1                0x08000287   Thumb Code     0  libshutdown2.o(.ARM.Collect$$libshutdown$$00000004)
    __rt_lib_shutdown_user_alloc_1           0x08000287   Thumb Code     0  libshutdown2.o(.ARM.Collect$$libshutdown$$0000000C)
    __rt_entry                               0x08000289   Thumb Code     0  __rtentry.o(.ARM.Collect$$rtentry$$00000000)
    __rt_entry_presh_1                       0x08000289   Thumb Code     0  __rtentry2.o(.ARM.Collect$$rtentry$$00000002)
    __rt_entry_sh                            0x08000289   Thumb Code     0  __rtentry4.o(.ARM.Collect$$rtentry$$00000004)
    __rt_entry_li                            0x0800028f   Thumb Code     0  __rtentry2.o(.ARM.Collect$$rtentry$$0000000A)
    __rt_entry_postsh_1                      0x0800028f   Thumb Code     0  __rtentry2.o(.ARM.Collect$$rtentry$$00000009)
    __rt_entry_main                          0x08000293   Thumb Code     0  __rtentry2.o(.ARM.Collect$$rtentry$$0000000D)
    __rt_entry_postli_1                      0x08000293   Thumb Code     0  __rtentry2.o(.ARM.Collect$$rtentry$$0000000C)
    __rt_exit                                0x0800029b   Thumb Code     0  rtexit.o(.ARM.Collect$$rtexit$$00000000)
    __rt_exit_ls                             0x0800029d   Thumb Code     0  rtexit2.o(.ARM.Collect$$rtexit$$00000003)
    __rt_exit_prels_1                        0x0800029d   Thumb Code     0  rtexit2.o(.ARM.Collect$$rtexit$$00000002)
    __rt_exit_exit                           0x080002a1   Thumb Code     0  rtexit2.o(.ARM.Collect$$rtexit$$00000004)
    Reset_Handler                            0x080002a9   Thumb Code     8  startup_stm32g431xx.o(.text)
    ADC1_2_IRQHandler                        0x080002c3   Thumb Code     0  startup_stm32g431xx.o(.text)
    COMP1_2_3_IRQHandler                     0x080002c3   Thumb Code     0  startup_stm32g431xx.o(.text)
    COMP4_IRQHandler                         0x080002c3   Thumb Code     0  startup_stm32g431xx.o(.text)
    CORDIC_IRQHandler                        0x080002c3   Thumb Code     0  startup_stm32g431xx.o(.text)
    CRS_IRQHandler                           0x080002c3   Thumb Code     0  startup_stm32g431xx.o(.text)
    DMA1_Channel2_IRQHandler                 0x080002c3   Thumb Code     0  startup_stm32g431xx.o(.text)
    DMA1_Channel3_IRQHandler                 0x080002c3   Thumb Code     0  startup_stm32g431xx.o(.text)
    DMA1_Channel4_IRQHandler                 0x080002c3   Thumb Code     0  startup_stm32g431xx.o(.text)
    DMA1_Channel5_IRQHandler                 0x080002c3   Thumb Code     0  startup_stm32g431xx.o(.text)
    DMA1_Channel6_IRQHandler                 0x080002c3   Thumb Code     0  startup_stm32g431xx.o(.text)
    DMA2_Channel1_IRQHandler                 0x080002c3   Thumb Code     0  startup_stm32g431xx.o(.text)
    DMA2_Channel2_IRQHandler                 0x080002c3   Thumb Code     0  startup_stm32g431xx.o(.text)
    DMA2_Channel3_IRQHandler                 0x080002c3   Thumb Code     0  startup_stm32g431xx.o(.text)
    DMA2_Channel4_IRQHandler                 0x080002c3   Thumb Code     0  startup_stm32g431xx.o(.text)
    DMA2_Channel5_IRQHandler                 0x080002c3   Thumb Code     0  startup_stm32g431xx.o(.text)
    DMA2_Channel6_IRQHandler                 0x080002c3   Thumb Code     0  startup_stm32g431xx.o(.text)
    DMAMUX_OVR_IRQHandler                    0x080002c3   Thumb Code     0  startup_stm32g431xx.o(.text)
    EXTI0_IRQHandler                         0x080002c3   Thumb Code     0  startup_stm32g431xx.o(.text)
    EXTI15_10_IRQHandler                     0x080002c3   Thumb Code     0  startup_stm32g431xx.o(.text)
    EXTI1_IRQHandler                         0x080002c3   Thumb Code     0  startup_stm32g431xx.o(.text)
    EXTI2_IRQHandler                         0x080002c3   Thumb Code     0  startup_stm32g431xx.o(.text)
    EXTI3_IRQHandler                         0x080002c3   Thumb Code     0  startup_stm32g431xx.o(.text)
    EXTI4_IRQHandler                         0x080002c3   Thumb Code     0  startup_stm32g431xx.o(.text)
    EXTI9_5_IRQHandler                       0x080002c3   Thumb Code     0  startup_stm32g431xx.o(.text)
    FDCAN1_IT0_IRQHandler                    0x080002c3   Thumb Code     0  startup_stm32g431xx.o(.text)
    FDCAN1_IT1_IRQHandler                    0x080002c3   Thumb Code     0  startup_stm32g431xx.o(.text)
    FLASH_IRQHandler                         0x080002c3   Thumb Code     0  startup_stm32g431xx.o(.text)
    FMAC_IRQHandler                          0x080002c3   Thumb Code     0  startup_stm32g431xx.o(.text)
    FPU_IRQHandler                           0x080002c3   Thumb Code     0  startup_stm32g431xx.o(.text)
    I2C1_ER_IRQHandler                       0x080002c3   Thumb Code     0  startup_stm32g431xx.o(.text)
    I2C1_EV_IRQHandler                       0x080002c3   Thumb Code     0  startup_stm32g431xx.o(.text)
    I2C2_ER_IRQHandler                       0x080002c3   Thumb Code     0  startup_stm32g431xx.o(.text)
    I2C2_EV_IRQHandler                       0x080002c3   Thumb Code     0  startup_stm32g431xx.o(.text)
    I2C3_ER_IRQHandler                       0x080002c3   Thumb Code     0  startup_stm32g431xx.o(.text)
    I2C3_EV_IRQHandler                       0x080002c3   Thumb Code     0  startup_stm32g431xx.o(.text)
    LPTIM1_IRQHandler                        0x080002c3   Thumb Code     0  startup_stm32g431xx.o(.text)
    LPUART1_IRQHandler                       0x080002c3   Thumb Code     0  startup_stm32g431xx.o(.text)
    PVD_PVM_IRQHandler                       0x080002c3   Thumb Code     0  startup_stm32g431xx.o(.text)
    RCC_IRQHandler                           0x080002c3   Thumb Code     0  startup_stm32g431xx.o(.text)
    RNG_IRQHandler                           0x080002c3   Thumb Code     0  startup_stm32g431xx.o(.text)
    RTC_Alarm_IRQHandler                     0x080002c3   Thumb Code     0  startup_stm32g431xx.o(.text)
    RTC_TAMP_LSECSS_IRQHandler               0x080002c3   Thumb Code     0  startup_stm32g431xx.o(.text)
    RTC_WKUP_IRQHandler                      0x080002c3   Thumb Code     0  startup_stm32g431xx.o(.text)
    SAI1_IRQHandler                          0x080002c3   Thumb Code     0  startup_stm32g431xx.o(.text)
    SPI1_IRQHandler                          0x080002c3   Thumb Code     0  startup_stm32g431xx.o(.text)
    SPI2_IRQHandler                          0x080002c3   Thumb Code     0  startup_stm32g431xx.o(.text)
    SPI3_IRQHandler                          0x080002c3   Thumb Code     0  startup_stm32g431xx.o(.text)
    TIM1_BRK_TIM15_IRQHandler                0x080002c3   Thumb Code     0  startup_stm32g431xx.o(.text)
    TIM1_CC_IRQHandler                       0x080002c3   Thumb Code     0  startup_stm32g431xx.o(.text)
    TIM1_TRG_COM_TIM17_IRQHandler            0x080002c3   Thumb Code     0  startup_stm32g431xx.o(.text)
    TIM1_UP_TIM16_IRQHandler                 0x080002c3   Thumb Code     0  startup_stm32g431xx.o(.text)
    TIM3_IRQHandler                          0x080002c3   Thumb Code     0  startup_stm32g431xx.o(.text)
    TIM4_IRQHandler                          0x080002c3   Thumb Code     0  startup_stm32g431xx.o(.text)
    TIM6_DAC_IRQHandler                      0x080002c3   Thumb Code     0  startup_stm32g431xx.o(.text)
    TIM7_IRQHandler                          0x080002c3   Thumb Code     0  startup_stm32g431xx.o(.text)
    TIM8_BRK_IRQHandler                      0x080002c3   Thumb Code     0  startup_stm32g431xx.o(.text)
    TIM8_CC_IRQHandler                       0x080002c3   Thumb Code     0  startup_stm32g431xx.o(.text)
    TIM8_TRG_COM_IRQHandler                  0x080002c3   Thumb Code     0  startup_stm32g431xx.o(.text)
    TIM8_UP_IRQHandler                       0x080002c3   Thumb Code     0  startup_stm32g431xx.o(.text)
    UART4_IRQHandler                         0x080002c3   Thumb Code     0  startup_stm32g431xx.o(.text)
    UCPD1_IRQHandler                         0x080002c3   Thumb Code     0  startup_stm32g431xx.o(.text)
    USART1_IRQHandler                        0x080002c3   Thumb Code     0  startup_stm32g431xx.o(.text)
    USART2_IRQHandler                        0x080002c3   Thumb Code     0  startup_stm32g431xx.o(.text)
    USART3_IRQHandler                        0x080002c3   Thumb Code     0  startup_stm32g431xx.o(.text)
    USBWakeUp_IRQHandler                     0x080002c3   Thumb Code     0  startup_stm32g431xx.o(.text)
    USB_HP_IRQHandler                        0x080002c3   Thumb Code     0  startup_stm32g431xx.o(.text)
    USB_LP_IRQHandler                        0x080002c3   Thumb Code     0  startup_stm32g431xx.o(.text)
    WWDG_IRQHandler                          0x080002c3   Thumb Code     0  startup_stm32g431xx.o(.text)
    __user_initial_stackheap                 0x080002c5   Thumb Code     0  startup_stm32g431xx.o(.text)
    __aeabi_memclr4                          0x080002e9   Thumb Code     0  rt_memclr_w.o(.text)
    __aeabi_memclr8                          0x080002e9   Thumb Code     0  rt_memclr_w.o(.text)
    __rt_memclr_w                            0x080002e9   Thumb Code     0  rt_memclr_w.o(.text)
    _memset_w                                0x080002ed   Thumb Code    74  rt_memclr_w.o(.text)
    __use_two_region_memory                  0x08000337   Thumb Code     2  heapauxi.o(.text)
    __rt_heap_escrow$2region                 0x08000339   Thumb Code     2  heapauxi.o(.text)
    __rt_heap_expand$2region                 0x0800033b   Thumb Code     2  heapauxi.o(.text)
    __cpp_initialize__aeabi_                 0x0800033d   Thumb Code    36  init_aeabi.o(.text)
    __user_setup_stackheap                   0x08000369   Thumb Code    74  sys_stackheap_outer.o(.text)
    exit                                     0x080003b3   Thumb Code    18  exit.o(.text)
    __user_libspace                          0x080003c5   Thumb Code     8  libspace.o(.text)
    __user_perproc_libspace                  0x080003c5   Thumb Code     0  libspace.o(.text)
    __user_perthread_libspace                0x080003c5   Thumb Code     0  libspace.o(.text)
    __I$use$semihosting                      0x080003cd   Thumb Code     0  use_no_semi.o(.text)
    __use_no_semihosting_swi                 0x080003cd   Thumb Code     2  use_no_semi.o(.text)
    __semihosting_library_function           0x080003cf   Thumb Code     0  indicate_semi.o(.text)
    _sys_exit                                0x080003d1   Thumb Code     8  sys_exit.o(.text)
    ADC_DMAConvCplt                          0x080003dd   Thumb Code   212  stm32g4xx_hal_adc.o(.text.ADC_DMAConvCplt)
    ADC_DMAError                             0x080004b1   Thumb Code    42  stm32g4xx_hal_adc.o(.text.ADC_DMAError)
    ADC_DMAHalfConvCplt                      0x080004dd   Thumb Code    22  stm32g4xx_hal_adc.o(.text.ADC_DMAHalfConvCplt)
    ADC_Disable                              0x080004f5   Thumb Code   196  stm32g4xx_hal_adc.o(.text.ADC_Disable)
    ADC_Enable                               0x080005b9   Thumb Code   272  stm32g4xx_hal_adc.o(.text.ADC_Enable)
    BusFault_Handler                         0x080006c9   Thumb Code     4  stm32g4xx_it.o(.text.BusFault_Handler)
    DMA1_Channel1_IRQHandler                 0x080006cd   Thumb Code    16  stm32g4xx_it.o(.text.DMA1_Channel1_IRQHandler)
    DebugMon_Handler                         0x080007fd   Thumb Code     2  stm32g4xx_it.o(.text.DebugMon_Handler)
    Error_Handler                            0x08000801   Thumb Code    14  main.o(.text.Error_Handler)
    HAL_ADCEx_Calibration_Start              0x08000811   Thumb Code   224  stm32g4xx_hal_adc_ex.o(.text.HAL_ADCEx_Calibration_Start)
    HAL_ADCEx_MultiModeConfigChannel         0x080008f1   Thumb Code   374  stm32g4xx_hal_adc_ex.o(.text.HAL_ADCEx_MultiModeConfigChannel)
    HAL_ADC_ConfigChannel                    0x08000a69   Thumb Code  2024  stm32g4xx_hal_adc.o(.text.HAL_ADC_ConfigChannel)
    HAL_ADC_ConvCpltCallback                 0x08001251   Thumb Code     8  stm32g4xx_hal_adc.o(.text.HAL_ADC_ConvCpltCallback)
    HAL_ADC_ConvHalfCpltCallback             0x08001259   Thumb Code     8  stm32g4xx_hal_adc.o(.text.HAL_ADC_ConvHalfCpltCallback)
    HAL_ADC_ErrorCallback                    0x08001261   Thumb Code     8  stm32g4xx_hal_adc.o(.text.HAL_ADC_ErrorCallback)
    HAL_ADC_Init                             0x08001269   Thumb Code   792  stm32g4xx_hal_adc.o(.text.HAL_ADC_Init)
    HAL_ADC_MspInit                          0x08001581   Thumb Code   302  adc.o(.text.HAL_ADC_MspInit)
    HAL_ADC_Start                            0x080016b1   Thumb Code   460  stm32g4xx_hal_adc.o(.text.HAL_ADC_Start)
    HAL_ADC_Start_DMA                        0x0800187d   Thumb Code   412  stm32g4xx_hal_adc.o(.text.HAL_ADC_Start_DMA)
    HAL_DMA_IRQHandler                       0x08001a19   Thumb Code   342  stm32g4xx_hal_dma.o(.text.HAL_DMA_IRQHandler)
    HAL_DMA_Init                             0x08001b71   Thumb Code   342  stm32g4xx_hal_dma.o(.text.HAL_DMA_Init)
    HAL_DMA_Start_IT                         0x08001cc9   Thumb Code   252  stm32g4xx_hal_dma.o(.text.HAL_DMA_Start_IT)
    HAL_Delay                                0x08001dc5   Thumb Code    66  stm32g4xx_hal.o(.text.HAL_Delay)
    HAL_GPIO_Init                            0x08001e09   Thumb Code   872  stm32g4xx_hal_gpio.o(.text.HAL_GPIO_Init)
    HAL_GetTick                              0x08002171   Thumb Code    12  stm32g4xx_hal.o(.text.HAL_GetTick)
    HAL_IncTick                              0x0800217d   Thumb Code    26  stm32g4xx_hal.o(.text.HAL_IncTick)
    HAL_Init                                 0x08002199   Thumb Code    48  stm32g4xx_hal.o(.text.HAL_Init)
    HAL_InitTick                             0x080021c9   Thumb Code   136  stm32g4xx_hal.o(.text.HAL_InitTick)
    HAL_MspInit                              0x08002251   Thumb Code    82  stm32g4xx_hal_msp.o(.text.HAL_MspInit)
    HAL_NVIC_EnableIRQ                       0x080022a5   Thumb Code    20  stm32g4xx_hal_cortex.o(.text.HAL_NVIC_EnableIRQ)
    HAL_NVIC_SetPriority                     0x080022b9   Thumb Code    46  stm32g4xx_hal_cortex.o(.text.HAL_NVIC_SetPriority)
    HAL_NVIC_SetPriorityGrouping             0x080022e9   Thumb Code    16  stm32g4xx_hal_cortex.o(.text.HAL_NVIC_SetPriorityGrouping)
    HAL_PCDEx_ActivateLPM                    0x080022f9   Thumb Code    58  stm32g4xx_hal_pcd_ex.o(.text.HAL_PCDEx_ActivateLPM)
    HAL_PCD_Init                             0x08002335   Thumb Code   404  stm32g4xx_hal_pcd.o(.text.HAL_PCD_Init)
    HAL_PCD_MspInit                          0x080024c9   Thumb Code    94  usb.o(.text.HAL_PCD_MspInit)
    HAL_PWREx_ControlVoltageScaling          0x08002529   Thumb Code   436  stm32g4xx_hal_pwr_ex.o(.text.HAL_PWREx_ControlVoltageScaling)
    HAL_PWREx_DisableUCPDDeadBattery         0x080026dd   Thumb Code    18  stm32g4xx_hal_pwr_ex.o(.text.HAL_PWREx_DisableUCPDDeadBattery)
    HAL_RCCEx_PeriphCLKConfig                0x080026f1   Thumb Code  1114  stm32g4xx_hal_rcc_ex.o(.text.HAL_RCCEx_PeriphCLKConfig)
    HAL_RCC_ClockConfig                      0x08002b4d   Thumb Code   806  stm32g4xx_hal_rcc.o(.text.HAL_RCC_ClockConfig)
    HAL_RCC_GetSysClockFreq                  0x08002e75   Thumb Code   252  stm32g4xx_hal_rcc.o(.text.HAL_RCC_GetSysClockFreq)
    HAL_RCC_OscConfig                        0x08002f71   Thumb Code  1974  stm32g4xx_hal_rcc.o(.text.HAL_RCC_OscConfig)
    HAL_SYSCFG_DisableVREFBUF                0x08003729   Thumb Code    16  stm32g4xx_hal.o(.text.HAL_SYSCFG_DisableVREFBUF)
    HAL_SYSCFG_VREFBUF_HighImpedanceConfig   0x08003739   Thumb Code    26  stm32g4xx_hal.o(.text.HAL_SYSCFG_VREFBUF_HighImpedanceConfig)
    HAL_SYSTICK_Config                       0x08003755   Thumb Code    16  stm32g4xx_hal_cortex.o(.text.HAL_SYSTICK_Config)
    HardFault_Handler                        0x08003765   Thumb Code     4  stm32g4xx_it.o(.text.HardFault_Handler)
    LCD_Address_Set                          0x08003769   Thumb Code    90  lcd_init.o(.text.LCD_Address_Set)
    LCD_DrawPoint                            0x080037c5   Thumb Code    44  lcd.o(.text.LCD_DrawPoint)
    LCD_Fill                                 0x080037f1   Thumb Code   144  lcd.o(.text.LCD_Fill)
    LCD_GPIO_Init                            0x08003881   Thumb Code     2  lcd_init.o(.text.LCD_GPIO_Init)
    LCD_Init                                 0x08003885   Thumb Code   634  lcd_init.o(.text.LCD_Init)
    LCD_ShowChar                             0x08003b01   Thumb Code   554  lcd.o(.text.LCD_ShowChar)
    LCD_ShowIntNum                           0x08003d2d   Thumb Code   318  lcd.o(.text.LCD_ShowIntNum)
    LCD_WR_DATA                              0x08003e6d   Thumb Code    28  lcd_init.o(.text.LCD_WR_DATA)
    LCD_WR_DATA8                             0x08003e89   Thumb Code    20  lcd_init.o(.text.LCD_WR_DATA8)
    LCD_WR_REG                               0x08003e9d   Thumb Code    48  lcd_init.o(.text.LCD_WR_REG)
    LCD_Writ_Bus                             0x08003ecd   Thumb Code    54  lcd_init.o(.text.LCD_Writ_Bus)
    LL_GPIO_Init                             0x080043a5   Thumb Code   220  stm32g4xx_ll_gpio.o(.text.LL_GPIO_Init)
    LL_RCC_GetUARTClockFreq                  0x08004791   Thumb Code   148  stm32g4xx_ll_rcc.o(.text.LL_RCC_GetUARTClockFreq)
    LL_RCC_GetUSARTClockFreq                 0x08004841   Thumb Code   370  stm32g4xx_ll_rcc.o(.text.LL_RCC_GetUSARTClockFreq)
    LL_SPI_Init                              0x08004a6d   Thumb Code   184  stm32g4xx_ll_spi.o(.text.LL_SPI_Init)
    LL_TIM_BDTR_Init                         0x08004bad   Thumb Code   232  stm32g4xx_ll_tim.o(.text.LL_TIM_BDTR_Init)
    LL_TIM_Init                              0x08004cf9   Thumb Code   372  stm32g4xx_ll_tim.o(.text.LL_TIM_Init)
    LL_TIM_OC_Init                           0x08005055   Thumb Code   168  stm32g4xx_ll_tim.o(.text.LL_TIM_OC_Init)
    LL_USART_Init                            0x08005231   Thumb Code   268  stm32g4xx_ll_usart.o(.text.LL_USART_Init)
    MX_ADC1_Init                             0x080054c9   Thumb Code   298  adc.o(.text.MX_ADC1_Init)
    MX_DMA_Init                              0x080055f5   Thumb Code    86  dma.o(.text.MX_DMA_Init)
    MX_GPIO_Init                             0x0800564d   Thumb Code   700  gpio.o(.text.MX_GPIO_Init)
    MX_SPI1_Init                             0x08005909   Thumb Code   232  spi.o(.text.MX_SPI1_Init)
    MX_SPI3_Init                             0x080059f1   Thumb Code   204  spi.o(.text.MX_SPI3_Init)
    MX_TIM1_Init                             0x08005abd   Thumb Code   276  tim.o(.text.MX_TIM1_Init)
    MX_TIM2_Init                             0x08005bd1   Thumb Code   114  tim.o(.text.MX_TIM2_Init)
    MX_USART1_UART_Init                      0x08005c45   Thumb Code   298  usart.o(.text.MX_USART1_UART_Init)
    MX_USB_PCD_Init                          0x08005d71   Thumb Code    62  usb.o(.text.MX_USB_PCD_Init)
    MemManage_Handler                        0x08005db1   Thumb Code     4  stm32g4xx_it.o(.text.MemManage_Handler)
    NMI_Handler                              0x08005db5   Thumb Code     4  stm32g4xx_it.o(.text.NMI_Handler)
    PendSV_Handler                           0x08006491   Thumb Code     2  stm32g4xx_it.o(.text.PendSV_Handler)
    SVC_Handler                              0x0800667d   Thumb Code     2  stm32g4xx_it.o(.text.SVC_Handler)
    SysTick_Handler                          0x080066d5   Thumb Code     8  stm32g4xx_it.o(.text.SysTick_Handler)
    SystemClock_Config                       0x080066dd   Thumb Code   120  main.o(.text.SystemClock_Config)
    SystemInit                               0x08006755   Thumb Code    18  system_stm32g4xx.o(.text.SystemInit)
    TIM2_IRQHandler                          0x08006769   Thumb Code     8  stm32g4xx_it.o(.text.TIM2_IRQHandler)
    USB_DevInit                              0x08006771   Thumb Code    40  stm32g4xx_ll_usb.o(.text.USB_DevInit)
    USB_DisableGlobalInt                     0x08006799   Thumb Code    30  stm32g4xx_ll_usb.o(.text.USB_DisableGlobalInt)
    UsageFault_Handler                       0x080067b9   Thumb Code     4  stm32g4xx_it.o(.text.UsageFault_Handler)
    button_init()                            0x08006819   Thumb Code    56  joystick.o(.text._Z11button_initv)
    button_update_test()                     0x08006851   Thumb Code    16  joystick.o(.text._Z18button_update_testv)
    stickin(unsigned short, unsigned short)  0x08006861   Thumb Code    68  joystick.o(.text._Z7stickintt)
    void list_swap<void (*)(unsigned short, unsigned short)>(void (*&)(unsigned short, unsigned short), void (*&)(unsigned short, unsigned short)) 0x080068a5   Thumb Code    30  sky_button.o(.text._Z9list_swapIPFvttEEvRT_S3_)
    void list_swap<int>(int&, int&)          0x080068c5   Thumb Code    30  sky_button.o(.text._Z9list_swapIiEvRT_S1_)
    void list_swap<unsigned short>(unsigned short&, unsigned short&) 0x080068e5   Thumb Code    34  sky_button.o(.text._Z9list_swapItEvRT_S1_)
    button::button__sub_object(GPIO_TypeDef*, unsigned int) 0x08006919   Thumb Code    32  joystick.o(.text._ZN6buttonC2EP12GPIO_TypeDefj)
    joystick::EventRegister(void (*)(unsigned short, unsigned short), unsigned short, unsigned short, joystick::EventType, int) 0x08006939   Thumb Code   306  sky_button.o(.text._ZN8joystick13EventRegisterEPFvttEttNS_9EventTypeEi)
    joystick::StickStateUpdate()             0x08006a6d   Thumb Code   124  sky_button.o(.text._ZN8joystick16StickStateUpdateEv)
    joystick::StickStateMachine()            0x08006ae9   Thumb Code   354  sky_button.o(.text._ZN8joystick17StickStateMachineEv)
    joystick::joystick__sub_object()         0x08006c4d   Thumb Code   230  joystick.o(.text._ZN8joystickC2Ev)
    main                                     0x080070e1   Thumb Code   126  main.o(.text.main)
    mypow                                    0x08007161   Thumb Code    48  lcd.o(.text.mypow)
    tim2_callback                            0x08007191   Thumb Code    72  joystick.o(.text.tim2_callback)
    _fp_init                                 0x080071d9   Thumb Code    26  fpinit.o(x$fpl$fpinit)
    __fplib_config_fpu_vfp                   0x080071f1   Thumb Code     0  fpinit.o(x$fpl$fpinit)
    __fplib_config_pureend_doubles           0x080071f1   Thumb Code     0  fpinit.o(x$fpl$fpinit)
    AHBPrescTable                            0x080071f2   Data          16  system_stm32g4xx.o(.rodata.AHBPrescTable)
    APBPrescTable                            0x08007202   Data           8  system_stm32g4xx.o(.rodata.APBPrescTable)
    ascii_1206                               0x08007250   Data        1140  lcd.o(.rodata.ascii_1206)
    ascii_1608                               0x080076c4   Data        1520  lcd.o(.rodata.ascii_1608)
    ascii_2412                               0x08007cb4   Data        4560  lcd.o(.rodata.ascii_2412)
    ascii_3216                               0x08008e84   Data        6080  lcd.o(.rodata.ascii_3216)
    Region$$Table$$Base                      0x0800a644   Number         0  anon$$obj.o(Region$$Table)
    Region$$Table$$Limit                     0x0800a664   Number         0  anon$$obj.o(Region$$Table)
    SHT$$INIT_ARRAY$$Base                    0x0800a664   Number         0  joystick.o(.init_array)
    SHT$$INIT_ARRAY$$Limit                   0x0800a668   Number         0  init_aeabi.o(.init_array)
    SystemCoreClock                          0x20000000   Data           4  system_stm32g4xx.o(.data.SystemCoreClock)
    uwTickFreq                               0x20000004   Data           4  stm32g4xx_hal.o(.data.uwTickFreq)
    uwTickPrio                               0x20000008   Data           4  stm32g4xx_hal.o(.data.uwTickPrio)
    __libspace_start                         0x20000010   Data          96  libspace.o(.bss)
    Stick_L                                  0x20000070   Data        2012  joystick.o(.bss.Stick_L)
    __temporary_stack_top$libspace           0x20000070   Data           0  libspace.o(.bss)
    Stick_R                                  0x2000084c   Data        2012  joystick.o(.bss.Stick_R)
    adc_vals                                 0x20001030   Data           8  joystick.o(.bss.adc_vals)
    button_A                                 0x20001038   Data          44  joystick.o(.bss.button_A)
    button_B                                 0x20001064   Data          44  joystick.o(.bss.button_B)
    button_BACK                              0x20001090   Data          44  joystick.o(.bss.button_BACK)
    button_CLEAR                             0x200010bc   Data          44  joystick.o(.bss.button_CLEAR)
    button_DOWN                              0x200010e8   Data          44  joystick.o(.bss.button_DOWN)
    button_HOME                              0x20001114   Data          44  joystick.o(.bss.button_HOME)
    button_LB                                0x20001140   Data          44  joystick.o(.bss.button_LB)
    button_LEFT                              0x2000116c   Data          44  joystick.o(.bss.button_LEFT)
    button_LS                                0x20001198   Data          44  joystick.o(.bss.button_LS)
    button_LT                                0x200011c4   Data          44  joystick.o(.bss.button_LT)
    button_RB                                0x200011f0   Data          44  joystick.o(.bss.button_RB)
    button_RIGHT                             0x2000121c   Data          44  joystick.o(.bss.button_RIGHT)
    button_RS                                0x20001248   Data          44  joystick.o(.bss.button_RS)
    button_RT                                0x20001274   Data          44  joystick.o(.bss.button_RT)
    button_START                             0x200012a0   Data          44  joystick.o(.bss.button_START)
    button_THRBO                             0x200012cc   Data          44  joystick.o(.bss.button_THRBO)
    button_UP                                0x200012f8   Data          44  joystick.o(.bss.button_UP)
    button_X                                 0x20001324   Data          44  joystick.o(.bss.button_X)
    button_Y                                 0x20001350   Data          44  joystick.o(.bss.button_Y)
    hadc1                                    0x2000137c   Data         108  adc.o(.bss.hadc1)
    hdma_adc1                                0x200013e8   Data          96  adc.o(.bss.hdma_adc1)
    hpcd_USB_FS                              0x20001448   Data         732  usb.o(.bss.hpcd_USB_FS)
    sticktest                                0x20001724   Data        2012  joystick.o(.bss.sticktest)
    uwTick                                   0x20001f00   Data           4  stm32g4xx_hal.o(.bss.uwTick)



==============================================================================

Memory Map of the image

  Image Entry point : 0x080001d9

  Load Region LR_IROM1 (Base: 0x08000000, Size: 0x0000a678, Max: 0x0001c000, ABSOLUTE)

    Execution Region ER_IROM1 (Exec base: 0x08000000, Load base: 0x08000000, Size: 0x0000a668, Max: 0x0001c000, ABSOLUTE)

    Exec Addr    Load Addr    Size         Type   Attr      Idx    E Section Name        Object

    0x08000000   0x08000000   0x000001d8   Data   RO            3    RESET               startup_stm32g431xx.o
    0x080001d8   0x080001d8   0x00000008   Code   RO         1908  * !!!main             c_w.l(__main.o)
    0x080001e0   0x080001e0   0x0000005c   Code   RO         2083    !!!scatter          c_w.l(__scatter.o)
    0x0800023c   0x0800023c   0x0000001a   Code   RO         2087    !!handler_copy      c_w.l(__scatter_copy.o)
    0x08000256   0x08000256   0x00000002   PAD
    0x08000258   0x08000258   0x00000002   Code   RO         2084    !!handler_null      c_w.l(__scatter.o)
    0x0800025a   0x0800025a   0x00000002   PAD
    0x0800025c   0x0800025c   0x0000001c   Code   RO         2089    !!handler_zi        c_w.l(__scatter_zi.o)
    0x08000278   0x08000278   0x00000002   Code   RO         2000    .ARM.Collect$$libinit$$00000000  c_w.l(libinit.o)
    0x0800027a   0x0800027a   0x00000004   Code   RO         1917    .ARM.Collect$$libinit$$00000001  c_w.l(libinit2.o)
    0x0800027e   0x0800027e   0x00000000   Code   RO         1920    .ARM.Collect$$libinit$$00000004  c_w.l(libinit2.o)
    0x0800027e   0x0800027e   0x00000000   Code   RO         1922    .ARM.Collect$$libinit$$00000006  c_w.l(libinit2.o)
    0x0800027e   0x0800027e   0x00000000   Code   RO         1925    .ARM.Collect$$libinit$$0000000C  c_w.l(libinit2.o)
    0x0800027e   0x0800027e   0x00000000   Code   RO         1927    .ARM.Collect$$libinit$$0000000E  c_w.l(libinit2.o)
    0x0800027e   0x0800027e   0x00000000   Code   RO         1929    .ARM.Collect$$libinit$$00000010  c_w.l(libinit2.o)
    0x0800027e   0x0800027e   0x00000000   Code   RO         1932    .ARM.Collect$$libinit$$00000013  c_w.l(libinit2.o)
    0x0800027e   0x0800027e   0x00000000   Code   RO         1934    .ARM.Collect$$libinit$$00000015  c_w.l(libinit2.o)
    0x0800027e   0x0800027e   0x00000000   Code   RO         1936    .ARM.Collect$$libinit$$00000017  c_w.l(libinit2.o)
    0x0800027e   0x0800027e   0x00000000   Code   RO         1938    .ARM.Collect$$libinit$$00000019  c_w.l(libinit2.o)
    0x0800027e   0x0800027e   0x00000000   Code   RO         1940    .ARM.Collect$$libinit$$0000001B  c_w.l(libinit2.o)
    0x0800027e   0x0800027e   0x00000000   Code   RO         1942    .ARM.Collect$$libinit$$0000001D  c_w.l(libinit2.o)
    0x0800027e   0x0800027e   0x00000000   Code   RO         1944    .ARM.Collect$$libinit$$0000001F  c_w.l(libinit2.o)
    0x0800027e   0x0800027e   0x00000000   Code   RO         1946    .ARM.Collect$$libinit$$00000021  c_w.l(libinit2.o)
    0x0800027e   0x0800027e   0x00000000   Code   RO         1948    .ARM.Collect$$libinit$$00000023  c_w.l(libinit2.o)
    0x0800027e   0x0800027e   0x00000000   Code   RO         1950    .ARM.Collect$$libinit$$00000025  c_w.l(libinit2.o)
    0x0800027e   0x0800027e   0x00000000   Code   RO         1952    .ARM.Collect$$libinit$$00000027  c_w.l(libinit2.o)
    0x0800027e   0x0800027e   0x00000000   Code   RO         1956    .ARM.Collect$$libinit$$0000002E  c_w.l(libinit2.o)
    0x0800027e   0x0800027e   0x00000000   Code   RO         1958    .ARM.Collect$$libinit$$00000030  c_w.l(libinit2.o)
    0x0800027e   0x0800027e   0x00000000   Code   RO         1960    .ARM.Collect$$libinit$$00000032  c_w.l(libinit2.o)
    0x0800027e   0x0800027e   0x00000004   Code   RO         1961    .ARM.Collect$$libinit$$00000033  c_w.l(libinit2.o)
    0x08000282   0x08000282   0x00000000   Code   RO         1962    .ARM.Collect$$libinit$$00000034  c_w.l(libinit2.o)
    0x08000282   0x08000282   0x00000002   Code   RO         1963    .ARM.Collect$$libinit$$00000035  c_w.l(libinit2.o)
    0x08000284   0x08000284   0x00000002   Code   RO         2042    .ARM.Collect$$libshutdown$$00000000  c_w.l(libshutdown.o)
    0x08000286   0x08000286   0x00000000   Code   RO         2050    .ARM.Collect$$libshutdown$$00000002  c_w.l(libshutdown2.o)
    0x08000286   0x08000286   0x00000000   Code   RO         2052    .ARM.Collect$$libshutdown$$00000004  c_w.l(libshutdown2.o)
    0x08000286   0x08000286   0x00000000   Code   RO         2055    .ARM.Collect$$libshutdown$$00000007  c_w.l(libshutdown2.o)
    0x08000286   0x08000286   0x00000000   Code   RO         2058    .ARM.Collect$$libshutdown$$0000000A  c_w.l(libshutdown2.o)
    0x08000286   0x08000286   0x00000000   Code   RO         2060    .ARM.Collect$$libshutdown$$0000000C  c_w.l(libshutdown2.o)
    0x08000286   0x08000286   0x00000000   Code   RO         2063    .ARM.Collect$$libshutdown$$0000000F  c_w.l(libshutdown2.o)
    0x08000286   0x08000286   0x00000002   Code   RO         2064    .ARM.Collect$$libshutdown$$00000010  c_w.l(libshutdown2.o)
    0x08000288   0x08000288   0x00000000   Code   RO         1916    .ARM.Collect$$rtentry$$00000000  c_w.l(__rtentry.o)
    0x08000288   0x08000288   0x00000000   Code   RO         1969    .ARM.Collect$$rtentry$$00000002  c_w.l(__rtentry2.o)
    0x08000288   0x08000288   0x00000006   Code   RO         1981    .ARM.Collect$$rtentry$$00000004  c_w.l(__rtentry4.o)
    0x0800028e   0x0800028e   0x00000000   Code   RO         1971    .ARM.Collect$$rtentry$$00000009  c_w.l(__rtentry2.o)
    0x0800028e   0x0800028e   0x00000004   Code   RO         1972    .ARM.Collect$$rtentry$$0000000A  c_w.l(__rtentry2.o)
    0x08000292   0x08000292   0x00000000   Code   RO         1974    .ARM.Collect$$rtentry$$0000000C  c_w.l(__rtentry2.o)
    0x08000292   0x08000292   0x00000008   Code   RO         1975    .ARM.Collect$$rtentry$$0000000D  c_w.l(__rtentry2.o)
    0x0800029a   0x0800029a   0x00000002   Code   RO         2008    .ARM.Collect$$rtexit$$00000000  c_w.l(rtexit.o)
    0x0800029c   0x0800029c   0x00000000   Code   RO         2020    .ARM.Collect$$rtexit$$00000002  c_w.l(rtexit2.o)
    0x0800029c   0x0800029c   0x00000004   Code   RO         2021    .ARM.Collect$$rtexit$$00000003  c_w.l(rtexit2.o)
    0x080002a0   0x080002a0   0x00000006   Code   RO         2022    .ARM.Collect$$rtexit$$00000004  c_w.l(rtexit2.o)
    0x080002a6   0x080002a6   0x00000002   PAD
    0x080002a8   0x080002a8   0x00000040   Code   RO            4    .text               startup_stm32g431xx.o
    0x080002e8   0x080002e8   0x0000004e   Code   RO         1904    .text               c_w.l(rt_memclr_w.o)
    0x08000336   0x08000336   0x00000006   Code   RO         1906    .text               c_w.l(heapauxi.o)
    0x0800033c   0x0800033c   0x0000002c   Code   RO         1913    .text               c_w.l(init_aeabi.o)
    0x08000368   0x08000368   0x0000004a   Code   RO         1987    .text               c_w.l(sys_stackheap_outer.o)
    0x080003b2   0x080003b2   0x00000012   Code   RO         1989    .text               c_w.l(exit.o)
    0x080003c4   0x080003c4   0x00000008   Code   RO         2005    .text               c_w.l(libspace.o)
    0x080003cc   0x080003cc   0x00000002   Code   RO         2016    .text               c_w.l(use_no_semi.o)
    0x080003ce   0x080003ce   0x00000000   Code   RO         2018    .text               c_w.l(indicate_semi.o)
    0x080003ce   0x080003ce   0x00000002   PAD
    0x080003d0   0x080003d0   0x0000000c   Code   RO         2032    .text               c_w.l(sys_exit.o)
    0x080003dc   0x080003dc   0x000000d4   Code   RO          615    .text.ADC_DMAConvCplt  stm32g4xx_hal_adc.o
    0x080004b0   0x080004b0   0x0000002a   Code   RO          619    .text.ADC_DMAError  stm32g4xx_hal_adc.o
    0x080004da   0x080004da   0x00000002   PAD
    0x080004dc   0x080004dc   0x00000016   Code   RO          617    .text.ADC_DMAHalfConvCplt  stm32g4xx_hal_adc.o
    0x080004f2   0x080004f2   0x00000002   PAD
    0x080004f4   0x080004f4   0x000000c4   Code   RO          587    .text.ADC_Disable   stm32g4xx_hal_adc.o
    0x080005b8   0x080005b8   0x00000110   Code   RO          595    .text.ADC_Enable    stm32g4xx_hal_adc.o
    0x080006c8   0x080006c8   0x00000004   Code   RO          186    .text.BusFault_Handler  stm32g4xx_it.o
    0x080006cc   0x080006cc   0x00000010   Code   RO          198    .text.DMA1_Channel1_IRQHandler  stm32g4xx_it.o
    0x080006dc   0x080006dc   0x00000074   Code   RO         1194    .text.DMA_CalcDMAMUXChannelBaseAndMask  stm32g4xx_hal_dma.o
    0x08000750   0x08000750   0x0000003c   Code   RO         1196    .text.DMA_CalcDMAMUXRequestGenBaseAndMask  stm32g4xx_hal_dma.o
    0x0800078c   0x0800078c   0x0000006e   Code   RO         1202    .text.DMA_SetConfig  stm32g4xx_hal_dma.o
    0x080007fa   0x080007fa   0x00000002   PAD
    0x080007fc   0x080007fc   0x00000002   Code   RO          192    .text.DebugMon_Handler  stm32g4xx_it.o
    0x080007fe   0x080007fe   0x00000002   PAD
    0x08000800   0x08000800   0x0000000e   Code   RO           27    .text.Error_Handler  main.o
    0x0800080e   0x0800080e   0x00000002   PAD
    0x08000810   0x08000810   0x000000e0   Code   RO          710    .text.HAL_ADCEx_Calibration_Start  stm32g4xx_hal_adc_ex.o
    0x080008f0   0x080008f0   0x00000176   Code   RO          800    .text.HAL_ADCEx_MultiModeConfigChannel  stm32g4xx_hal_adc_ex.o
    0x08000a66   0x08000a66   0x00000002   PAD
    0x08000a68   0x08000a68   0x000007e8   Code   RO          641    .text.HAL_ADC_ConfigChannel  stm32g4xx_hal_adc.o
    0x08001250   0x08001250   0x00000008   Code   RO          631    .text.HAL_ADC_ConvCpltCallback  stm32g4xx_hal_adc.o
    0x08001258   0x08001258   0x00000008   Code   RO          639    .text.HAL_ADC_ConvHalfCpltCallback  stm32g4xx_hal_adc.o
    0x08001260   0x08001260   0x00000008   Code   RO          637    .text.HAL_ADC_ErrorCallback  stm32g4xx_hal_adc.o
    0x08001268   0x08001268   0x00000318   Code   RO          563    .text.HAL_ADC_Init  stm32g4xx_hal_adc.o
    0x08001580   0x08001580   0x0000012e   Code   RO           54    .text.HAL_ADC_MspInit  adc.o
    0x080016ae   0x080016ae   0x00000002   PAD
    0x080016b0   0x080016b0   0x000001cc   Code   RO          591    .text.HAL_ADC_Start  stm32g4xx_hal_adc.o
    0x0800187c   0x0800187c   0x0000019c   Code   RO          613    .text.HAL_ADC_Start_DMA  stm32g4xx_hal_adc.o
    0x08001a18   0x08001a18   0x00000156   Code   RO         1212    .text.HAL_DMA_IRQHandler  stm32g4xx_hal_dma.o
    0x08001b6e   0x08001b6e   0x00000002   PAD
    0x08001b70   0x08001b70   0x00000156   Code   RO         1192    .text.HAL_DMA_Init  stm32g4xx_hal_dma.o
    0x08001cc6   0x08001cc6   0x00000002   PAD
    0x08001cc8   0x08001cc8   0x000000fc   Code   RO         1204    .text.HAL_DMA_Start_IT  stm32g4xx_hal_dma.o
    0x08001dc4   0x08001dc4   0x00000042   Code   RO          896    .text.HAL_Delay     stm32g4xx_hal.o
    0x08001e06   0x08001e06   0x00000002   PAD
    0x08001e08   0x08001e08   0x00000368   Code   RO         1144    .text.HAL_GPIO_Init  stm32g4xx_hal_gpio.o
    0x08002170   0x08002170   0x0000000c   Code   RO          888    .text.HAL_GetTick   stm32g4xx_hal.o
    0x0800217c   0x0800217c   0x0000001a   Code   RO          886    .text.HAL_IncTick   stm32g4xx_hal.o
    0x08002196   0x08002196   0x00000002   PAD
    0x08002198   0x08002198   0x00000030   Code   RO          876    .text.HAL_Init      stm32g4xx_hal.o
    0x080021c8   0x080021c8   0x00000088   Code   RO          878    .text.HAL_InitTick  stm32g4xx_hal.o
    0x08002250   0x08002250   0x00000052   Code   RO          209    .text.HAL_MspInit   stm32g4xx_hal_msp.o
    0x080022a2   0x080022a2   0x00000002   PAD
    0x080022a4   0x080022a4   0x00000014   Code   RO         1378    .text.HAL_NVIC_EnableIRQ  stm32g4xx_hal_cortex.o
    0x080022b8   0x080022b8   0x0000002e   Code   RO         1370    .text.HAL_NVIC_SetPriority  stm32g4xx_hal_cortex.o
    0x080022e6   0x080022e6   0x00000002   PAD
    0x080022e8   0x080022e8   0x00000010   Code   RO         1366    .text.HAL_NVIC_SetPriorityGrouping  stm32g4xx_hal_cortex.o
    0x080022f8   0x080022f8   0x0000003a   Code   RO         1839    .text.HAL_PCDEx_ActivateLPM  stm32g4xx_hal_pcd_ex.o
    0x08002332   0x08002332   0x00000002   PAD
    0x08002334   0x08002334   0x00000194   Code   RO         1750    .text.HAL_PCD_Init  stm32g4xx_hal_pcd.o
    0x080024c8   0x080024c8   0x0000005e   Code   RO          168    .text.HAL_PCD_MspInit  usb.o
    0x08002526   0x08002526   0x00000002   PAD
    0x08002528   0x08002528   0x000001b4   Code   RO         1287    .text.HAL_PWREx_ControlVoltageScaling  stm32g4xx_hal_pwr_ex.o
    0x080026dc   0x080026dc   0x00000012   Code   RO         1357    .text.HAL_PWREx_DisableUCPDDeadBattery  stm32g4xx_hal_pwr_ex.o
    0x080026ee   0x080026ee   0x00000002   PAD
    0x080026f0   0x080026f0   0x0000045a   Code   RO         1001    .text.HAL_RCCEx_PeriphCLKConfig  stm32g4xx_hal_rcc_ex.o
    0x08002b4a   0x08002b4a   0x00000002   PAD
    0x08002b4c   0x08002b4c   0x00000326   Code   RO          966    .text.HAL_RCC_ClockConfig  stm32g4xx_hal_rcc.o
    0x08002e72   0x08002e72   0x00000002   PAD
    0x08002e74   0x08002e74   0x000000fc   Code   RO          970    .text.HAL_RCC_GetSysClockFreq  stm32g4xx_hal_rcc.o
    0x08002f70   0x08002f70   0x000007b6   Code   RO          964    .text.HAL_RCC_OscConfig  stm32g4xx_hal_rcc.o
    0x08003726   0x08003726   0x00000002   PAD
    0x08003728   0x08003728   0x00000010   Code   RO          940    .text.HAL_SYSCFG_DisableVREFBUF  stm32g4xx_hal.o
    0x08003738   0x08003738   0x0000001a   Code   RO          934    .text.HAL_SYSCFG_VREFBUF_HighImpedanceConfig  stm32g4xx_hal.o
    0x08003752   0x08003752   0x00000002   PAD
    0x08003754   0x08003754   0x00000010   Code   RO         1390    .text.HAL_SYSTICK_Config  stm32g4xx_hal_cortex.o
    0x08003764   0x08003764   0x00000004   Code   RO          182    .text.HardFault_Handler  stm32g4xx_it.o
    0x08003768   0x08003768   0x0000005a   Code   RO          409    .text.LCD_Address_Set  lcd_init.o
    0x080037c2   0x080037c2   0x00000002   PAD
    0x080037c4   0x080037c4   0x0000002c   Code   RO          358    .text.LCD_DrawPoint  lcd.o
    0x080037f0   0x080037f0   0x00000090   Code   RO          356    .text.LCD_Fill      lcd.o
    0x08003880   0x08003880   0x00000002   Code   RO          389    .text.LCD_GPIO_Init  lcd_init.o
    0x08003882   0x08003882   0x00000002   PAD
    0x08003884   0x08003884   0x0000027a   Code   RO          411    .text.LCD_Init      lcd_init.o
    0x08003afe   0x08003afe   0x00000002   PAD
    0x08003b00   0x08003b00   0x0000022a   Code   RO          366    .text.LCD_ShowChar  lcd.o
    0x08003d2a   0x08003d2a   0x00000002   PAD
    0x08003d2c   0x08003d2c   0x0000013e   Code   RO          372    .text.LCD_ShowIntNum  lcd.o
    0x08003e6a   0x08003e6a   0x00000002   PAD
    0x08003e6c   0x08003e6c   0x0000001c   Code   RO          401    .text.LCD_WR_DATA   lcd_init.o
    0x08003e88   0x08003e88   0x00000014   Code   RO          399    .text.LCD_WR_DATA8  lcd_init.o
    0x08003e9c   0x08003e9c   0x00000030   Code   RO          403    .text.LCD_WR_REG    lcd_init.o
    0x08003ecc   0x08003ecc   0x00000036   Code   RO          391    .text.LCD_Writ_Bus  lcd_init.o
    0x08003f02   0x08003f02   0x00000002   PAD
    0x08003f04   0x08003f04   0x00000010   Code   RO          415    .text.LCD_delay     lcd_init.o
    0x08003f14   0x08003f14   0x0000001c   Code   RO          701    .text.LL_ADC_Disable  stm32g4xx_hal_adc.o
    0x08003f30   0x08003f30   0x00000018   Code   RO          569    .text.LL_ADC_DisableDeepPowerDown  stm32g4xx_hal_adc.o
    0x08003f48   0x08003f48   0x0000001c   Code   RO          699    .text.LL_ADC_Enable  stm32g4xx_hal_adc.o
    0x08003f64   0x08003f64   0x0000001e   Code   RO          573    .text.LL_ADC_EnableInternalRegulator  stm32g4xx_hal_adc.o
    0x08003f82   0x08003f82   0x00000002   PAD
    0x08003f84   0x08003f84   0x00000010   Code   RO          661    .text.LL_ADC_GetCommonPathInternalCh  stm32g4xx_hal_adc.o
    0x08003f94   0x08003f94   0x00000010   Code   RO          593    .text.LL_ADC_GetMultimode  stm32g4xx_hal_adc.o
    0x08003fa4   0x08003fa4   0x0000001e   Code   RO          655    .text.LL_ADC_GetOffsetChannel  stm32g4xx_hal_adc.o
    0x08003fc2   0x08003fc2   0x00000002   PAD
    0x08003fc4   0x08003fc4   0x00000010   Code   RO          581    .text.LL_ADC_INJ_IsConversionOngoing  stm32g4xx_hal_adc.o
    0x08003fd4   0x08003fd4   0x0000000e   Code   RO          714    .text.LL_ADC_IsCalibrationOnGoing  stm32g4xx_hal_adc_ex.o
    0x08003fe2   0x08003fe2   0x00000002   PAD
    0x08003fe4   0x08003fe4   0x00000010   Code   RO          567    .text.LL_ADC_IsDeepPowerDownEnabled  stm32g4xx_hal_adc.o
    0x08003ff4   0x08003ff4   0x00000010   Code   RO          693    .text.LL_ADC_IsDisableOngoing  stm32g4xx_hal_adc.o
    0x08004004   0x08004004   0x00000010   Code   RO          577    .text.LL_ADC_IsEnabled  stm32g4xx_hal_adc.o
    0x08004014   0x08004014   0x00000010   Code   RO          726    .text.LL_ADC_IsEnabled  stm32g4xx_hal_adc_ex.o
    0x08004024   0x08004024   0x00000010   Code   RO          571    .text.LL_ADC_IsInternalRegulatorEnabled  stm32g4xx_hal_adc.o
    0x08004034   0x08004034   0x00000010   Code   RO          575    .text.LL_ADC_REG_IsConversionOngoing  stm32g4xx_hal_adc.o
    0x08004044   0x08004044   0x00000010   Code   RO          722    .text.LL_ADC_REG_IsConversionOngoing  stm32g4xx_hal_adc_ex.o
    0x08004054   0x08004054   0x00000016   Code   RO          605    .text.LL_ADC_REG_IsTriggerSourceSWStart  stm32g4xx_hal_adc.o
    0x0800406a   0x0800406a   0x00000002   PAD
    0x0800406c   0x0800406c   0x0000003a   Code   RO          643    .text.LL_ADC_REG_SetSequencerRanks  stm32g4xx_hal_adc.o
    0x080040a6   0x080040a6   0x00000002   PAD
    0x080040a8   0x080040a8   0x0000001c   Code   RO          597    .text.LL_ADC_REG_StartConversion  stm32g4xx_hal_adc.o
    0x080040c4   0x080040c4   0x00000036   Code   RO          645    .text.LL_ADC_SetChannelSamplingTime  stm32g4xx_hal_adc.o
    0x080040fa   0x080040fa   0x00000002   PAD
    0x080040fc   0x080040fc   0x00000034   Code   RO          659    .text.LL_ADC_SetChannelSingleDiff  stm32g4xx_hal_adc.o
    0x08004130   0x08004130   0x0000001a   Code   RO          579    .text.LL_ADC_SetCommonClock  stm32g4xx_hal_adc.o
    0x0800414a   0x0800414a   0x00000002   PAD
    0x0800414c   0x0800414c   0x0000001a   Code   RO          663    .text.LL_ADC_SetCommonPathInternalCh  stm32g4xx_hal_adc.o
    0x08004166   0x08004166   0x00000002   PAD
    0x08004168   0x08004168   0x0000003c   Code   RO          649    .text.LL_ADC_SetOffset  stm32g4xx_hal_adc.o
    0x080041a4   0x080041a4   0x00000028   Code   RO          653    .text.LL_ADC_SetOffsetSaturation  stm32g4xx_hal_adc.o
    0x080041cc   0x080041cc   0x00000028   Code   RO          651    .text.LL_ADC_SetOffsetSign  stm32g4xx_hal_adc.o
    0x080041f4   0x080041f4   0x00000028   Code   RO          657    .text.LL_ADC_SetOffsetState  stm32g4xx_hal_adc.o
    0x0800421c   0x0800421c   0x0000001a   Code   RO          647    .text.LL_ADC_SetSamplingTimeCommonConfig  stm32g4xx_hal_adc.o
    0x08004236   0x08004236   0x00000002   PAD
    0x08004238   0x08004238   0x00000028   Code   RO          712    .text.LL_ADC_StartCalibration  stm32g4xx_hal_adc_ex.o
    0x08004260   0x08004260   0x00000022   Code   RO           39    .text.LL_AHB2_GRP1_EnableClock  gpio.o
    0x08004282   0x08004282   0x00000002   PAD
    0x08004284   0x08004284   0x00000022   Code   RO           79    .text.LL_AHB2_GRP1_EnableClock  spi.o
    0x080042a6   0x080042a6   0x00000002   PAD
    0x080042a8   0x080042a8   0x00000022   Code   RO          116    .text.LL_AHB2_GRP1_EnableClock  tim.o
    0x080042ca   0x080042ca   0x00000002   PAD
    0x080042cc   0x080042cc   0x00000022   Code   RO          143    .text.LL_AHB2_GRP1_EnableClock  usart.o
    0x080042ee   0x080042ee   0x00000002   PAD
    0x080042f0   0x080042f0   0x00000022   Code   RO           87    .text.LL_APB1_GRP1_EnableClock  spi.o
    0x08004312   0x08004312   0x00000002   PAD
    0x08004314   0x08004314   0x00000022   Code   RO          120    .text.LL_APB1_GRP1_EnableClock  tim.o
    0x08004336   0x08004336   0x00000002   PAD
    0x08004338   0x08004338   0x00000022   Code   RO           77    .text.LL_APB2_GRP1_EnableClock  spi.o
    0x0800435a   0x0800435a   0x00000002   PAD
    0x0800435c   0x0800435c   0x00000022   Code   RO          100    .text.LL_APB2_GRP1_EnableClock  tim.o
    0x0800437e   0x0800437e   0x00000002   PAD
    0x08004380   0x08004380   0x00000022   Code   RO          141    .text.LL_APB2_GRP1_EnableClock  usart.o
    0x080043a2   0x080043a2   0x00000002   PAD
    0x080043a4   0x080043a4   0x000000dc   Code   RO          540    .text.LL_GPIO_Init  stm32g4xx_ll_gpio.o
    0x08004480   0x08004480   0x00000010   Code   RO           41    .text.LL_GPIO_ResetOutputPin  gpio.o
    0x08004490   0x08004490   0x00000010   Code   RO          405    .text.LL_GPIO_ResetOutputPin  lcd_init.o
    0x080044a0   0x080044a0   0x0000007c   Code   RO          548    .text.LL_GPIO_SetAFPin_0_7  stm32g4xx_ll_gpio.o
    0x0800451c   0x0800451c   0x00000080   Code   RO          550    .text.LL_GPIO_SetAFPin_8_15  stm32g4xx_ll_gpio.o
    0x0800459c   0x0800459c   0x00000010   Code   RO           43    .text.LL_GPIO_SetOutputPin  gpio.o
    0x080045ac   0x080045ac   0x00000010   Code   RO          407    .text.LL_GPIO_SetOutputPin  lcd_init.o
    0x080045bc   0x080045bc   0x0000007c   Code   RO          552    .text.LL_GPIO_SetPinMode  stm32g4xx_ll_gpio.o
    0x08004638   0x08004638   0x0000001e   Code   RO          544    .text.LL_GPIO_SetPinOutputType  stm32g4xx_ll_gpio.o
    0x08004656   0x08004656   0x00000002   PAD
    0x08004658   0x08004658   0x0000007c   Code   RO          546    .text.LL_GPIO_SetPinPull  stm32g4xx_ll_gpio.o
    0x080046d4   0x080046d4   0x0000007c   Code   RO          542    .text.LL_GPIO_SetPinSpeed  stm32g4xx_ll_gpio.o
    0x08004750   0x08004750   0x00000010   Code   RO         1733    .text.LL_RCC_GetAHBPrescaler  stm32g4xx_ll_rcc.o
    0x08004760   0x08004760   0x00000010   Code   RO         1735    .text.LL_RCC_GetAPB1Prescaler  stm32g4xx_ll_rcc.o
    0x08004770   0x08004770   0x00000010   Code   RO         1737    .text.LL_RCC_GetAPB2Prescaler  stm32g4xx_ll_rcc.o
    0x08004780   0x08004780   0x00000010   Code   RO         1647    .text.LL_RCC_GetSysClkSource  stm32g4xx_ll_rcc.o
    0x08004790   0x08004790   0x00000094   Code   RO         1669    .text.LL_RCC_GetUARTClockFreq  stm32g4xx_ll_rcc.o
    0x08004824   0x08004824   0x0000001a   Code   RO         1671    .text.LL_RCC_GetUARTClockSource  stm32g4xx_ll_rcc.o
    0x0800483e   0x0800483e   0x00000002   PAD
    0x08004840   0x08004840   0x00000172   Code   RO         1663    .text.LL_RCC_GetUSARTClockFreq  stm32g4xx_ll_rcc.o
    0x080049b2   0x080049b2   0x00000002   PAD
    0x080049b4   0x080049b4   0x0000001a   Code   RO         1665    .text.LL_RCC_GetUSARTClockSource  stm32g4xx_ll_rcc.o
    0x080049ce   0x080049ce   0x00000002   PAD
    0x080049d0   0x080049d0   0x00000010   Code   RO         1643    .text.LL_RCC_HSI_IsReady  stm32g4xx_ll_rcc.o
    0x080049e0   0x080049e0   0x00000010   Code   RO         1667    .text.LL_RCC_LSE_IsReady  stm32g4xx_ll_rcc.o
    0x080049f0   0x080049f0   0x00000010   Code   RO         1729    .text.LL_RCC_PLL_GetDivider  stm32g4xx_ll_rcc.o
    0x08004a00   0x08004a00   0x00000010   Code   RO         1725    .text.LL_RCC_PLL_GetMainSource  stm32g4xx_ll_rcc.o
    0x08004a10   0x08004a10   0x00000010   Code   RO         1727    .text.LL_RCC_PLL_GetN  stm32g4xx_ll_rcc.o
    0x08004a20   0x08004a20   0x00000010   Code   RO         1731    .text.LL_RCC_PLL_GetR  stm32g4xx_ll_rcc.o
    0x08004a30   0x08004a30   0x00000012   Code   RO           89    .text.LL_SPI_DisableNSSPulseMgt  spi.o
    0x08004a42   0x08004a42   0x00000002   PAD
    0x08004a44   0x08004a44   0x00000012   Code   RO          413    .text.LL_SPI_Enable  lcd_init.o
    0x08004a56   0x08004a56   0x00000002   PAD
    0x08004a58   0x08004a58   0x00000012   Code   RO           83    .text.LL_SPI_EnableNSSPulseMgt  spi.o
    0x08004a6a   0x08004a6a   0x00000002   PAD
    0x08004a6c   0x08004a6c   0x000000b8   Code   RO         1451    .text.LL_SPI_Init   stm32g4xx_ll_spi.o
    0x08004b24   0x08004b24   0x00000010   Code   RO          393    .text.LL_SPI_IsActiveFlag_TXE  lcd_init.o
    0x08004b34   0x08004b34   0x00000010   Code   RO         1453    .text.LL_SPI_IsEnabled  stm32g4xx_ll_spi.o
    0x08004b44   0x08004b44   0x00000012   Code   RO         1457    .text.LL_SPI_SetCRCPolynomial  stm32g4xx_ll_spi.o
    0x08004b56   0x08004b56   0x00000002   PAD
    0x08004b58   0x08004b58   0x0000001a   Code   RO         1455    .text.LL_SPI_SetRxFIFOThreshold  stm32g4xx_ll_spi.o
    0x08004b72   0x08004b72   0x00000002   PAD
    0x08004b74   0x08004b74   0x0000001a   Code   RO           81    .text.LL_SPI_SetStandard  spi.o
    0x08004b8e   0x08004b8e   0x00000002   PAD
    0x08004b90   0x08004b90   0x0000001a   Code   RO          395    .text.LL_SPI_TransmitData8  lcd_init.o
    0x08004baa   0x08004baa   0x00000002   PAD
    0x08004bac   0x08004bac   0x000000e8   Code   RO         1584    .text.LL_TIM_BDTR_Init  stm32g4xx_ll_tim.o
    0x08004c94   0x08004c94   0x00000012   Code   RO          102    .text.LL_TIM_DisableARRPreload  tim.o
    0x08004ca6   0x08004ca6   0x00000002   PAD
    0x08004ca8   0x08004ca8   0x00000012   Code   RO          114    .text.LL_TIM_DisableMasterSlaveMode  tim.o
    0x08004cba   0x08004cba   0x00000002   PAD
    0x08004cbc   0x08004cbc   0x00000012   Code   RO           23    .text.LL_TIM_EnableCounter  main.o
    0x08004cce   0x08004cce   0x00000002   PAD
    0x08004cd0   0x08004cd0   0x00000012   Code   RO           25    .text.LL_TIM_EnableIT_UPDATE  main.o
    0x08004ce2   0x08004ce2   0x00000002   PAD
    0x08004ce4   0x08004ce4   0x00000012   Code   RO         1540    .text.LL_TIM_GenerateEvent_UPDATE  stm32g4xx_ll_tim.o
    0x08004cf6   0x08004cf6   0x00000002   PAD
    0x08004cf8   0x08004cf8   0x00000174   Code   RO         1532    .text.LL_TIM_Init   stm32g4xx_ll_tim.o
    0x08004e6c   0x08004e6c   0x000000f4   Code   RO          108    .text.LL_TIM_OC_DisableFast  tim.o
    0x08004f60   0x08004f60   0x000000f4   Code   RO          106    .text.LL_TIM_OC_EnablePreload  tim.o
    0x08005054   0x08005054   0x000000a8   Code   RO         1544    .text.LL_TIM_OC_Init  stm32g4xx_ll_tim.o
    0x080050fc   0x080050fc   0x00000010   Code   RO         1586    .text.LL_TIM_OC_SetCompareCH1  stm32g4xx_ll_tim.o
    0x0800510c   0x0800510c   0x00000010   Code   RO         1580    .text.LL_TIM_OC_SetCompareCH2  stm32g4xx_ll_tim.o
    0x0800511c   0x0800511c   0x00000010   Code   RO         1588    .text.LL_TIM_OC_SetCompareCH3  stm32g4xx_ll_tim.o
    0x0800512c   0x0800512c   0x00000010   Code   RO         1590    .text.LL_TIM_OC_SetCompareCH4  stm32g4xx_ll_tim.o
    0x0800513c   0x0800513c   0x00000014   Code   RO         1592    .text.LL_TIM_OC_SetCompareCH5  stm32g4xx_ll_tim.o
    0x08005150   0x08005150   0x00000010   Code   RO         1594    .text.LL_TIM_OC_SetCompareCH6  stm32g4xx_ll_tim.o
    0x08005160   0x08005160   0x00000010   Code   RO         1534    .text.LL_TIM_SetAutoReload  stm32g4xx_ll_tim.o
    0x08005170   0x08005170   0x00000020   Code   RO          104    .text.LL_TIM_SetClockSource  tim.o
    0x08005190   0x08005190   0x00000010   Code   RO         1536    .text.LL_TIM_SetPrescaler  stm32g4xx_ll_tim.o
    0x080051a0   0x080051a0   0x00000010   Code   RO         1538    .text.LL_TIM_SetRepetitionCounter  stm32g4xx_ll_tim.o
    0x080051b0   0x080051b0   0x00000020   Code   RO          110    .text.LL_TIM_SetTriggerOutput  tim.o
    0x080051d0   0x080051d0   0x0000001a   Code   RO          112    .text.LL_TIM_SetTriggerOutput2  tim.o
    0x080051ea   0x080051ea   0x00000002   PAD
    0x080051ec   0x080051ec   0x0000001c   Code   RO          151    .text.LL_USART_ConfigAsyncMode  usart.o
    0x08005208   0x08005208   0x00000012   Code   RO          149    .text.LL_USART_DisableFIFO  usart.o
    0x0800521a   0x0800521a   0x00000002   PAD
    0x0800521c   0x0800521c   0x00000012   Code   RO          153    .text.LL_USART_Enable  usart.o
    0x0800522e   0x0800522e   0x00000002   PAD
    0x08005230   0x08005230   0x0000010c   Code   RO         1613    .text.LL_USART_Init  stm32g4xx_ll_usart.o
    0x0800533c   0x0800533c   0x00000010   Code   RO          157    .text.LL_USART_IsActiveFlag_REACK  usart.o
    0x0800534c   0x0800534c   0x00000010   Code   RO          155    .text.LL_USART_IsActiveFlag_TEACK  usart.o
    0x0800535c   0x0800535c   0x00000010   Code   RO         1615    .text.LL_USART_IsEnabled  stm32g4xx_ll_usart.o
    0x0800536c   0x0800536c   0x000000a0   Code   RO         1621    .text.LL_USART_SetBaudRate  stm32g4xx_ll_usart.o
    0x0800540c   0x0800540c   0x0000001a   Code   RO         1619    .text.LL_USART_SetHWFlowCtrl  stm32g4xx_ll_usart.o
    0x08005426   0x08005426   0x00000002   PAD
    0x08005428   0x08005428   0x0000001c   Code   RO         1623    .text.LL_USART_SetPrescaler  stm32g4xx_ll_usart.o
    0x08005444   0x08005444   0x00000032   Code   RO          147    .text.LL_USART_SetRXFIFOThreshold  usart.o
    0x08005476   0x08005476   0x00000002   PAD
    0x08005478   0x08005478   0x0000001a   Code   RO         1617    .text.LL_USART_SetStopBitsLength  stm32g4xx_ll_usart.o
    0x08005492   0x08005492   0x00000002   PAD
    0x08005494   0x08005494   0x00000032   Code   RO          145    .text.LL_USART_SetTXFIFOThreshold  usart.o
    0x080054c6   0x080054c6   0x00000002   PAD
    0x080054c8   0x080054c8   0x0000012a   Code   RO           52    .text.MX_ADC1_Init  adc.o
    0x080055f2   0x080055f2   0x00000002   PAD
    0x080055f4   0x080055f4   0x00000056   Code   RO           67    .text.MX_DMA_Init   dma.o
    0x0800564a   0x0800564a   0x00000002   PAD
    0x0800564c   0x0800564c   0x000002bc   Code   RO           37    .text.MX_GPIO_Init  gpio.o
    0x08005908   0x08005908   0x000000e8   Code   RO           75    .text.MX_SPI1_Init  spi.o
    0x080059f0   0x080059f0   0x000000cc   Code   RO           85    .text.MX_SPI3_Init  spi.o
    0x08005abc   0x08005abc   0x00000114   Code   RO           98    .text.MX_TIM1_Init  tim.o
    0x08005bd0   0x08005bd0   0x00000072   Code   RO          118    .text.MX_TIM2_Init  tim.o
    0x08005c42   0x08005c42   0x00000002   PAD
    0x08005c44   0x08005c44   0x0000012a   Code   RO          139    .text.MX_USART1_UART_Init  usart.o
    0x08005d6e   0x08005d6e   0x00000002   PAD
    0x08005d70   0x08005d70   0x0000003e   Code   RO          166    .text.MX_USB_PCD_Init  usb.o
    0x08005dae   0x08005dae   0x00000002   PAD
    0x08005db0   0x08005db0   0x00000004   Code   RO          184    .text.MemManage_Handler  stm32g4xx_it.o
    0x08005db4   0x08005db4   0x00000004   Code   RO          180    .text.NMI_Handler   stm32g4xx_it.o
    0x08005db8   0x08005db8   0x0000006c   Code   RO          124    .text.NVIC_EncodePriority  tim.o
    0x08005e24   0x08005e24   0x0000006c   Code   RO         1376    .text.NVIC_EncodePriority  stm32g4xx_hal_cortex.o
    0x08005e90   0x08005e90   0x0000010e   Code   RO         1546    .text.OC1Config     stm32g4xx_ll_tim.o
    0x08005f9e   0x08005f9e   0x00000002   PAD
    0x08005fa0   0x08005fa0   0x00000116   Code   RO         1548    .text.OC2Config     stm32g4xx_ll_tim.o
    0x080060b6   0x080060b6   0x00000002   PAD
    0x080060b8   0x080060b8   0x00000114   Code   RO         1550    .text.OC3Config     stm32g4xx_ll_tim.o
    0x080061cc   0x080061cc   0x00000116   Code   RO         1552    .text.OC4Config     stm32g4xx_ll_tim.o
    0x080062e2   0x080062e2   0x00000002   PAD
    0x080062e4   0x080062e4   0x000000d4   Code   RO         1554    .text.OC5Config     stm32g4xx_ll_tim.o
    0x080063b8   0x080063b8   0x000000d6   Code   RO         1556    .text.OC6Config     stm32g4xx_ll_tim.o
    0x0800648e   0x0800648e   0x00000002   PAD
    0x08006490   0x08006490   0x00000002   Code   RO          194    .text.PendSV_Handler  stm32g4xx_it.o
    0x08006492   0x08006492   0x00000002   PAD
    0x08006494   0x08006494   0x0000002a   Code   RO         1657    .text.RCC_GetHCLKClockFreq  stm32g4xx_ll_rcc.o
    0x080064be   0x080064be   0x00000002   PAD
    0x080064c0   0x080064c0   0x00000028   Code   RO         1659    .text.RCC_GetPCLK1ClockFreq  stm32g4xx_ll_rcc.o
    0x080064e8   0x080064e8   0x00000028   Code   RO         1661    .text.RCC_GetPCLK2ClockFreq  stm32g4xx_ll_rcc.o
    0x08006510   0x08006510   0x0000009c   Code   RO          968    .text.RCC_GetSysClockFreqFromPLLSource  stm32g4xx_hal_rcc.o
    0x080065ac   0x080065ac   0x00000054   Code   RO         1655    .text.RCC_GetSystemClockFreq  stm32g4xx_ll_rcc.o
    0x08006600   0x08006600   0x0000007c   Code   RO         1723    .text.RCC_PLL_GetFreqDomain_SYS  stm32g4xx_ll_rcc.o
    0x0800667c   0x0800667c   0x00000002   Code   RO          190    .text.SVC_Handler   stm32g4xx_it.o
    0x0800667e   0x0800667e   0x00000002   PAD
    0x08006680   0x08006680   0x00000052   Code   RO         1392    .text.SysTick_Config  stm32g4xx_hal_cortex.o
    0x080066d2   0x080066d2   0x00000002   PAD
    0x080066d4   0x080066d4   0x00000008   Code   RO          196    .text.SysTick_Handler  stm32g4xx_it.o
    0x080066dc   0x080066dc   0x00000078   Code   RO           21    .text.SystemClock_Config  main.o
    0x08006754   0x08006754   0x00000012   Code   RO          217    .text.SystemInit    system_stm32g4xx.o
    0x08006766   0x08006766   0x00000002   PAD
    0x08006768   0x08006768   0x00000008   Code   RO          200    .text.TIM2_IRQHandler  stm32g4xx_it.o
    0x08006770   0x08006770   0x00000028   Code   RO         1860    .text.USB_DevInit   stm32g4xx_ll_usb.o
    0x08006798   0x08006798   0x0000001e   Code   RO         1856    .text.USB_DisableGlobalInt  stm32g4xx_ll_usb.o
    0x080067b6   0x080067b6   0x00000002   PAD
    0x080067b8   0x080067b8   0x00000004   Code   RO          188    .text.UsageFault_Handler  stm32g4xx_it.o
    0x080067bc   0x080067bc   0x0000005c   Code   RO          285    .text._GLOBAL__sub_I_joystick.cpp  joystick.o
    0x08006818   0x08006818   0x00000038   Code   RO          277    .text._Z11button_initv  joystick.o
    0x08006850   0x08006850   0x00000010   Code   RO          279    .text._Z18button_update_testv  joystick.o
    0x08006860   0x08006860   0x00000044   Code   RO          275    .text._Z7stickintt  joystick.o
    0x080068a4   0x080068a4   0x0000001e   Code   RO          351    .text._Z9list_swapIPFvttEEvRT_S3_  sky_button.o
    0x080068c2   0x080068c2   0x00000002   PAD
    0x080068c4   0x080068c4   0x0000001e   Code   RO          349    .text._Z9list_swapIiEvRT_S1_  sky_button.o
    0x080068e2   0x080068e2   0x00000002   PAD
    0x080068e4   0x080068e4   0x00000022   Code   RO          353    .text._Z9list_swapItEvRT_S1_  sky_button.o
    0x08006906   0x08006906   0x00000002   PAD
    0x08006908   0x08006908   0x00000010   Code   RO          283    .text._ZL23LL_TIM_ClearFlag_UPDATEP11TIM_TypeDef  joystick.o
    0x08006918   0x08006918   0x00000020   Code   RO          321    .text._ZN6buttonC2EP12GPIO_TypeDefj  joystick.o
    0x08006938   0x08006938   0x00000132   Code   RO          340    .text._ZN8joystick13EventRegisterEPFvttEttNS_9EventTypeEi  sky_button.o
    0x08006a6a   0x08006a6a   0x00000002   PAD
    0x08006a6c   0x08006a6c   0x0000007c   Code   RO          338    .text._ZN8joystick16StickStateUpdateEv  sky_button.o
    0x08006ae8   0x08006ae8   0x00000162   Code   RO          336    .text._ZN8joystick17StickStateMachineEv  sky_button.o
    0x08006c4a   0x08006c4a   0x00000002   PAD
    0x08006c4c   0x08006c4c   0x000000e6   Code   RO          323    .text._ZN8joystickC2Ev  joystick.o
    0x08006d32   0x08006d32   0x00000002   PAD
    0x08006d34   0x08006d34   0x00000030   Code   RO          128    .text.__NVIC_EnableIRQ  tim.o
    0x08006d64   0x08006d64   0x00000030   Code   RO         1380    .text.__NVIC_EnableIRQ  stm32g4xx_hal_cortex.o
    0x08006d94   0x08006d94   0x00000010   Code   RO          126    .text.__NVIC_GetPriorityGrouping  tim.o
    0x08006da4   0x08006da4   0x00000010   Code   RO         1372    .text.__NVIC_GetPriorityGrouping  stm32g4xx_hal_cortex.o
    0x08006db4   0x08006db4   0x00000042   Code   RO          122    .text.__NVIC_SetPriority  tim.o
    0x08006df6   0x08006df6   0x00000002   PAD
    0x08006df8   0x08006df8   0x00000042   Code   RO         1374    .text.__NVIC_SetPriority  stm32g4xx_hal_cortex.o
    0x08006e3a   0x08006e3a   0x00000002   PAD
    0x08006e3c   0x08006e3c   0x0000003c   Code   RO         1368    .text.__NVIC_SetPriorityGrouping  stm32g4xx_hal_cortex.o
    0x08006e78   0x08006e78   0x0000001a   Code   RO          231    .text.__cxx_global_var_init  joystick.o
    0x08006e92   0x08006e92   0x00000002   PAD
    0x08006e94   0x08006e94   0x0000001a   Code   RO          233    .text.__cxx_global_var_init.1  joystick.o
    0x08006eae   0x08006eae   0x00000002   PAD
    0x08006eb0   0x08006eb0   0x00000016   Code   RO          251    .text.__cxx_global_var_init.10  joystick.o
    0x08006ec6   0x08006ec6   0x00000002   PAD
    0x08006ec8   0x08006ec8   0x0000001c   Code   RO          253    .text.__cxx_global_var_init.11  joystick.o
    0x08006ee4   0x08006ee4   0x0000001c   Code   RO          255    .text.__cxx_global_var_init.12  joystick.o
    0x08006f00   0x08006f00   0x0000001a   Code   RO          257    .text.__cxx_global_var_init.13  joystick.o
    0x08006f1a   0x08006f1a   0x00000002   PAD
    0x08006f1c   0x08006f1c   0x0000001a   Code   RO          259    .text.__cxx_global_var_init.14  joystick.o
    0x08006f36   0x08006f36   0x00000002   PAD
    0x08006f38   0x08006f38   0x0000001c   Code   RO          261    .text.__cxx_global_var_init.15  joystick.o
    0x08006f54   0x08006f54   0x0000001c   Code   RO          263    .text.__cxx_global_var_init.16  joystick.o
    0x08006f70   0x08006f70   0x00000018   Code   RO          265    .text.__cxx_global_var_init.17  joystick.o
    0x08006f88   0x08006f88   0x00000018   Code   RO          267    .text.__cxx_global_var_init.18  joystick.o
    0x08006fa0   0x08006fa0   0x00000020   Code   RO          269    .text.__cxx_global_var_init.19  joystick.o
    0x08006fc0   0x08006fc0   0x0000001a   Code   RO          235    .text.__cxx_global_var_init.2  joystick.o
    0x08006fda   0x08006fda   0x00000002   PAD
    0x08006fdc   0x08006fdc   0x00000020   Code   RO          271    .text.__cxx_global_var_init.20  joystick.o
    0x08006ffc   0x08006ffc   0x00000020   Code   RO          273    .text.__cxx_global_var_init.21  joystick.o
    0x0800701c   0x0800701c   0x0000001a   Code   RO          237    .text.__cxx_global_var_init.3  joystick.o
    0x08007036   0x08007036   0x00000002   PAD
    0x08007038   0x08007038   0x00000016   Code   RO          239    .text.__cxx_global_var_init.4  joystick.o
    0x0800704e   0x0800704e   0x00000002   PAD
    0x08007050   0x08007050   0x00000016   Code   RO          241    .text.__cxx_global_var_init.5  joystick.o
    0x08007066   0x08007066   0x00000002   PAD
    0x08007068   0x08007068   0x00000016   Code   RO          243    .text.__cxx_global_var_init.6  joystick.o
    0x0800707e   0x0800707e   0x00000002   PAD
    0x08007080   0x08007080   0x00000016   Code   RO          245    .text.__cxx_global_var_init.7  joystick.o
    0x08007096   0x08007096   0x00000002   PAD
    0x08007098   0x08007098   0x00000016   Code   RO          247    .text.__cxx_global_var_init.8  joystick.o
    0x080070ae   0x080070ae   0x00000002   PAD
    0x080070b0   0x080070b0   0x00000016   Code   RO          249    .text.__cxx_global_var_init.9  joystick.o
    0x080070c6   0x080070c6   0x00000002   PAD
    0x080070c8   0x080070c8   0x00000016   Code   RO          397    .text.delay         lcd_init.o
    0x080070de   0x080070de   0x00000002   PAD
    0x080070e0   0x080070e0   0x0000007e   Code   RO           19    .text.main          main.o
    0x0800715e   0x0800715e   0x00000002   PAD
    0x08007160   0x08007160   0x00000030   Code   RO          370    .text.mypow         lcd.o
    0x08007190   0x08007190   0x00000048   Code   RO          281    .text.tim2_callback  joystick.o
    0x080071d8   0x080071d8   0x0000001a   Code   RO         1985    x$fpl$fpinit        fz_wm.l(fpinit.o)
    0x080071f2   0x080071f2   0x00000010   Data   RO          222    .rodata.AHBPrescTable  system_stm32g4xx.o
    0x08007202   0x08007202   0x00000008   Data   RO          223    .rodata.APBPrescTable  system_stm32g4xx.o
    0x0800720a   0x0800720a   0x0000000a   Data   RO          130    .rodata.OFFSET_TAB_CCMRx  tim.o
    0x08007214   0x08007214   0x0000000a   Data   RO          131    .rodata.SHIFT_TAB_OCxx  tim.o
    0x0800721e   0x0800721e   0x00000002   PAD
    0x08007220   0x08007220   0x00000030   Data   RO         1631    .rodata.USART_PRESCALER_TAB  stm32g4xx_ll_usart.o
    0x08007250   0x08007250   0x00000474   Data   RO          378    .rodata.ascii_1206  lcd.o
    0x080076c4   0x080076c4   0x000005f0   Data   RO          379    .rodata.ascii_1608  lcd.o
    0x08007cb4   0x08007cb4   0x000011d0   Data   RO          380    .rodata.ascii_2412  lcd.o
    0x08008e84   0x08008e84   0x000017c0   Data   RO          381    .rodata.ascii_3216  lcd.o
    0x0800a644   0x0800a644   0x00000020   Data   RO         2082    Region$$Table       anon$$obj.o
    0x0800a664   0x0800a664   0x00000004   Data   RO          314    .init_array         joystick.o
    0x0800a668   0x0800a664   0x00000000   Data   RO         1911    .init_array         c_w.l(init_aeabi.o)


    Execution Region RW_IRAM1 (Exec base: 0x20000000, Load base: 0x0800a668, Size: 0x00002908, Max: 0x00008000, ABSOLUTE)

    Exec Addr    Load Addr    Size         Type   Attr      Idx    E Section Name        Object

    0x20000000   0x0800a668   0x00000004   Data   RW          221    .data.SystemCoreClock  system_stm32g4xx.o
    0x20000004   0x0800a66c   0x00000004   Data   RW          953    .data.uwTickFreq    stm32g4xx_hal.o
    0x20000008   0x0800a670   0x00000004   Data   RW          952    .data.uwTickPrio    stm32g4xx_hal.o
    0x2000000c   0x0800a674   0x00000004   PAD
    0x20000010        -       0x00000060   Zero   RW         2006    .bss                c_w.l(libspace.o)
    0x20000070        -       0x000007dc   Zero   RW          310    .bss.Stick_L        joystick.o
    0x2000084c        -       0x000007dc   Zero   RW          311    .bss.Stick_R        joystick.o
    0x20001028        -       0x00000008   Zero   RW          313    .bss._ZL9test_num1  joystick.o
    0x20001030        -       0x00000008   Zero   RW          290    .bss.adc_vals       joystick.o
    0x20001038        -       0x0000002c   Zero   RW          296    .bss.button_A       joystick.o
    0x20001064        -       0x0000002c   Zero   RW          295    .bss.button_B       joystick.o
    0x20001090        -       0x0000002c   Zero   RW          300    .bss.button_BACK    joystick.o
    0x200010bc        -       0x0000002c   Zero   RW          301    .bss.button_CLEAR   joystick.o
    0x200010e8        -       0x0000002c   Zero   RW          308    .bss.button_DOWN    joystick.o
    0x20001114        -       0x0000002c   Zero   RW          299    .bss.button_HOME    joystick.o
    0x20001140        -       0x0000002c   Zero   RW          304    .bss.button_LB      joystick.o
    0x2000116c        -       0x0000002c   Zero   RW          307    .bss.button_LEFT    joystick.o
    0x20001198        -       0x0000002c   Zero   RW          303    .bss.button_LS      joystick.o
    0x200011c4        -       0x0000002c   Zero   RW          305    .bss.button_LT      joystick.o
    0x200011f0        -       0x0000002c   Zero   RW          292    .bss.button_RB      joystick.o
    0x2000121c        -       0x0000002c   Zero   RW          309    .bss.button_RIGHT   joystick.o
    0x20001248        -       0x0000002c   Zero   RW          302    .bss.button_RS      joystick.o
    0x20001274        -       0x0000002c   Zero   RW          291    .bss.button_RT      joystick.o
    0x200012a0        -       0x0000002c   Zero   RW          297    .bss.button_START   joystick.o
    0x200012cc        -       0x0000002c   Zero   RW          298    .bss.button_THRBO   joystick.o
    0x200012f8        -       0x0000002c   Zero   RW          306    .bss.button_UP      joystick.o
    0x20001324        -       0x0000002c   Zero   RW          294    .bss.button_X       joystick.o
    0x20001350        -       0x0000002c   Zero   RW          293    .bss.button_Y       joystick.o
    0x2000137c        -       0x0000006c   Zero   RW           58    .bss.hadc1          adc.o
    0x200013e8        -       0x00000060   Zero   RW           59    .bss.hdma_adc1      adc.o
    0x20001448        -       0x000002dc   Zero   RW          172    .bss.hpcd_USB_FS    usb.o
    0x20001724        -       0x000007dc   Zero   RW          312    .bss.sticktest      joystick.o
    0x20001f00        -       0x00000004   Zero   RW          954    .bss.uwTick         stm32g4xx_hal.o
    0x20001f04   0x0800a674   0x00000004   PAD
    0x20001f08        -       0x00000200   Zero   RW            2    HEAP                startup_stm32g431xx.o
    0x20002108        -       0x00000800   Zero   RW            1    STACK               startup_stm32g431xx.o


==============================================================================

Image component sizes


      Code (inc. data)   RO Data    RW Data    ZI Data      Debug   Object Name

       600          0          0          0        204       7334   adc.o
        86          0          0          0          0       3269   dma.o
       766          0          0          0          0       2865   gpio.o
      1148          0          4          0       6888       8715   joystick.o
      1108          0      13300          0          0       5267   lcd.o
      1006          0          0          0          0       3192   lcd_init.o
       296          0          0          0          0       2748   main.o
       878          0          0          0          0       5933   sky_button.o
       600          0          0          0          0       3780   spi.o
        64         26        472          0       2560        852   startup_stm32g431xx.o
       330          0          0          8          4       8433   stm32g4xx_hal.o
      5196          0          0          0          0      22047   stm32g4xx_hal_adc.o
       684          0          0          0          0      19457   stm32g4xx_hal_adc_ex.o
       478          0          0          0          0       9423   stm32g4xx_hal_cortex.o
      1222          0          0          0          0       7784   stm32g4xx_hal_dma.o
       872          0          0          0          0       5321   stm32g4xx_hal_gpio.o
        82          0          0          0          0       1652   stm32g4xx_hal_msp.o
       404          0          0          0          0      13718   stm32g4xx_hal_pcd.o
        58          0          0          0          0       5100   stm32g4xx_hal_pcd_ex.o
       454          0          0          0          0       7816   stm32g4xx_hal_pwr_ex.o
      3188          0          0          0          0       9405   stm32g4xx_hal_rcc.o
      1114          0          0          0          0      10916   stm32g4xx_hal_rcc_ex.o
        58          0          0          0          0       1208   stm32g4xx_it.o
       874          0          0          0          0       5139   stm32g4xx_ll_gpio.o
      1060         18          0          0          0      10389   stm32g4xx_ll_rcc.o
       244          0          0          0          0       5102   stm32g4xx_ll_spi.o
      2466          0          0          0          0      10819   stm32g4xx_ll_tim.o
       524          0         48          0          0       5190   stm32g4xx_ll_usart.o
        70          0          0          0          0      11258   stm32g4xx_ll_usb.o
        18          0         24          4          0       2701   system_stm32g4xx.o
      1344          0         20          0          0       9096   tim.o
       562          0          0          0          0       4903   usart.o
       156          0          0          0        732       5026   usb.o

    ----------------------------------------------------------------------
     28220         44      13902         12      10396     235858   Object Totals
         0          0         32          0          0          0   (incl. Generated)
       210          0          2          0          8          0   (incl. Padding)

    ----------------------------------------------------------------------

      Code (inc. data)   RO Data    RW Data    ZI Data      Debug   Library Member Name

         8          0          0          0          0         68   __main.o
         0          0          0          0          0          0   __rtentry.o
        12          0          0          0          0          0   __rtentry2.o
         6          0          0          0          0          0   __rtentry4.o
        94          8          0          0          0          0   __scatter.o
        26          0          0          0          0          0   __scatter_copy.o
        28          0          0          0          0          0   __scatter_zi.o
        18          0          0          0          0         80   exit.o
         6          0          0          0          0        152   heapauxi.o
         0          0          0          0          0          0   indicate_semi.o
        44          8          0          0          0         80   init_aeabi.o
         2          0          0          0          0          0   libinit.o
        10          0          0          0          0          0   libinit2.o
         2          0          0          0          0          0   libshutdown.o
         2          0          0          0          0          0   libshutdown2.o
         8          4          0          0         96         68   libspace.o
        78          0          0          0          0         80   rt_memclr_w.o
         2          0          0          0          0          0   rtexit.o
        10          0          0          0          0          0   rtexit2.o
        12          4          0          0          0         68   sys_exit.o
        74          0          0          0          0         80   sys_stackheap_outer.o
         2          0          0          0          0         68   use_no_semi.o
        26          0          0          0          0        116   fpinit.o

    ----------------------------------------------------------------------
       478         24          0          0         96        860   Library Totals
         8          0          0          0          0          0   (incl. Padding)

    ----------------------------------------------------------------------

      Code (inc. data)   RO Data    RW Data    ZI Data      Debug   Library Name

       444         24          0          0         96        744   c_w.l
        26          0          0          0          0        116   fz_wm.l

    ----------------------------------------------------------------------
       478         24          0          0         96        860   Library Totals

    ----------------------------------------------------------------------

==============================================================================


      Code (inc. data)   RO Data    RW Data    ZI Data      Debug   

     28698         68      13902         12      10492     235906   Grand Totals
     28698         68      13902         12      10492     235906   ELF Image Totals
     28698         68      13902         12          0          0   ROM Totals

==============================================================================

    Total RO  Size (Code + RO Data)                42600 (  41.60kB)
    Total RW  Size (RW Data + ZI Data)             10504 (  10.26kB)
    Total ROM Size (Code + RO Data + RW Data)      42612 (  41.61kB)

==============================================================================

