<html>
<body>
<pre>
<h1>µVision Build Log</h1>
<h2>Tool Versions:</h2>
IDE-Version: ¦ÌVision V5.39.0.0
Copyright (C) 2023 ARM Ltd and ARM Germany GmbH. All rights reserved.
License Information: skybase skybase, skybase, LIC=WHYH9-4V466-Y88FK-ZQKZ8-VXYR1-MPUP4
 
Tool Versions:
Toolchain:       MDK-ARM Plus  Version: 5.39.0.0
Toolchain Path:  C:\Program Files\Keil_v5\ARM\ARMCLANG\Bin
C Compiler:      ArmClang.exe V6.21
Assembler:       Armasm.exe V6.21
Linker/Locator:  ArmLink.exe V6.21
Library Manager: ArmAr.exe V6.21
Hex Converter:   FromElf.exe V6.21
CPU DLL:         SARMCM3.DLL V5.39.0.0
Dialog DLL:      DCM.DLL V1.17.5.0
Target DLL:      CMSIS_AGDI.dll V1.33.16.0
Dialog DLL:      TCM.DLL V1.56.4.0
 
<h2>Project:</h2>
D:\Project\Embedded_project\Stm_pro\joystick_Beitong\MDK-ARM\joystickBeitong.uvprojx
Project File Date:  10/01/2024

<h2>Output:</h2>
*** Using Compiler 'V6.21', folder: 'C:\Program Files\Keil_v5\ARM\ARMCLANG\Bin'
Build target 'joystickBeitong'
compiling gpio.c...
compiling system_stm32g4xx.c...
assembling startup_stm32g431xx.s...
compiling usart.c...
compiling usb.c...
compiling stm32g4xx_it.c...
compiling spi.c...
compiling stm32g4xx_hal_msp.c...
compiling dma.c...
compiling adc.c...
compiling tim.c...
compiling main.c...
compiling lcd.c...
compiling sky_button.cpp...
compiling joystick.cpp...
compiling stm32g4xx_ll_exti.c...
compiling stm32g4xx_ll_utils.c...
compiling stm32g4xx_ll_gpio.c...
compiling stm32g4xx_hal_adc_ex.c...
compiling stm32g4xx_hal.c...
compiling lcd_init.c...
compiling stm32g4xx_hal_adc.c...
compiling stm32g4xx_hal_gpio.c...
compiling stm32g4xx_hal_flash_ramfunc.c...
compiling stm32g4xx_hal_flash_ex.c...
compiling stm32g4xx_hal_exti.c...
compiling stm32g4xx_ll_adc.c...
compiling stm32g4xx_hal_flash.c...
compiling stm32g4xx_hal_rcc.c...
compiling stm32g4xx_hal_rcc_ex.c...
compiling stm32g4xx_hal_dma_ex.c...
compiling stm32g4xx_hal_dma.c...
compiling stm32g4xx_hal_pwr.c...
compiling stm32g4xx_hal_cortex.c...
compiling stm32g4xx_hal_tim.c...
compiling stm32g4xx_hal_pwr_ex.c...
compiling stm32g4xx_ll_spi.c...
compiling stm32g4xx_hal_tim_ex.c...
compiling stm32g4xx_hal_pcd_ex.c...
compiling stm32g4xx_ll_dma.c...
compiling stm32g4xx_ll_rcc.c...
compiling stm32g4xx_ll_usart.c...
compiling stm32g4xx_ll_tim.c...
compiling stm32g4xx_ll_usb.c...
compiling stm32g4xx_hal_pcd.c...
linking...
Program Size: Code=29150 RO-data=602 RW-data=12 ZI-data=10484  
FromELF: creating hex file...
"joystickBeitong\joystickBeitong.axf" - 0 Error(s), 0 Warning(s).

<h2>Software Packages used:</h2>

Package Vendor: ARM
                http://www.keil.com/pack/ARM.CMSIS.5.9.0.pack
                ARM::CMSIS@5.9.0
                CMSIS (Common Microcontroller Software Interface Standard)
   * Component: CORE Version: 5.6.0

Package Vendor: Keil
                https://www.keil.com/pack/Keil.STM32G4xx_DFP.1.5.0.pack
                Keil::STM32G4xx_DFP@1.5.0
                STMicroelectronics STM32G4 Series Device Support, Drivers and Examples

<h2>Collection of Component include folders:</h2>
  ./RTE/_joystickBeitong
  C:/Users/10548/AppData/Local/Arm/Packs/ARM/CMSIS/5.9.0/CMSIS/Core/Include
  C:/Users/10548/AppData/Local/Arm/Packs/Keil/STM32G4xx_DFP/1.5.0/Drivers/CMSIS/Device/ST/STM32G4xx/Include

<h2>Collection of Component Files used:</h2>

   * Component: ARM::CMSIS:CORE@5.6.0
      Include file:  CMSIS/Core/Include/tz_context.h
Build Time Elapsed:  00:00:03
</pre>
</body>
</html>
