Component: Arm Compiler for Embedded 6.21 Tool: armlink [5ec1fa00]

==============================================================================

Section Cross References

    startup_stm32g473xx.o(STACK) refers (Special) to heapauxi.o(.text) for __use_two_region_memory
    startup_stm32g473xx.o(HEAP) refers (Special) to heapauxi.o(.text) for __use_two_region_memory
    startup_stm32g473xx.o(RESET) refers (Special) to heapauxi.o(.text) for __use_two_region_memory
    startup_stm32g473xx.o(RESET) refers to startup_stm32g473xx.o(STACK) for __initial_sp
    startup_stm32g473xx.o(RESET) refers to startup_stm32g473xx.o(.text) for Reset_Handler
    startup_stm32g473xx.o(RESET) refers to stm32g4xx_it.o(.text.NMI_Handler) for NMI_Handler
    startup_stm32g473xx.o(RESET) refers to stm32g4xx_it.o(.text.HardFault_Handler) for HardFault_Handler
    startup_stm32g473xx.o(RESET) refers to stm32g4xx_it.o(.text.MemManage_Handler) for MemManage_Handler
    startup_stm32g473xx.o(RESET) refers to stm32g4xx_it.o(.text.BusFault_Handler) for BusFault_Handler
    startup_stm32g473xx.o(RESET) refers to stm32g4xx_it.o(.text.UsageFault_Handler) for UsageFault_Handler
    startup_stm32g473xx.o(RESET) refers to stm32g4xx_it.o(.text.SVC_Handler) for SVC_Handler
    startup_stm32g473xx.o(RESET) refers to stm32g4xx_it.o(.text.DebugMon_Handler) for DebugMon_Handler
    startup_stm32g473xx.o(RESET) refers to stm32g4xx_it.o(.text.PendSV_Handler) for PendSV_Handler
    startup_stm32g473xx.o(RESET) refers to stm32g4xx_it.o(.text.SysTick_Handler) for SysTick_Handler
    startup_stm32g473xx.o(RESET) refers to stm32g4xx_it.o(.text.DMA1_Channel1_IRQHandler) for DMA1_Channel1_IRQHandler
    startup_stm32g473xx.o(RESET) refers to stm32g4xx_it.o(.text.TIM2_IRQHandler) for TIM2_IRQHandler
    startup_stm32g473xx.o(.text) refers (Special) to heapauxi.o(.text) for __use_two_region_memory
    startup_stm32g473xx.o(.text) refers to system_stm32g4xx.o(.text.SystemInit) for SystemInit
    startup_stm32g473xx.o(.text) refers to __main.o(!!!main) for __main
    startup_stm32g473xx.o(.text) refers to startup_stm32g473xx.o(HEAP) for Heap_Mem
    startup_stm32g473xx.o(.text) refers to startup_stm32g473xx.o(STACK) for Stack_Mem
    maincpp.o(.text.__cxx_global_var_init) refers to maincpp.o(.bss._ZL5bt_id) for bt_id
    maincpp.o(.text.__cxx_global_var_init) refers to maincpp.o(.bss.button_RT) for button_RT
    maincpp.o(.text.__cxx_global_var_init) refers to maincpp.o(.text._ZN6buttonC2EP12GPIO_TypeDefji) for button::button__sub_object(GPIO_TypeDef*, unsigned int, int)
    maincpp.o(.ARM.exidx.text.__cxx_global_var_init) refers to maincpp.o(.text.__cxx_global_var_init) for [Anonymous Symbol]
    maincpp.o(.text.__cxx_global_var_init.1) refers to maincpp.o(.bss._ZL5bt_id) for bt_id
    maincpp.o(.text.__cxx_global_var_init.1) refers to maincpp.o(.bss.button_RB) for button_RB
    maincpp.o(.text.__cxx_global_var_init.1) refers to maincpp.o(.text._ZN6buttonC2EP12GPIO_TypeDefji) for button::button__sub_object(GPIO_TypeDef*, unsigned int, int)
    maincpp.o(.ARM.exidx.text.__cxx_global_var_init.1) refers to maincpp.o(.text.__cxx_global_var_init.1) for [Anonymous Symbol]
    maincpp.o(.text.__cxx_global_var_init.2) refers to maincpp.o(.bss._ZL5bt_id) for bt_id
    maincpp.o(.text.__cxx_global_var_init.2) refers to maincpp.o(.bss.button_Y) for button_Y
    maincpp.o(.text.__cxx_global_var_init.2) refers to maincpp.o(.text._ZN6buttonC2EP12GPIO_TypeDefji) for button::button__sub_object(GPIO_TypeDef*, unsigned int, int)
    maincpp.o(.ARM.exidx.text.__cxx_global_var_init.2) refers to maincpp.o(.text.__cxx_global_var_init.2) for [Anonymous Symbol]
    maincpp.o(.text.__cxx_global_var_init.3) refers to maincpp.o(.bss._ZL5bt_id) for bt_id
    maincpp.o(.text.__cxx_global_var_init.3) refers to maincpp.o(.bss.button_X) for button_X
    maincpp.o(.text.__cxx_global_var_init.3) refers to maincpp.o(.text._ZN6buttonC2EP12GPIO_TypeDefji) for button::button__sub_object(GPIO_TypeDef*, unsigned int, int)
    maincpp.o(.ARM.exidx.text.__cxx_global_var_init.3) refers to maincpp.o(.text.__cxx_global_var_init.3) for [Anonymous Symbol]
    maincpp.o(.text.__cxx_global_var_init.4) refers to maincpp.o(.bss._ZL5bt_id) for bt_id
    maincpp.o(.text.__cxx_global_var_init.4) refers to maincpp.o(.bss.button_B) for button_B
    maincpp.o(.text.__cxx_global_var_init.4) refers to maincpp.o(.text._ZN6buttonC2EP12GPIO_TypeDefji) for button::button__sub_object(GPIO_TypeDef*, unsigned int, int)
    maincpp.o(.ARM.exidx.text.__cxx_global_var_init.4) refers to maincpp.o(.text.__cxx_global_var_init.4) for [Anonymous Symbol]
    maincpp.o(.text.__cxx_global_var_init.5) refers to maincpp.o(.bss._ZL5bt_id) for bt_id
    maincpp.o(.text.__cxx_global_var_init.5) refers to maincpp.o(.bss.button_A) for button_A
    maincpp.o(.text.__cxx_global_var_init.5) refers to maincpp.o(.text._ZN6buttonC2EP12GPIO_TypeDefji) for button::button__sub_object(GPIO_TypeDef*, unsigned int, int)
[...]
    _printf_char_common                      0x080005c3   Thumb Code    32  _printf_char_common.o(.text)
    _snputc                                  0x080005e9   Thumb Code    16  _snputc.o(.text)
    _printf_wctomb                           0x080005f9   Thumb Code   182  _printf_wctomb.o(.text)
    _printf_longlong_dec                     0x080006b5   Thumb Code   108  _printf_longlong_dec.o(.text)
    _printf_longlong_oct                     0x08000731   Thumb Code    68  _printf_oct_int_ll.o(.text)
    _printf_int_oct                          0x08000775   Thumb Code    24  _printf_oct_int_ll.o(.text)
    _printf_ll_oct                           0x0800078d   Thumb Code    12  _printf_oct_int_ll.o(.text)
    _printf_longlong_hex                     0x080007a1   Thumb Code    86  _printf_hex_int_ll_ptr.o(.text)
    _printf_int_hex                          0x080007f7   Thumb Code    28  _printf_hex_int_ll_ptr.o(.text)
    _printf_ll_hex                           0x08000813   Thumb Code    12  _printf_hex_int_ll_ptr.o(.text)
    _printf_hex_ptr                          0x0800081f   Thumb Code    18  _printf_hex_int_ll_ptr.o(.text)
    __printf                                 0x08000835   Thumb Code   388  __printf_flags_ss_wp.o(.text)
    _ll_udiv10                               0x080009bd   Thumb Code   138  lludiv10.o(.text)
    _printf_int_common                       0x08000a47   Thumb Code   178  _printf_intcommon.o(.text)
    _printf_fp_dec_real                      0x08000ca9   Thumb Code   620  _printf_fp_dec.o(.text)
    _printf_fp_hex_real                      0x08000f15   Thumb Code   756  _printf_fp_hex.o(.text)
    _printf_cs_common                        0x08001211   Thumb Code    20  _printf_char.o(.text)
    _printf_char                             0x08001225   Thumb Code    16  _printf_char.o(.text)
    _printf_string                           0x08001235   Thumb Code     8  _printf_char.o(.text)
    _printf_lcs_common                       0x0800123d   Thumb Code    20  _printf_wchar.o(.text)
    _printf_wchar                            0x08001251   Thumb Code    16  _printf_wchar.o(.text)
    _printf_wstring                          0x08001261   Thumb Code     8  _printf_wchar.o(.text)
    _c16rtomb                                0x08001269   Thumb Code    72  _c16rtomb.o(.text)
    _wcrtomb                                 0x08001269   Thumb Code     0  _c16rtomb.o(.text)
    __user_libspace                          0x080012b1   Thumb Code     8  libspace.o(.text)
    __user_perproc_libspace                  0x080012b1   Thumb Code     0  libspace.o(.text)
    __user_perthread_libspace                0x080012b1   Thumb Code     0  libspace.o(.text)
    __user_setup_stackheap                   0x080012b9   Thumb Code    74  sys_stackheap_outer.o(.text)
    __rt_ctype_table                         0x08001305   Thumb Code    16  rt_ctype_table.o(.text)
    __rt_locale                              0x08001315   Thumb Code     8  rt_locale_intlibspace.o(.text)
    _printf_fp_infnan                        0x0800131d   Thumb Code   112  _printf_fp_infnan.o(.text)
    _btod_etento                             0x0800139d   Thumb Code   224  bigflt0.o(.text)
    exit                                     0x08001481   Thumb Code    18  exit.o(.text)
    _sys_exit                                0x08001495   Thumb Code     8  sys_exit.o(.text)
    __I$use$semihosting                      0x080014a1   Thumb Code     0  use_no_semi.o(.text)
    __use_no_semihosting_swi                 0x080014a1   Thumb Code     2  use_no_semi.o(.text)
    __semihosting_library_function           0x080014a3   Thumb Code     0  indicate_semi.o(.text)
    strcmp                                   0x080014a9   Thumb Code   124  strcmpv7em.o(.text)
    ADC_DMAConvCplt                          0x08001525   Thumb Code   212  stm32g4xx_hal_adc.o(.text.ADC_DMAConvCplt)
    ADC_DMAError                             0x080015f9   Thumb Code    42  stm32g4xx_hal_adc.o(.text.ADC_DMAError)
    ADC_DMAHalfConvCplt                      0x08001625   Thumb Code    22  stm32g4xx_hal_adc.o(.text.ADC_DMAHalfConvCplt)
    ADC_Disable                              0x0800163d   Thumb Code   196  stm32g4xx_hal_adc.o(.text.ADC_Disable)
    ADC_Enable                               0x08001701   Thumb Code   332  stm32g4xx_hal_adc.o(.text.ADC_Enable)
    BusFault_Handler                         0x0800184d   Thumb Code     4  stm32g4xx_it.o(.text.BusFault_Handler)
    DMA1_Channel1_IRQHandler                 0x08001851   Thumb Code    16  stm32g4xx_it.o(.text.DMA1_Channel1_IRQHandler)
    DebugMon_Handler                         0x08001981   Thumb Code     2  stm32g4xx_it.o(.text.DebugMon_Handler)
    Error_Handler                            0x08001985   Thumb Code    14  main.o(.text.Error_Handler)
    HAL_ADCEx_Calibration_Start              0x08001995   Thumb Code   224  stm32g4xx_hal_adc_ex.o(.text.HAL_ADCEx_Calibration_Start)
    HAL_ADCEx_MultiModeConfigChannel         0x08001a75   Thumb Code   754  stm32g4xx_hal_adc_ex.o(.text.HAL_ADCEx_MultiModeConfigChannel)
    HAL_ADC_ConfigChannel                    0x08001d69   Thumb Code  2294  stm32g4xx_hal_adc.o(.text.HAL_ADC_ConfigChannel)
    HAL_ADC_ConvCpltCallback                 0x08002661   Thumb Code     8  stm32g4xx_hal_adc.o(.text.HAL_ADC_ConvCpltCallback)
    HAL_ADC_ConvHalfCpltCallback             0x08002669   Thumb Code     8  stm32g4xx_hal_adc.o(.text.HAL_ADC_ConvHalfCpltCallback)
    HAL_ADC_ErrorCallback                    0x08002671   Thumb Code     8  stm32g4xx_hal_adc.o(.text.HAL_ADC_ErrorCallback)
    HAL_ADC_Init                             0x08002679   Thumb Code   990  stm32g4xx_hal_adc.o(.text.HAL_ADC_Init)
    HAL_ADC_MspInit                          0x08002a59   Thumb Code   302  adc.o(.text.HAL_ADC_MspInit)
    HAL_ADC_Start                            0x08002b89   Thumb Code   624  stm32g4xx_hal_adc.o(.text.HAL_ADC_Start)
    HAL_ADC_Start_DMA                        0x08002df9   Thumb Code   524  stm32g4xx_hal_adc.o(.text.HAL_ADC_Start_DMA)
    HAL_DMA_IRQHandler                       0x08003005   Thumb Code   342  stm32g4xx_hal_dma.o(.text.HAL_DMA_IRQHandler)
    HAL_DMA_Init                             0x0800315d   Thumb Code   342  stm32g4xx_hal_dma.o(.text.HAL_DMA_Init)
    HAL_DMA_Start_IT                         0x080032b5   Thumb Code   252  stm32g4xx_hal_dma.o(.text.HAL_DMA_Start_IT)
    HAL_Delay                                0x080033b1   Thumb Code    66  stm32g4xx_hal.o(.text.HAL_Delay)
    HAL_GPIO_Init                            0x080033f5   Thumb Code   872  stm32g4xx_hal_gpio.o(.text.HAL_GPIO_Init)
    HAL_GetTick                              0x0800375d   Thumb Code    12  stm32g4xx_hal.o(.text.HAL_GetTick)
    HAL_IncTick                              0x08003769   Thumb Code    26  stm32g4xx_hal.o(.text.HAL_IncTick)
    HAL_Init                                 0x08003785   Thumb Code    48  stm32g4xx_hal.o(.text.HAL_Init)
    HAL_InitTick                             0x080037b5   Thumb Code   136  stm32g4xx_hal.o(.text.HAL_InitTick)
    HAL_MspInit                              0x0800383d   Thumb Code    82  stm32g4xx_hal_msp.o(.text.HAL_MspInit)
    HAL_NVIC_EnableIRQ                       0x08003891   Thumb Code    20  stm32g4xx_hal_cortex.o(.text.HAL_NVIC_EnableIRQ)
    HAL_NVIC_SetPriority                     0x080038a5   Thumb Code    46  stm32g4xx_hal_cortex.o(.text.HAL_NVIC_SetPriority)
    HAL_NVIC_SetPriorityGrouping             0x080038d5   Thumb Code    16  stm32g4xx_hal_cortex.o(.text.HAL_NVIC_SetPriorityGrouping)
    HAL_PCDEx_ActivateLPM                    0x080038e5   Thumb Code    58  stm32g4xx_hal_pcd_ex.o(.text.HAL_PCDEx_ActivateLPM)
    HAL_PCD_Init                             0x08003921   Thumb Code   404  stm32g4xx_hal_pcd.o(.text.HAL_PCD_Init)
    HAL_PCD_MspInit                          0x08003ab5   Thumb Code    96  usb.o(.text.HAL_PCD_MspInit)
    HAL_PWREx_ControlVoltageScaling          0x08003b15   Thumb Code   436  stm32g4xx_hal_pwr_ex.o(.text.HAL_PWREx_ControlVoltageScaling)
    HAL_PWREx_DisableUCPDDeadBattery         0x08003cc9   Thumb Code    18  stm32g4xx_hal_pwr_ex.o(.text.HAL_PWREx_DisableUCPDDeadBattery)
    HAL_PWREx_EnterSTOP0Mode                 0x08003cdd   Thumb Code    80  stm32g4xx_hal_pwr_ex.o(.text.HAL_PWREx_EnterSTOP0Mode)
    HAL_PWREx_EnterSTOP1Mode                 0x08003d2d   Thumb Code    82  stm32g4xx_hal_pwr_ex.o(.text.HAL_PWREx_EnterSTOP1Mode)
    HAL_PWR_EnterSTOPMode                    0x08003d81   Thumb Code    44  stm32g4xx_hal_pwr.o(.text.HAL_PWR_EnterSTOPMode)
    HAL_RCCEx_PeriphCLKConfig                0x08003dad   Thumb Code  1316  stm32g4xx_hal_rcc_ex.o(.text.HAL_RCCEx_PeriphCLKConfig)
    HAL_RCC_ClockConfig                      0x080042d1   Thumb Code   806  stm32g4xx_hal_rcc.o(.text.HAL_RCC_ClockConfig)
    HAL_RCC_GetSysClockFreq                  0x080045f9   Thumb Code   252  stm32g4xx_hal_rcc.o(.text.HAL_RCC_GetSysClockFreq)
    HAL_RCC_OscConfig                        0x080046f5   Thumb Code  1974  stm32g4xx_hal_rcc.o(.text.HAL_RCC_OscConfig)
    HAL_ResumeTick                           0x08004ead   Thumb Code    18  stm32g4xx_hal.o(.text.HAL_ResumeTick)
    HAL_SYSCFG_DisableVREFBUF                0x08004ec1   Thumb Code    16  stm32g4xx_hal.o(.text.HAL_SYSCFG_DisableVREFBUF)
    HAL_SYSCFG_VREFBUF_HighImpedanceConfig   0x08004ed1   Thumb Code    26  stm32g4xx_hal.o(.text.HAL_SYSCFG_VREFBUF_HighImpedanceConfig)
    HAL_SYSTICK_Config                       0x08004eed   Thumb Code    16  stm32g4xx_hal_cortex.o(.text.HAL_SYSTICK_Config)
    HAL_SuspendTick                          0x08004efd   Thumb Code    18  stm32g4xx_hal.o(.text.HAL_SuspendTick)
    HardFault_Handler                        0x08004f11   Thumb Code     4  stm32g4xx_it.o(.text.HardFault_Handler)
    LCD_Address_Set                          0x08004f15   Thumb Code    90  lcd_init.o(.text.LCD_Address_Set)
    LCD_DrawPoint                            0x08004f71   Thumb Code    44  lcd.o(.text.LCD_DrawPoint)
    LCD_Fill                                 0x08004f9d   Thumb Code   144  lcd.o(.text.LCD_Fill)
    LCD_GPIO_Init                            0x0800502d   Thumb Code     2  lcd_init.o(.text.LCD_GPIO_Init)
    LCD_Init                                 0x08005031   Thumb Code   634  lcd_init.o(.text.LCD_Init)
    LCD_ShowChar                             0x080052ad   Thumb Code   554  lcd.o(.text.LCD_ShowChar)
    LCD_ShowString                           0x080054d9   Thumb Code   128  lcd.o(.text.LCD_ShowString)
    LCD_WR_DATA                              0x08005559   Thumb Code    28  lcd_init.o(.text.LCD_WR_DATA)
    LCD_WR_DATA8                             0x08005575   Thumb Code    20  lcd_init.o(.text.LCD_WR_DATA8)
    LCD_WR_REG                               0x08005589   Thumb Code    48  lcd_init.o(.text.LCD_WR_REG)
    LCD_Writ_Bus                             0x080055b9   Thumb Code    54  lcd_init.o(.text.LCD_Writ_Bus)
    LL_EXTI_Init                             0x08005c11   Thumb Code   476  stm32g4xx_ll_exti.o(.text.LL_EXTI_Init)
    LL_GPIO_Init                             0x08005ded   Thumb Code   220  stm32g4xx_ll_gpio.o(.text.LL_GPIO_Init)
    LL_RCC_GetUARTClockFreq                  0x080061d9   Thumb Code   286  stm32g4xx_ll_rcc.o(.text.LL_RCC_GetUARTClockFreq)
    LL_RCC_GetUSARTClockFreq                 0x08006315   Thumb Code   370  stm32g4xx_ll_rcc.o(.text.LL_RCC_GetUSARTClockFreq)
    LL_SPI_Init                              0x08006541   Thumb Code   184  stm32g4xx_ll_spi.o(.text.LL_SPI_Init)
    LL_TIM_BDTR_Init                         0x08006681   Thumb Code   248  stm32g4xx_ll_tim.o(.text.LL_TIM_BDTR_Init)
    LL_TIM_Init                              0x080067dd   Thumb Code   452  stm32g4xx_ll_tim.o(.text.LL_TIM_Init)
    LL_TIM_OC_Init                           0x08006b89   Thumb Code   168  stm32g4xx_ll_tim.o(.text.LL_TIM_OC_Init)
    LL_USART_Init                            0x08006d65   Thumb Code   300  stm32g4xx_ll_usart.o(.text.LL_USART_Init)
    MX_ADC1_Init                             0x0800701d   Thumb Code   340  adc.o(.text.MX_ADC1_Init)
    MX_DMA_Init                              0x08007171   Thumb Code    86  dma.o(.text.MX_DMA_Init)
    MX_GPIO_Init                             0x080071c9   Thumb Code   700  gpio.o(.text.MX_GPIO_Init)
    MX_SPI1_Init                             0x08007485   Thumb Code   234  spi.o(.text.MX_SPI1_Init)
    MX_SPI3_Init                             0x08007571   Thumb Code   204  spi.o(.text.MX_SPI3_Init)
    MX_TIM1_Init                             0x0800763d   Thumb Code   276  tim.o(.text.MX_TIM1_Init)
    MX_TIM2_Init                             0x08007751   Thumb Code   114  tim.o(.text.MX_TIM2_Init)
    MX_USART1_UART_Init                      0x080077c5   Thumb Code   298  usart.o(.text.MX_USART1_UART_Init)
    MX_USB_PCD_Init                          0x080078f1   Thumb Code    62  usb.o(.text.MX_USB_PCD_Init)
    MemManage_Handler                        0x08007931   Thumb Code     4  stm32g4xx_it.o(.text.MemManage_Handler)
    NMI_Handler                              0x08007935   Thumb Code     4  stm32g4xx_it.o(.text.NMI_Handler)
    PendSV_Handler                           0x08008071   Thumb Code     2  stm32g4xx_it.o(.text.PendSV_Handler)
    SVC_Handler                              0x0800825d   Thumb Code     2  stm32g4xx_it.o(.text.SVC_Handler)
    SysTick_Handler                          0x080082b5   Thumb Code     8  stm32g4xx_it.o(.text.SysTick_Handler)
    SystemClock_Config                       0x080082bd   Thumb Code   122  main.o(.text.SystemClock_Config)
    SystemInit                               0x08008339   Thumb Code    18  system_stm32g4xx.o(.text.SystemInit)
    TIM2_IRQHandler                          0x0800834d   Thumb Code     8  stm32g4xx_it.o(.text.TIM2_IRQHandler)
    USB_DevInit                              0x08008355   Thumb Code    40  stm32g4xx_ll_usb.o(.text.USB_DevInit)
    USB_DisableGlobalInt                     0x0800837d   Thumb Code    30  stm32g4xx_ll_usb.o(.text.USB_DisableGlobalInt)
    UsageFault_Handler                       0x0800839d   Thumb Code     4  stm32g4xx_it.o(.text.UsageFault_Handler)
    gui_update()                             0x08008401   Thumb Code   128  maincpp.o(.text._Z10gui_updatev)
    button_dowm(int)                         0x0800848d   Thumb Code    80  maincpp.o(.text._Z11button_dowmi)
    button_update_test()                     0x080084dd   Thumb Code    16  maincpp.o(.text._Z18button_update_testv)
    button_state_update()                    0x080084ed   Thumb Code   232  maincpp.o(.text._Z19button_state_updatev)
    remap(float, float, float, float, float) 0x080085d5   Thumb Code    70  maincpp.o(.text._Z5remapfffff)
    stickin(unsigned short, unsigned short)  0x0800861d   Thumb Code   228  maincpp.o(.text._Z7stickintt)
    void list_swap<void (*)(unsigned short, unsigned short)>(void (*&)(unsigned short, unsigned short), void (*&)(unsigned short, unsigned short)) 0x08008701   Thumb Code    30  sky_button.o(.text._Z9list_swapIPFvttEEvRT_S3_)
    void list_swap<int>(int&, int&)          0x08008721   Thumb Code    30  sky_button.o(.text._Z9list_swapIiEvRT_S1_)
    void list_swap<unsigned short>(unsigned short&, unsigned short&) 0x08008741   Thumb Code    34  sky_button.o(.text._Z9list_swapItEvRT_S1_)
    Drawer::Drawer__sub_object()             0x08008855   Thumb Code    44  maincpp.o(.text._ZN6DrawerC2Ev)
    button::button_update()                  0x08008881   Thumb Code    32  sky_button.o(.text._ZN6button13button_updateEv)
    button::buttonCallRegist(void (*)(int), int) 0x080088a1   Thumb Code    24  sky_button.o(.text._ZN6button16buttonCallRegistEPFviEi)
    button::buttonStateUpdate()              0x080088b9   Thumb Code    78  sky_button.o(.text._ZN6button17buttonStateUpdateEv)
    button::buttonStateMachine()             0x08008909   Thumb Code   152  sky_button.o(.text._ZN6button18buttonStateMachineEv)
    button::button__sub_object(GPIO_TypeDef*, unsigned int, int) 0x080089a1   Thumb Code    50  maincpp.o(.text._ZN6buttonC2EP12GPIO_TypeDefji)
    joystick::EventRegister(void (*)(unsigned short, unsigned short), unsigned short, unsigned short, joystick::EventType, int) 0x080089d5   Thumb Code   306  sky_button.o(.text._ZN8joystick13EventRegisterEPFvttEttNS_9EventTypeEi)
    joystick::StickStateUpdate()             0x08008b09   Thumb Code   124  sky_button.o(.text._ZN8joystick16StickStateUpdateEv)
    joystick::StickStateMachine()            0x08008b85   Thumb Code   354  sky_button.o(.text._ZN8joystick17StickStateMachineEv)
    joystick::joystick__sub_object()         0x08008ce9   Thumb Code   230  maincpp.o(.text._ZN8joystickC2Ev)
    main                                     0x08009289   Thumb Code   132  main.o(.text.main)
    maincpp                                  0x0800930d   Thumb Code   122  maincpp.o(.text.maincpp)
    tim2_callback                            0x08009389   Thumb Code   110  maincpp.o(.text.tim2_callback)
    _btod_d2e                                0x080093f7   Thumb Code    62  btod.o(CL$$btod_d2e)
    _d2e_denorm_low                          0x08009435   Thumb Code    70  btod.o(CL$$btod_d2e_denorm_low)
    _d2e_norm_op1                            0x0800947b   Thumb Code    96  btod.o(CL$$btod_d2e_norm_op1)
    __btod_div_common                        0x080094dd   Thumb Code   696  btod.o(CL$$btod_div_common)
    _e2e                                     0x08009815   Thumb Code   220  btod.o(CL$$btod_e2e)
    _btod_ediv                               0x080098f1   Thumb Code    42  btod.o(CL$$btod_ediv)
    _btod_emul                               0x0800991b   Thumb Code    42  btod.o(CL$$btod_emul)
    __btod_mult_common                       0x08009945   Thumb Code   580  btod.o(CL$$btod_mult_common)
    __ARM_fpclassify                         0x08009b89   Thumb Code    48  fpclassify.o(i.__ARM_fpclassify)
    _is_digit                                0x08009bb9   Thumb Code    14  __printf_wp.o(i._is_digit)
    _get_lc_numeric                          0x08009bc9   Thumb Code    44  lc_numeric_c.o(locale$$code)
    _get_lc_ctype                            0x08009bf5   Thumb Code    44  lc_ctype_c.o(locale$$code)
    _fp_init                                 0x08009c21   Thumb Code    26  fpinit.o(x$fpl$fpinit)
    __fplib_config_fpu_vfp                   0x08009c39   Thumb Code     0  fpinit.o(x$fpl$fpinit)
    __fplib_config_pureend_doubles           0x08009c39   Thumb Code     0  fpinit.o(x$fpl$fpinit)
    _printf_fp_dec                           0x08009c3b   Thumb Code     4  printf1.o(x$fpl$printf1)
    _printf_fp_hex                           0x08009c3f   Thumb Code     4  printf2.o(x$fpl$printf2)
    __I$use$fp                               0x08009c42   Number         0  usenofp.o(x$fpl$usenofp)
    AHBPrescTable                            0x08009d40   Data          16  system_stm32g4xx.o(.rodata.AHBPrescTable)
    APBPrescTable                            0x08009d50   Data           8  system_stm32g4xx.o(.rodata.APBPrescTable)
    ascii_1206                               0x08009d9c   Data        1140  lcd.o(.rodata.ascii_1206)
    ascii_1608                               0x0800a210   Data        1520  lcd.o(.rodata.ascii_1608)
    ascii_2412                               0x0800a800   Data        4560  lcd.o(.rodata.ascii_2412)
    ascii_3216                               0x0800b9d0   Data        6080  lcd.o(.rodata.ascii_3216)
    Region$$Table$$Base                      0x0800d198   Number         0  anon$$obj.o(Region$$Table)
    Region$$Table$$Limit                     0x0800d1b8   Number         0  anon$$obj.o(Region$$Table)
    __ctype                                  0x0800d1e1   Data           0  lc_ctype_c.o(locale$$data)
    SHT$$INIT_ARRAY$$Base                    0x0800d2e4   Number         0  maincpp.o(.init_array)
    SHT$$INIT_ARRAY$$Limit                   0x0800d2e8   Number         0  init_aeabi.o(.init_array)
    SystemCoreClock                          0x20000000   Data           4  system_stm32g4xx.o(.data.SystemCoreClock)
    uwTickFreq                               0x20000004   Data           4  stm32g4xx_hal.o(.data.uwTickFreq)
    uwTickPrio                               0x20000008   Data           4  stm32g4xx_hal.o(.data.uwTickPrio)
    __libspace_start                         0x20000010   Data          96  libspace.o(.bss)
    Stick_L                                  0x20000070   Data        2012  maincpp.o(.bss.Stick_L)
    __temporary_stack_top$libspace           0x20000070   Data           0  libspace.o(.bss)
    Stick_R                                  0x2000084c   Data        2012  maincpp.o(.bss.Stick_R)
    adc_vals                                 0x2000102c   Data          10  maincpp.o(.bss.adc_vals)
    button_A                                 0x20001038   Data          52  maincpp.o(.bss.button_A)
    button_B                                 0x2000106c   Data          52  maincpp.o(.bss.button_B)
    button_BACK                              0x200010a0   Data          52  maincpp.o(.bss.button_BACK)
    button_CLEAR                             0x200010d4   Data          52  maincpp.o(.bss.button_CLEAR)
    button_DOWN                              0x20001108   Data          52  maincpp.o(.bss.button_DOWN)
    button_HOME                              0x2000113c   Data          52  maincpp.o(.bss.button_HOME)
    button_LB                                0x20001170   Data          52  maincpp.o(.bss.button_LB)
    button_LEFT                              0x200011a4   Data          52  maincpp.o(.bss.button_LEFT)
    button_LS                                0x200011d8   Data          52  maincpp.o(.bss.button_LS)
    button_LT                                0x2000120c   Data          52  maincpp.o(.bss.button_LT)
    button_RB                                0x20001240   Data          52  maincpp.o(.bss.button_RB)
    button_RIGHT                             0x20001274   Data          52  maincpp.o(.bss.button_RIGHT)
    button_RS                                0x200012a8   Data          52  maincpp.o(.bss.button_RS)
    button_RT                                0x200012dc   Data          52  maincpp.o(.bss.button_RT)
    button_START                             0x20001310   Data          52  maincpp.o(.bss.button_START)
    button_THRBO                             0x20001344   Data          52  maincpp.o(.bss.button_THRBO)
    button_UP                                0x20001378   Data          52  maincpp.o(.bss.button_UP)
    button_X                                 0x200013ac   Data          52  maincpp.o(.bss.button_X)
    button_Y                                 0x200013e0   Data          52  maincpp.o(.bss.button_Y)
    hadc1                                    0x20001414   Data         108  adc.o(.bss.hadc1)
    hdma_adc1                                0x20001480   Data          96  adc.o(.bss.hdma_adc1)
    hpcd_USB_FS                              0x200014e0   Data         732  usb.o(.bss.hpcd_USB_FS)
    lcd_drawer                               0x200017bc   Data          32  maincpp.o(.bss.lcd_drawer)
    sticktest                                0x200017dc   Data        2012  maincpp.o(.bss.sticktest)
    uwTick                                   0x20001fb8   Data           4  stm32g4xx_hal.o(.bss.uwTick)



==============================================================================

Memory Map of the image

  Image Entry point : 0x080001d9

  Load Region LR_IROM1 (Base: 0x08000000, Size: 0x0000d2f8, Max: 0x00020000, ABSOLUTE)

    Execution Region ER_IROM1 (Exec base: 0x08000000, Load base: 0x08000000, Size: 0x0000d2e8, Max: 0x00020000, ABSOLUTE)

    Exec Addr    Load Addr    Size         Type   Attr      Idx    E Section Name        Object

    0x08000000   0x08000000   0x000001d8   Data   RO            3    RESET               startup_stm32g473xx.o
    0x080001d8   0x080001d8   0x00000008   Code   RO         1997  * !!!main             c_w.l(__main.o)
    0x080001e0   0x080001e0   0x0000005c   Code   RO         2533    !!!scatter          c_w.l(__scatter.o)
    0x0800023c   0x0800023c   0x0000001a   Code   RO         2537    !!handler_copy      c_w.l(__scatter_copy.o)
    0x08000256   0x08000256   0x00000002   PAD
    0x08000258   0x08000258   0x00000002   Code   RO         2534    !!handler_null      c_w.l(__scatter.o)
    0x0800025a   0x0800025a   0x00000002   PAD
    0x0800025c   0x0800025c   0x0000001c   Code   RO         2539    !!handler_zi        c_w.l(__scatter_zi.o)
    0x08000278   0x08000278   0x00000000   Code   RO         2195    .ARM.Collect$$_printf_percent$$00000000  c_w.l(_printf_percent.o)
    0x08000278   0x08000278   0x00000006   Code   RO         2184    .ARM.Collect$$_printf_percent$$00000001  c_w.l(_printf_n.o)
    0x0800027e   0x0800027e   0x00000006   Code   RO         2186    .ARM.Collect$$_printf_percent$$00000002  c_w.l(_printf_p.o)
    0x08000284   0x08000284   0x00000006   Code   RO         2191    .ARM.Collect$$_printf_percent$$00000003  c_w.l(_printf_f.o)
    0x0800028a   0x0800028a   0x00000006   Code   RO         2192    .ARM.Collect$$_printf_percent$$00000004  c_w.l(_printf_e.o)
    0x08000290   0x08000290   0x00000006   Code   RO         2193    .ARM.Collect$$_printf_percent$$00000005  c_w.l(_printf_g.o)
    0x08000296   0x08000296   0x00000006   Code   RO         2194    .ARM.Collect$$_printf_percent$$00000006  c_w.l(_printf_a.o)
    0x0800029c   0x0800029c   0x0000000a   Code   RO         2199    .ARM.Collect$$_printf_percent$$00000007  c_w.l(_printf_ll.o)
    0x080002a6   0x080002a6   0x00000006   Code   RO         2188    .ARM.Collect$$_printf_percent$$00000008  c_w.l(_printf_i.o)
    0x080002ac   0x080002ac   0x00000006   Code   RO         2189    .ARM.Collect$$_printf_percent$$00000009  c_w.l(_printf_d.o)
    0x080002b2   0x080002b2   0x00000006   Code   RO         2190    .ARM.Collect$$_printf_percent$$0000000A  c_w.l(_printf_u.o)
    0x080002b8   0x080002b8   0x00000006   Code   RO         2187    .ARM.Collect$$_printf_percent$$0000000B  c_w.l(_printf_o.o)
    0x080002be   0x080002be   0x00000006   Code   RO         2185    .ARM.Collect$$_printf_percent$$0000000C  c_w.l(_printf_x.o)
    0x080002c4   0x080002c4   0x00000006   Code   RO         2196    .ARM.Collect$$_printf_percent$$0000000D  c_w.l(_printf_lli.o)
    0x080002ca   0x080002ca   0x00000006   Code   RO         2197    .ARM.Collect$$_printf_percent$$0000000E  c_w.l(_printf_lld.o)
    0x080002d0   0x080002d0   0x00000006   Code   RO         2198    .ARM.Collect$$_printf_percent$$0000000F  c_w.l(_printf_llu.o)
    0x080002d6   0x080002d6   0x00000006   Code   RO         2203    .ARM.Collect$$_printf_percent$$00000010  c_w.l(_printf_llo.o)
    0x080002dc   0x080002dc   0x00000006   Code   RO         2204    .ARM.Collect$$_printf_percent$$00000011  c_w.l(_printf_llx.o)
    0x080002e2   0x080002e2   0x0000000a   Code   RO         2200    .ARM.Collect$$_printf_percent$$00000012  c_w.l(_printf_l.o)
    0x080002ec   0x080002ec   0x00000006   Code   RO         2182    .ARM.Collect$$_printf_percent$$00000013  c_w.l(_printf_c.o)
    0x080002f2   0x080002f2   0x00000006   Code   RO         2183    .ARM.Collect$$_printf_percent$$00000014  c_w.l(_printf_s.o)
    0x080002f8   0x080002f8   0x00000006   Code   RO         2201    .ARM.Collect$$_printf_percent$$00000015  c_w.l(_printf_lc.o)
    0x080002fe   0x080002fe   0x00000006   Code   RO         2202    .ARM.Collect$$_printf_percent$$00000016  c_w.l(_printf_ls.o)
    0x08000304   0x08000304   0x00000004   Code   RO         2337    .ARM.Collect$$_printf_percent$$00000017  c_w.l(_printf_percent_end.o)
    0x08000308   0x08000308   0x00000002   Code   RO         2439    .ARM.Collect$$libinit$$00000000  c_w.l(libinit.o)
    0x0800030a   0x0800030a   0x00000004   Code   RO         2205    .ARM.Collect$$libinit$$00000001  c_w.l(libinit2.o)
    0x0800030e   0x0800030e   0x00000000   Code   RO         2208    .ARM.Collect$$libinit$$00000004  c_w.l(libinit2.o)
    0x0800030e   0x0800030e   0x00000000   Code   RO         2210    .ARM.Collect$$libinit$$00000006  c_w.l(libinit2.o)
    0x0800030e   0x0800030e   0x00000000   Code   RO         2213    .ARM.Collect$$libinit$$0000000C  c_w.l(libinit2.o)
    0x0800030e   0x0800030e   0x00000000   Code   RO         2215    .ARM.Collect$$libinit$$0000000E  c_w.l(libinit2.o)
    0x0800030e   0x0800030e   0x00000000   Code   RO         2217    .ARM.Collect$$libinit$$00000010  c_w.l(libinit2.o)
    0x0800030e   0x0800030e   0x00000006   Code   RO         2218    .ARM.Collect$$libinit$$00000011  c_w.l(libinit2.o)
    0x08000314   0x08000314   0x00000000   Code   RO         2220    .ARM.Collect$$libinit$$00000013  c_w.l(libinit2.o)
    0x08000314   0x08000314   0x0000000c   Code   RO         2221    .ARM.Collect$$libinit$$00000014  c_w.l(libinit2.o)
    0x08000320   0x08000320   0x00000000   Code   RO         2222    .ARM.Collect$$libinit$$00000015  c_w.l(libinit2.o)
    0x08000320   0x08000320   0x00000000   Code   RO         2224    .ARM.Collect$$libinit$$00000017  c_w.l(libinit2.o)
    0x08000320   0x08000320   0x0000000a   Code   RO         2225    .ARM.Collect$$libinit$$00000018  c_w.l(libinit2.o)
    0x0800032a   0x0800032a   0x00000000   Code   RO         2226    .ARM.Collect$$libinit$$00000019  c_w.l(libinit2.o)
    0x0800032a   0x0800032a   0x00000000   Code   RO         2228    .ARM.Collect$$libinit$$0000001B  c_w.l(libinit2.o)
    0x0800032a   0x0800032a   0x00000000   Code   RO         2230    .ARM.Collect$$libinit$$0000001D  c_w.l(libinit2.o)
    0x0800032a   0x0800032a   0x00000000   Code   RO         2232    .ARM.Collect$$libinit$$0000001F  c_w.l(libinit2.o)
    0x0800032a   0x0800032a   0x00000000   Code   RO         2234    .ARM.Collect$$libinit$$00000021  c_w.l(libinit2.o)
    0x0800032a   0x0800032a   0x00000000   Code   RO         2236    .ARM.Collect$$libinit$$00000023  c_w.l(libinit2.o)
    0x0800032a   0x0800032a   0x00000000   Code   RO         2238    .ARM.Collect$$libinit$$00000025  c_w.l(libinit2.o)
    0x0800032a   0x0800032a   0x00000000   Code   RO         2240    .ARM.Collect$$libinit$$00000027  c_w.l(libinit2.o)
    0x0800032a   0x0800032a   0x00000000   Code   RO         2244    .ARM.Collect$$libinit$$0000002E  c_w.l(libinit2.o)
    0x0800032a   0x0800032a   0x00000000   Code   RO         2246    .ARM.Collect$$libinit$$00000030  c_w.l(libinit2.o)
    0x0800032a   0x0800032a   0x00000000   Code   RO         2248    .ARM.Collect$$libinit$$00000032  c_w.l(libinit2.o)
    0x0800032a   0x0800032a   0x00000004   Code   RO         2249    .ARM.Collect$$libinit$$00000033  c_w.l(libinit2.o)
    0x0800032e   0x0800032e   0x00000000   Code   RO         2250    .ARM.Collect$$libinit$$00000034  c_w.l(libinit2.o)
    0x0800032e   0x0800032e   0x00000002   Code   RO         2251    .ARM.Collect$$libinit$$00000035  c_w.l(libinit2.o)
    0x08000330   0x08000330   0x00000002   Code   RO         2516    .ARM.Collect$$libshutdown$$00000000  c_w.l(libshutdown.o)
    0x08000332   0x08000332   0x00000000   Code   RO         2493    .ARM.Collect$$libshutdown$$00000002  c_w.l(libshutdown2.o)
    0x08000332   0x08000332   0x00000000   Code   RO         2495    .ARM.Collect$$libshutdown$$00000004  c_w.l(libshutdown2.o)
    0x08000332   0x08000332   0x00000000   Code   RO         2498    .ARM.Collect$$libshutdown$$00000007  c_w.l(libshutdown2.o)
    0x08000332   0x08000332   0x00000000   Code   RO         2501    .ARM.Collect$$libshutdown$$0000000A  c_w.l(libshutdown2.o)
    0x08000332   0x08000332   0x00000000   Code   RO         2503    .ARM.Collect$$libshutdown$$0000000C  c_w.l(libshutdown2.o)
    0x08000332   0x08000332   0x00000000   Code   RO         2506    .ARM.Collect$$libshutdown$$0000000F  c_w.l(libshutdown2.o)
    0x08000332   0x08000332   0x00000002   Code   RO         2507    .ARM.Collect$$libshutdown$$00000010  c_w.l(libshutdown2.o)
    0x08000334   0x08000334   0x00000000   Code   RO         2047    .ARM.Collect$$rtentry$$00000000  c_w.l(__rtentry.o)
    0x08000334   0x08000334   0x00000000   Code   RO         2283    .ARM.Collect$$rtentry$$00000002  c_w.l(__rtentry2.o)
    0x08000334   0x08000334   0x00000006   Code   RO         2295    .ARM.Collect$$rtentry$$00000004  c_w.l(__rtentry4.o)
    0x0800033a   0x0800033a   0x00000000   Code   RO         2285    .ARM.Collect$$rtentry$$00000009  c_w.l(__rtentry2.o)
    0x0800033a   0x0800033a   0x00000004   Code   RO         2286    .ARM.Collect$$rtentry$$0000000A  c_w.l(__rtentry2.o)
    0x0800033e   0x0800033e   0x00000000   Code   RO         2288    .ARM.Collect$$rtentry$$0000000C  c_w.l(__rtentry2.o)
    0x0800033e   0x0800033e   0x00000008   Code   RO         2289    .ARM.Collect$$rtentry$$0000000D  c_w.l(__rtentry2.o)
    0x08000346   0x08000346   0x00000002   Code   RO         2452    .ARM.Collect$$rtexit$$00000000  c_w.l(rtexit.o)
    0x08000348   0x08000348   0x00000000   Code   RO         2474    .ARM.Collect$$rtexit$$00000002  c_w.l(rtexit2.o)
    0x08000348   0x08000348   0x00000004   Code   RO         2475    .ARM.Collect$$rtexit$$00000003  c_w.l(rtexit2.o)
    0x0800034c   0x0800034c   0x00000006   Code   RO         2476    .ARM.Collect$$rtexit$$00000004  c_w.l(rtexit2.o)
    0x08000352   0x08000352   0x00000002   PAD
    0x08000354   0x08000354   0x00000040   Code   RO            4    .text               startup_stm32g473xx.o
    0x08000394   0x08000394   0x00000040   Code   RO         1991    .text               c_w.l(snprintf.o)
    0x080003d4   0x080003d4   0x0000004e   Code   RO         1993    .text               c_w.l(rt_memclr_w.o)
    0x08000422   0x08000422   0x00000006   Code   RO         1995    .text               c_w.l(heapauxi.o)
    0x08000428   0x08000428   0x0000002c   Code   RO         2002    .text               c_w.l(init_aeabi.o)
    0x08000454   0x08000454   0x0000004e   Code   RO         2116    .text               c_w.l(_printf_pad.o)
    0x080004a2   0x080004a2   0x00000024   Code   RO         2118    .text               c_w.l(_printf_truncate.o)
    0x080004c6   0x080004c6   0x00000052   Code   RO         2120    .text               c_w.l(_printf_str.o)
    0x08000518   0x08000518   0x00000078   Code   RO         2122    .text               c_w.l(_printf_dec.o)
    0x08000590   0x08000590   0x00000028   Code   RO         2124    .text               c_w.l(_printf_charcount.o)
    0x080005b8   0x080005b8   0x00000030   Code   RO         2126    .text               c_w.l(_printf_char_common.o)
    0x080005e8   0x080005e8   0x00000010   Code   RO         2128    .text               c_w.l(_snputc.o)
    0x080005f8   0x080005f8   0x000000bc   Code   RO         2130    .text               c_w.l(_printf_wctomb.o)
    0x080006b4   0x080006b4   0x0000007c   Code   RO         2133    .text               c_w.l(_printf_longlong_dec.o)
    0x08000730   0x08000730   0x00000070   Code   RO         2139    .text               c_w.l(_printf_oct_int_ll.o)
    0x080007a0   0x080007a0   0x00000094   Code   RO         2159    .text               c_w.l(_printf_hex_int_ll_ptr.o)
    0x08000834   0x08000834   0x00000188   Code   RO         2179    .text               c_w.l(__printf_flags_ss_wp.o)
    0x080009bc   0x080009bc   0x0000008a   Code   RO         2320    .text               c_w.l(lludiv10.o)
    0x08000a46   0x08000a46   0x000000b2   Code   RO         2322    .text               c_w.l(_printf_intcommon.o)
    0x08000af8   0x08000af8   0x0000041c   Code   RO         2324    .text               c_w.l(_printf_fp_dec.o)
    0x08000f14   0x08000f14   0x000002fc   Code   RO         2328    .text               c_w.l(_printf_fp_hex.o)
    0x08001210   0x08001210   0x0000002c   Code   RO         2333    .text               c_w.l(_printf_char.o)
    0x0800123c   0x0800123c   0x0000002c   Code   RO         2335    .text               c_w.l(_printf_wchar.o)
    0x08001268   0x08001268   0x00000048   Code   RO         2338    .text               c_w.l(_c16rtomb.o)
    0x080012b0   0x080012b0   0x00000008   Code   RO         2367    .text               c_w.l(libspace.o)
    0x080012b8   0x080012b8   0x0000004a   Code   RO         2370    .text               c_w.l(sys_stackheap_outer.o)
    0x08001302   0x08001302   0x00000002   PAD
    0x08001304   0x08001304   0x00000010   Code   RO         2372    .text               c_w.l(rt_ctype_table.o)
    0x08001314   0x08001314   0x00000008   Code   RO         2377    .text               c_w.l(rt_locale_intlibspace.o)
    0x0800131c   0x0800131c   0x00000080   Code   RO         2387    .text               c_w.l(_printf_fp_infnan.o)
    0x0800139c   0x0800139c   0x000000e4   Code   RO         2389    .text               c_w.l(bigflt0.o)
    0x08001480   0x08001480   0x00000012   Code   RO         2419    .text               c_w.l(exit.o)
    0x08001492   0x08001492   0x00000002   PAD
    0x08001494   0x08001494   0x0000000c   Code   RO         2445    .text               c_w.l(sys_exit.o)
    0x080014a0   0x080014a0   0x00000002   Code   RO         2449    .text               c_w.l(use_no_semi.o)
    0x080014a2   0x080014a2   0x00000000   Code   RO         2451    .text               c_w.l(indicate_semi.o)
    0x080014a2   0x080014a2   0x00000006   PAD
    0x080014a8   0x080014a8   0x0000007c   Code   RO         2471    .text               c_w.l(strcmpv7em.o)
    0x08001524   0x08001524   0x000000d4   Code   RO          520    .text.ADC_DMAConvCplt  stm32g4xx_hal_adc.o
    0x080015f8   0x080015f8   0x0000002a   Code   RO          524    .text.ADC_DMAError  stm32g4xx_hal_adc.o
    0x08001622   0x08001622   0x00000002   PAD
    0x08001624   0x08001624   0x00000016   Code   RO          522    .text.ADC_DMAHalfConvCplt  stm32g4xx_hal_adc.o
    0x0800163a   0x0800163a   0x00000002   PAD
    0x0800163c   0x0800163c   0x000000c4   Code   RO          492    .text.ADC_Disable   stm32g4xx_hal_adc.o
    0x08001700   0x08001700   0x0000014c   Code   RO          500    .text.ADC_Enable    stm32g4xx_hal_adc.o
    0x0800184c   0x0800184c   0x00000004   Code   RO          298    .text.BusFault_Handler  stm32g4xx_it.o
    0x08001850   0x08001850   0x00000010   Code   RO          310    .text.DMA1_Channel1_IRQHandler  stm32g4xx_it.o
    0x08001860   0x08001860   0x00000074   Code   RO         1101    .text.DMA_CalcDMAMUXChannelBaseAndMask  stm32g4xx_hal_dma.o
    0x080018d4   0x080018d4   0x0000003c   Code   RO         1103    .text.DMA_CalcDMAMUXRequestGenBaseAndMask  stm32g4xx_hal_dma.o
    0x08001910   0x08001910   0x0000006e   Code   RO         1109    .text.DMA_SetConfig  stm32g4xx_hal_dma.o
    0x0800197e   0x0800197e   0x00000002   PAD
    0x08001980   0x08001980   0x00000002   Code   RO          304    .text.DebugMon_Handler  stm32g4xx_it.o
    0x08001982   0x08001982   0x00000002   PAD
    0x08001984   0x08001984   0x0000000e   Code   RO          139    .text.Error_Handler  main.o
    0x08001992   0x08001992   0x00000002   PAD
    0x08001994   0x08001994   0x000000e0   Code   RO          615    .text.HAL_ADCEx_Calibration_Start  stm32g4xx_hal_adc_ex.o
    0x08001a74   0x08001a74   0x000002f2   Code   RO          705    .text.HAL_ADCEx_MultiModeConfigChannel  stm32g4xx_hal_adc_ex.o
    0x08001d66   0x08001d66   0x00000002   PAD
    0x08001d68   0x08001d68   0x000008f6   Code   RO          546    .text.HAL_ADC_ConfigChannel  stm32g4xx_hal_adc.o
    0x0800265e   0x0800265e   0x00000002   PAD
    0x08002660   0x08002660   0x00000008   Code   RO          536    .text.HAL_ADC_ConvCpltCallback  stm32g4xx_hal_adc.o
    0x08002668   0x08002668   0x00000008   Code   RO          544    .text.HAL_ADC_ConvHalfCpltCallback  stm32g4xx_hal_adc.o
    0x08002670   0x08002670   0x00000008   Code   RO          542    .text.HAL_ADC_ErrorCallback  stm32g4xx_hal_adc.o
    0x08002678   0x08002678   0x000003de   Code   RO          468    .text.HAL_ADC_Init  stm32g4xx_hal_adc.o
    0x08002a56   0x08002a56   0x00000002   PAD
    0x08002a58   0x08002a58   0x0000012e   Code   RO          166    .text.HAL_ADC_MspInit  adc.o
    0x08002b86   0x08002b86   0x00000002   PAD
    0x08002b88   0x08002b88   0x00000270   Code   RO          496    .text.HAL_ADC_Start  stm32g4xx_hal_adc.o
    0x08002df8   0x08002df8   0x0000020c   Code   RO          518    .text.HAL_ADC_Start_DMA  stm32g4xx_hal_adc.o
    0x08003004   0x08003004   0x00000156   Code   RO         1119    .text.HAL_DMA_IRQHandler  stm32g4xx_hal_dma.o
    0x0800315a   0x0800315a   0x00000002   PAD
    0x0800315c   0x0800315c   0x00000156   Code   RO         1099    .text.HAL_DMA_Init  stm32g4xx_hal_dma.o
    0x080032b2   0x080032b2   0x00000002   PAD
    0x080032b4   0x080032b4   0x000000fc   Code   RO         1111    .text.HAL_DMA_Start_IT  stm32g4xx_hal_dma.o
    0x080033b0   0x080033b0   0x00000042   Code   RO          801    .text.HAL_Delay     stm32g4xx_hal.o
    0x080033f2   0x080033f2   0x00000002   PAD
    0x080033f4   0x080033f4   0x00000368   Code   RO         1051    .text.HAL_GPIO_Init  stm32g4xx_hal_gpio.o
    0x0800375c   0x0800375c   0x0000000c   Code   RO          793    .text.HAL_GetTick   stm32g4xx_hal.o
    0x08003768   0x08003768   0x0000001a   Code   RO          791    .text.HAL_IncTick   stm32g4xx_hal.o
    0x08003782   0x08003782   0x00000002   PAD
    0x08003784   0x08003784   0x00000030   Code   RO          781    .text.HAL_Init      stm32g4xx_hal.o
    0x080037b4   0x080037b4   0x00000088   Code   RO          783    .text.HAL_InitTick  stm32g4xx_hal.o
    0x0800383c   0x0800383c   0x00000052   Code   RO          321    .text.HAL_MspInit   stm32g4xx_hal_msp.o
    0x0800388e   0x0800388e   0x00000002   PAD
    0x08003890   0x08003890   0x00000014   Code   RO         1285    .text.HAL_NVIC_EnableIRQ  stm32g4xx_hal_cortex.o
    0x080038a4   0x080038a4   0x0000002e   Code   RO         1277    .text.HAL_NVIC_SetPriority  stm32g4xx_hal_cortex.o
    0x080038d2   0x080038d2   0x00000002   PAD
    0x080038d4   0x080038d4   0x00000010   Code   RO         1273    .text.HAL_NVIC_SetPriorityGrouping  stm32g4xx_hal_cortex.o
    0x080038e4   0x080038e4   0x0000003a   Code   RO         1767    .text.HAL_PCDEx_ActivateLPM  stm32g4xx_hal_pcd_ex.o
    0x0800391e   0x0800391e   0x00000002   PAD
    0x08003920   0x08003920   0x00000194   Code   RO         1678    .text.HAL_PCD_Init  stm32g4xx_hal_pcd.o
    0x08003ab4   0x08003ab4   0x00000060   Code   RO          280    .text.HAL_PCD_MspInit  usb.o
    0x08003b14   0x08003b14   0x000001b4   Code   RO         1194    .text.HAL_PWREx_ControlVoltageScaling  stm32g4xx_hal_pwr_ex.o
    0x08003cc8   0x08003cc8   0x00000012   Code   RO         1264    .text.HAL_PWREx_DisableUCPDDeadBattery  stm32g4xx_hal_pwr_ex.o
    0x08003cda   0x08003cda   0x00000002   PAD
    0x08003cdc   0x08003cdc   0x00000050   Code   RO         1242    .text.HAL_PWREx_EnterSTOP0Mode  stm32g4xx_hal_pwr_ex.o
    0x08003d2c   0x08003d2c   0x00000052   Code   RO         1244    .text.HAL_PWREx_EnterSTOP1Mode  stm32g4xx_hal_pwr_ex.o
    0x08003d7e   0x08003d7e   0x00000002   PAD
    0x08003d80   0x08003d80   0x0000002c   Code   RO         1171    .text.HAL_PWR_EnterSTOPMode  stm32g4xx_hal_pwr.o
    0x08003dac   0x08003dac   0x00000524   Code   RO          906    .text.HAL_RCCEx_PeriphCLKConfig  stm32g4xx_hal_rcc_ex.o
    0x080042d0   0x080042d0   0x00000326   Code   RO          871    .text.HAL_RCC_ClockConfig  stm32g4xx_hal_rcc.o
    0x080045f6   0x080045f6   0x00000002   PAD
    0x080045f8   0x080045f8   0x000000fc   Code   RO          875    .text.HAL_RCC_GetSysClockFreq  stm32g4xx_hal_rcc.o
    0x080046f4   0x080046f4   0x000007b6   Code   RO          869    .text.HAL_RCC_OscConfig  stm32g4xx_hal_rcc.o
    0x08004eaa   0x08004eaa   0x00000002   PAD
    0x08004eac   0x08004eac   0x00000012   Code   RO          805    .text.HAL_ResumeTick  stm32g4xx_hal.o
    0x08004ebe   0x08004ebe   0x00000002   PAD
    0x08004ec0   0x08004ec0   0x00000010   Code   RO          845    .text.HAL_SYSCFG_DisableVREFBUF  stm32g4xx_hal.o
    0x08004ed0   0x08004ed0   0x0000001a   Code   RO          839    .text.HAL_SYSCFG_VREFBUF_HighImpedanceConfig  stm32g4xx_hal.o
    0x08004eea   0x08004eea   0x00000002   PAD
    0x08004eec   0x08004eec   0x00000010   Code   RO         1297    .text.HAL_SYSTICK_Config  stm32g4xx_hal_cortex.o
    0x08004efc   0x08004efc   0x00000012   Code   RO          803    .text.HAL_SuspendTick  stm32g4xx_hal.o
    0x08004f0e   0x08004f0e   0x00000002   PAD
    0x08004f10   0x08004f10   0x00000004   Code   RO          294    .text.HardFault_Handler  stm32g4xx_it.o
    0x08004f14   0x08004f14   0x0000005a   Code   RO         1935    .text.LCD_Address_Set  lcd_init.o
    0x08004f6e   0x08004f6e   0x00000002   PAD
    0x08004f70   0x08004f70   0x0000002c   Code   RO         1884    .text.LCD_DrawPoint  lcd.o
    0x08004f9c   0x08004f9c   0x00000090   Code   RO         1882    .text.LCD_Fill      lcd.o
    0x0800502c   0x0800502c   0x00000002   Code   RO         1915    .text.LCD_GPIO_Init  lcd_init.o
    0x0800502e   0x0800502e   0x00000002   PAD
    0x08005030   0x08005030   0x0000027a   Code   RO         1937    .text.LCD_Init      lcd_init.o
    0x080052aa   0x080052aa   0x00000002   PAD
    0x080052ac   0x080052ac   0x0000022a   Code   RO         1892    .text.LCD_ShowChar  lcd.o
    0x080054d6   0x080054d6   0x00000002   PAD
    0x080054d8   0x080054d8   0x00000080   Code   RO         1894    .text.LCD_ShowString  lcd.o
    0x08005558   0x08005558   0x0000001c   Code   RO         1927    .text.LCD_WR_DATA   lcd_init.o
    0x08005574   0x08005574   0x00000014   Code   RO         1925    .text.LCD_WR_DATA8  lcd_init.o
    0x08005588   0x08005588   0x00000030   Code   RO         1929    .text.LCD_WR_REG    lcd_init.o
    0x080055b8   0x080055b8   0x00000036   Code   RO         1917    .text.LCD_Writ_Bus  lcd_init.o
    0x080055ee   0x080055ee   0x00000002   PAD
    0x080055f0   0x080055f0   0x00000010   Code   RO         1941    .text.LCD_delay     lcd_init.o
    0x08005600   0x08005600   0x0000001c   Code   RO          606    .text.LL_ADC_Disable  stm32g4xx_hal_adc.o
    0x0800561c   0x0800561c   0x00000018   Code   RO          474    .text.LL_ADC_DisableDeepPowerDown  stm32g4xx_hal_adc.o
    0x08005634   0x08005634   0x0000001c   Code   RO          604    .text.LL_ADC_Enable  stm32g4xx_hal_adc.o
    0x08005650   0x08005650   0x0000001e   Code   RO          478    .text.LL_ADC_EnableInternalRegulator  stm32g4xx_hal_adc.o
    0x0800566e   0x0800566e   0x00000002   PAD
    0x08005670   0x08005670   0x00000010   Code   RO          566    .text.LL_ADC_GetCommonPathInternalCh  stm32g4xx_hal_adc.o
    0x08005680   0x08005680   0x00000010   Code   RO          498    .text.LL_ADC_GetMultimode  stm32g4xx_hal_adc.o
    0x08005690   0x08005690   0x0000001e   Code   RO          560    .text.LL_ADC_GetOffsetChannel  stm32g4xx_hal_adc.o
    0x080056ae   0x080056ae   0x00000002   PAD
    0x080056b0   0x080056b0   0x00000010   Code   RO          486    .text.LL_ADC_INJ_IsConversionOngoing  stm32g4xx_hal_adc.o
    0x080056c0   0x080056c0   0x0000000e   Code   RO          619    .text.LL_ADC_IsCalibrationOnGoing  stm32g4xx_hal_adc_ex.o
    0x080056ce   0x080056ce   0x00000002   PAD
    0x080056d0   0x080056d0   0x00000010   Code   RO          472    .text.LL_ADC_IsDeepPowerDownEnabled  stm32g4xx_hal_adc.o
    0x080056e0   0x080056e0   0x00000010   Code   RO          598    .text.LL_ADC_IsDisableOngoing  stm32g4xx_hal_adc.o
    0x080056f0   0x080056f0   0x00000010   Code   RO          482    .text.LL_ADC_IsEnabled  stm32g4xx_hal_adc.o
    0x08005700   0x08005700   0x00000010   Code   RO          631    .text.LL_ADC_IsEnabled  stm32g4xx_hal_adc_ex.o
    0x08005710   0x08005710   0x00000010   Code   RO          476    .text.LL_ADC_IsInternalRegulatorEnabled  stm32g4xx_hal_adc.o
    0x08005720   0x08005720   0x00000010   Code   RO          480    .text.LL_ADC_REG_IsConversionOngoing  stm32g4xx_hal_adc.o
    0x08005730   0x08005730   0x00000010   Code   RO          627    .text.LL_ADC_REG_IsConversionOngoing  stm32g4xx_hal_adc_ex.o
    0x08005740   0x08005740   0x00000016   Code   RO          510    .text.LL_ADC_REG_IsTriggerSourceSWStart  stm32g4xx_hal_adc.o
    0x08005756   0x08005756   0x00000002   PAD
    0x08005758   0x08005758   0x0000003a   Code   RO          548    .text.LL_ADC_REG_SetSequencerRanks  stm32g4xx_hal_adc.o
    0x08005792   0x08005792   0x00000002   PAD
    0x08005794   0x08005794   0x0000001c   Code   RO          502    .text.LL_ADC_REG_StartConversion  stm32g4xx_hal_adc.o
    0x080057b0   0x080057b0   0x00000036   Code   RO          550    .text.LL_ADC_SetChannelSamplingTime  stm32g4xx_hal_adc.o
    0x080057e6   0x080057e6   0x00000002   PAD
    0x080057e8   0x080057e8   0x00000034   Code   RO          564    .text.LL_ADC_SetChannelSingleDiff  stm32g4xx_hal_adc.o
    0x0800581c   0x0800581c   0x0000001a   Code   RO          484    .text.LL_ADC_SetCommonClock  stm32g4xx_hal_adc.o
    0x08005836   0x08005836   0x00000002   PAD
    0x08005838   0x08005838   0x0000001a   Code   RO          568    .text.LL_ADC_SetCommonPathInternalCh  stm32g4xx_hal_adc.o
    0x08005852   0x08005852   0x00000002   PAD
    0x08005854   0x08005854   0x0000003c   Code   RO          554    .text.LL_ADC_SetOffset  stm32g4xx_hal_adc.o
    0x08005890   0x08005890   0x00000028   Code   RO          558    .text.LL_ADC_SetOffsetSaturation  stm32g4xx_hal_adc.o
    0x080058b8   0x080058b8   0x00000028   Code   RO          556    .text.LL_ADC_SetOffsetSign  stm32g4xx_hal_adc.o
    0x080058e0   0x080058e0   0x00000028   Code   RO          562    .text.LL_ADC_SetOffsetState  stm32g4xx_hal_adc.o
    0x08005908   0x08005908   0x0000001a   Code   RO          552    .text.LL_ADC_SetSamplingTimeCommonConfig  stm32g4xx_hal_adc.o
    0x08005922   0x08005922   0x00000002   PAD
    0x08005924   0x08005924   0x00000028   Code   RO          617    .text.LL_ADC_StartCalibration  stm32g4xx_hal_adc_ex.o
    0x0800594c   0x0800594c   0x00000022   Code   RO          151    .text.LL_AHB2_GRP1_EnableClock  gpio.o
    0x0800596e   0x0800596e   0x00000002   PAD
    0x08005970   0x08005970   0x00000022   Code   RO          191    .text.LL_AHB2_GRP1_EnableClock  spi.o
    0x08005992   0x08005992   0x00000002   PAD
    0x08005994   0x08005994   0x00000022   Code   RO          228    .text.LL_AHB2_GRP1_EnableClock  tim.o
    0x080059b6   0x080059b6   0x00000002   PAD
    0x080059b8   0x080059b8   0x00000022   Code   RO          255    .text.LL_AHB2_GRP1_EnableClock  usart.o
    0x080059da   0x080059da   0x00000002   PAD
    0x080059dc   0x080059dc   0x00000022   Code   RO          199    .text.LL_APB1_GRP1_EnableClock  spi.o
    0x080059fe   0x080059fe   0x00000002   PAD
    0x08005a00   0x08005a00   0x00000022   Code   RO          232    .text.LL_APB1_GRP1_EnableClock  tim.o
    0x08005a22   0x08005a22   0x00000002   PAD
    0x08005a24   0x08005a24   0x00000022   Code   RO          189    .text.LL_APB2_GRP1_EnableClock  spi.o
    0x08005a46   0x08005a46   0x00000002   PAD
    0x08005a48   0x08005a48   0x00000022   Code   RO          212    .text.LL_APB2_GRP1_EnableClock  tim.o
    0x08005a6a   0x08005a6a   0x00000002   PAD
    0x08005a6c   0x08005a6c   0x00000022   Code   RO          253    .text.LL_APB2_GRP1_EnableClock  usart.o
    0x08005a8e   0x08005a8e   0x00000002   PAD
    0x08005a90   0x08005a90   0x00000018   Code   RO          398    .text.LL_EXTI_DisableEvent_0_31  stm32g4xx_ll_exti.o
    0x08005aa8   0x08005aa8   0x00000018   Code   RO          414    .text.LL_EXTI_DisableEvent_32_63  stm32g4xx_ll_exti.o
    0x08005ac0   0x08005ac0   0x00000018   Code   RO          406    .text.LL_EXTI_DisableFallingTrig_0_31  stm32g4xx_ll_exti.o
    0x08005ad8   0x08005ad8   0x00000018   Code   RO          422    .text.LL_EXTI_DisableFallingTrig_32_63  stm32g4xx_ll_exti.o
    0x08005af0   0x08005af0   0x00000018   Code   RO          402    .text.LL_EXTI_DisableIT_0_31  stm32g4xx_ll_exti.o
    0x08005b08   0x08005b08   0x00000018   Code   RO          418    .text.LL_EXTI_DisableIT_32_63  stm32g4xx_ll_exti.o
    0x08005b20   0x08005b20   0x00000018   Code   RO          410    .text.LL_EXTI_DisableRisingTrig_0_31  stm32g4xx_ll_exti.o
    0x08005b38   0x08005b38   0x00000018   Code   RO          426    .text.LL_EXTI_DisableRisingTrig_32_63  stm32g4xx_ll_exti.o
    0x08005b50   0x08005b50   0x00000018   Code   RO          404    .text.LL_EXTI_EnableEvent_0_31  stm32g4xx_ll_exti.o
    0x08005b68   0x08005b68   0x00000018   Code   RO          420    .text.LL_EXTI_EnableEvent_32_63  stm32g4xx_ll_exti.o
    0x08005b80   0x08005b80   0x00000018   Code   RO          412    .text.LL_EXTI_EnableFallingTrig_0_31  stm32g4xx_ll_exti.o
    0x08005b98   0x08005b98   0x00000018   Code   RO          428    .text.LL_EXTI_EnableFallingTrig_32_63  stm32g4xx_ll_exti.o
    0x08005bb0   0x08005bb0   0x00000018   Code   RO          400    .text.LL_EXTI_EnableIT_0_31  stm32g4xx_ll_exti.o
    0x08005bc8   0x08005bc8   0x00000018   Code   RO          416    .text.LL_EXTI_EnableIT_32_63  stm32g4xx_ll_exti.o
    0x08005be0   0x08005be0   0x00000018   Code   RO          408    .text.LL_EXTI_EnableRisingTrig_0_31  stm32g4xx_ll_exti.o
    0x08005bf8   0x08005bf8   0x00000018   Code   RO          424    .text.LL_EXTI_EnableRisingTrig_32_63  stm32g4xx_ll_exti.o
    0x08005c10   0x08005c10   0x000001dc   Code   RO          396    .text.LL_EXTI_Init  stm32g4xx_ll_exti.o
    0x08005dec   0x08005dec   0x000000dc   Code   RO          445    .text.LL_GPIO_Init  stm32g4xx_ll_gpio.o
    0x08005ec8   0x08005ec8   0x00000010   Code   RO          153    .text.LL_GPIO_ResetOutputPin  gpio.o
    0x08005ed8   0x08005ed8   0x00000010   Code   RO         1931    .text.LL_GPIO_ResetOutputPin  lcd_init.o
    0x08005ee8   0x08005ee8   0x0000007c   Code   RO          453    .text.LL_GPIO_SetAFPin_0_7  stm32g4xx_ll_gpio.o
    0x08005f64   0x08005f64   0x00000080   Code   RO          455    .text.LL_GPIO_SetAFPin_8_15  stm32g4xx_ll_gpio.o
    0x08005fe4   0x08005fe4   0x00000010   Code   RO          155    .text.LL_GPIO_SetOutputPin  gpio.o
    0x08005ff4   0x08005ff4   0x00000010   Code   RO         1933    .text.LL_GPIO_SetOutputPin  lcd_init.o
    0x08006004   0x08006004   0x0000007c   Code   RO          457    .text.LL_GPIO_SetPinMode  stm32g4xx_ll_gpio.o
    0x08006080   0x08006080   0x0000001e   Code   RO          449    .text.LL_GPIO_SetPinOutputType  stm32g4xx_ll_gpio.o
    0x0800609e   0x0800609e   0x00000002   PAD
    0x080060a0   0x080060a0   0x0000007c   Code   RO          451    .text.LL_GPIO_SetPinPull  stm32g4xx_ll_gpio.o
    0x0800611c   0x0800611c   0x0000007c   Code   RO          447    .text.LL_GPIO_SetPinSpeed  stm32g4xx_ll_gpio.o
    0x08006198   0x08006198   0x00000010   Code   RO         1661    .text.LL_RCC_GetAHBPrescaler  stm32g4xx_ll_rcc.o
    0x080061a8   0x080061a8   0x00000010   Code   RO         1663    .text.LL_RCC_GetAPB1Prescaler  stm32g4xx_ll_rcc.o
    0x080061b8   0x080061b8   0x00000010   Code   RO         1665    .text.LL_RCC_GetAPB2Prescaler  stm32g4xx_ll_rcc.o
    0x080061c8   0x080061c8   0x00000010   Code   RO         1571    .text.LL_RCC_GetSysClkSource  stm32g4xx_ll_rcc.o
    0x080061d8   0x080061d8   0x0000011e   Code   RO         1593    .text.LL_RCC_GetUARTClockFreq  stm32g4xx_ll_rcc.o
    0x080062f6   0x080062f6   0x00000002   PAD
    0x080062f8   0x080062f8   0x0000001a   Code   RO         1595    .text.LL_RCC_GetUARTClockSource  stm32g4xx_ll_rcc.o
    0x08006312   0x08006312   0x00000002   PAD
    0x08006314   0x08006314   0x00000172   Code   RO         1587    .text.LL_RCC_GetUSARTClockFreq  stm32g4xx_ll_rcc.o
    0x08006486   0x08006486   0x00000002   PAD
    0x08006488   0x08006488   0x0000001a   Code   RO         1589    .text.LL_RCC_GetUSARTClockSource  stm32g4xx_ll_rcc.o
    0x080064a2   0x080064a2   0x00000002   PAD
    0x080064a4   0x080064a4   0x00000010   Code   RO         1567    .text.LL_RCC_HSI_IsReady  stm32g4xx_ll_rcc.o
    0x080064b4   0x080064b4   0x00000010   Code   RO         1591    .text.LL_RCC_LSE_IsReady  stm32g4xx_ll_rcc.o
    0x080064c4   0x080064c4   0x00000010   Code   RO         1657    .text.LL_RCC_PLL_GetDivider  stm32g4xx_ll_rcc.o
    0x080064d4   0x080064d4   0x00000010   Code   RO         1653    .text.LL_RCC_PLL_GetMainSource  stm32g4xx_ll_rcc.o
    0x080064e4   0x080064e4   0x00000010   Code   RO         1655    .text.LL_RCC_PLL_GetN  stm32g4xx_ll_rcc.o
    0x080064f4   0x080064f4   0x00000010   Code   RO         1659    .text.LL_RCC_PLL_GetR  stm32g4xx_ll_rcc.o
    0x08006504   0x08006504   0x00000012   Code   RO          201    .text.LL_SPI_DisableNSSPulseMgt  spi.o
    0x08006516   0x08006516   0x00000002   PAD
    0x08006518   0x08006518   0x00000012   Code   RO         1939    .text.LL_SPI_Enable  lcd_init.o
    0x0800652a   0x0800652a   0x00000002   PAD
    0x0800652c   0x0800652c   0x00000012   Code   RO          195    .text.LL_SPI_EnableNSSPulseMgt  spi.o
    0x0800653e   0x0800653e   0x00000002   PAD
    0x08006540   0x08006540   0x000000b8   Code   RO         1371    .text.LL_SPI_Init   stm32g4xx_ll_spi.o
    0x080065f8   0x080065f8   0x00000010   Code   RO         1919    .text.LL_SPI_IsActiveFlag_TXE  lcd_init.o
    0x08006608   0x08006608   0x00000010   Code   RO         1373    .text.LL_SPI_IsEnabled  stm32g4xx_ll_spi.o
    0x08006618   0x08006618   0x00000012   Code   RO         1377    .text.LL_SPI_SetCRCPolynomial  stm32g4xx_ll_spi.o
    0x0800662a   0x0800662a   0x00000002   PAD
    0x0800662c   0x0800662c   0x0000001a   Code   RO         1375    .text.LL_SPI_SetRxFIFOThreshold  stm32g4xx_ll_spi.o
    0x08006646   0x08006646   0x00000002   PAD
    0x08006648   0x08006648   0x0000001a   Code   RO          193    .text.LL_SPI_SetStandard  spi.o
    0x08006662   0x08006662   0x00000002   PAD
    0x08006664   0x08006664   0x0000001a   Code   RO         1921    .text.LL_SPI_TransmitData8  lcd_init.o
    0x0800667e   0x0800667e   0x00000002   PAD
    0x08006680   0x08006680   0x000000f8   Code   RO         1508    .text.LL_TIM_BDTR_Init  stm32g4xx_ll_tim.o
    0x08006778   0x08006778   0x00000012   Code   RO          214    .text.LL_TIM_DisableARRPreload  tim.o
    0x0800678a   0x0800678a   0x00000002   PAD
    0x0800678c   0x0800678c   0x00000012   Code   RO          226    .text.LL_TIM_DisableMasterSlaveMode  tim.o
    0x0800679e   0x0800679e   0x00000002   PAD
    0x080067a0   0x080067a0   0x00000012   Code   RO          135    .text.LL_TIM_EnableCounter  main.o
    0x080067b2   0x080067b2   0x00000002   PAD
    0x080067b4   0x080067b4   0x00000012   Code   RO          137    .text.LL_TIM_EnableIT_UPDATE  main.o
    0x080067c6   0x080067c6   0x00000002   PAD
    0x080067c8   0x080067c8   0x00000012   Code   RO         1464    .text.LL_TIM_GenerateEvent_UPDATE  stm32g4xx_ll_tim.o
    0x080067da   0x080067da   0x00000002   PAD
    0x080067dc   0x080067dc   0x000001c4   Code   RO         1456    .text.LL_TIM_Init   stm32g4xx_ll_tim.o
    0x080069a0   0x080069a0   0x000000f4   Code   RO          220    .text.LL_TIM_OC_DisableFast  tim.o
    0x08006a94   0x08006a94   0x000000f4   Code   RO          218    .text.LL_TIM_OC_EnablePreload  tim.o
    0x08006b88   0x08006b88   0x000000a8   Code   RO         1468    .text.LL_TIM_OC_Init  stm32g4xx_ll_tim.o
    0x08006c30   0x08006c30   0x00000010   Code   RO         1510    .text.LL_TIM_OC_SetCompareCH1  stm32g4xx_ll_tim.o
    0x08006c40   0x08006c40   0x00000010   Code   RO         1504    .text.LL_TIM_OC_SetCompareCH2  stm32g4xx_ll_tim.o
    0x08006c50   0x08006c50   0x00000010   Code   RO         1512    .text.LL_TIM_OC_SetCompareCH3  stm32g4xx_ll_tim.o
    0x08006c60   0x08006c60   0x00000010   Code   RO         1514    .text.LL_TIM_OC_SetCompareCH4  stm32g4xx_ll_tim.o
    0x08006c70   0x08006c70   0x00000014   Code   RO         1516    .text.LL_TIM_OC_SetCompareCH5  stm32g4xx_ll_tim.o
    0x08006c84   0x08006c84   0x00000010   Code   RO         1518    .text.LL_TIM_OC_SetCompareCH6  stm32g4xx_ll_tim.o
    0x08006c94   0x08006c94   0x00000010   Code   RO         1458    .text.LL_TIM_SetAutoReload  stm32g4xx_ll_tim.o
    0x08006ca4   0x08006ca4   0x00000020   Code   RO          216    .text.LL_TIM_SetClockSource  tim.o
    0x08006cc4   0x08006cc4   0x00000010   Code   RO         1460    .text.LL_TIM_SetPrescaler  stm32g4xx_ll_tim.o
    0x08006cd4   0x08006cd4   0x00000010   Code   RO         1462    .text.LL_TIM_SetRepetitionCounter  stm32g4xx_ll_tim.o
    0x08006ce4   0x08006ce4   0x00000020   Code   RO          222    .text.LL_TIM_SetTriggerOutput  tim.o
    0x08006d04   0x08006d04   0x0000001a   Code   RO          224    .text.LL_TIM_SetTriggerOutput2  tim.o
    0x08006d1e   0x08006d1e   0x00000002   PAD
    0x08006d20   0x08006d20   0x0000001c   Code   RO          263    .text.LL_USART_ConfigAsyncMode  usart.o
    0x08006d3c   0x08006d3c   0x00000012   Code   RO          261    .text.LL_USART_DisableFIFO  usart.o
    0x08006d4e   0x08006d4e   0x00000002   PAD
    0x08006d50   0x08006d50   0x00000012   Code   RO          265    .text.LL_USART_Enable  usart.o
    0x08006d62   0x08006d62   0x00000002   PAD
    0x08006d64   0x08006d64   0x0000012c   Code   RO         1537    .text.LL_USART_Init  stm32g4xx_ll_usart.o
    0x08006e90   0x08006e90   0x00000010   Code   RO          269    .text.LL_USART_IsActiveFlag_REACK  usart.o
    0x08006ea0   0x08006ea0   0x00000010   Code   RO          267    .text.LL_USART_IsActiveFlag_TEACK  usart.o
    0x08006eb0   0x08006eb0   0x00000010   Code   RO         1539    .text.LL_USART_IsEnabled  stm32g4xx_ll_usart.o
    0x08006ec0   0x08006ec0   0x000000a0   Code   RO         1545    .text.LL_USART_SetBaudRate  stm32g4xx_ll_usart.o
    0x08006f60   0x08006f60   0x0000001a   Code   RO         1543    .text.LL_USART_SetHWFlowCtrl  stm32g4xx_ll_usart.o
    0x08006f7a   0x08006f7a   0x00000002   PAD
    0x08006f7c   0x08006f7c   0x0000001c   Code   RO         1547    .text.LL_USART_SetPrescaler  stm32g4xx_ll_usart.o
    0x08006f98   0x08006f98   0x00000032   Code   RO          259    .text.LL_USART_SetRXFIFOThreshold  usart.o
    0x08006fca   0x08006fca   0x00000002   PAD
    0x08006fcc   0x08006fcc   0x0000001a   Code   RO         1541    .text.LL_USART_SetStopBitsLength  stm32g4xx_ll_usart.o
    0x08006fe6   0x08006fe6   0x00000002   PAD
    0x08006fe8   0x08006fe8   0x00000032   Code   RO          257    .text.LL_USART_SetTXFIFOThreshold  usart.o
    0x0800701a   0x0800701a   0x00000002   PAD
    0x0800701c   0x0800701c   0x00000154   Code   RO          164    .text.MX_ADC1_Init  adc.o
    0x08007170   0x08007170   0x00000056   Code   RO          179    .text.MX_DMA_Init   dma.o
    0x080071c6   0x080071c6   0x00000002   PAD
    0x080071c8   0x080071c8   0x000002bc   Code   RO          149    .text.MX_GPIO_Init  gpio.o
    0x08007484   0x08007484   0x000000ea   Code   RO          187    .text.MX_SPI1_Init  spi.o
    0x0800756e   0x0800756e   0x00000002   PAD
    0x08007570   0x08007570   0x000000cc   Code   RO          197    .text.MX_SPI3_Init  spi.o
    0x0800763c   0x0800763c   0x00000114   Code   RO          210    .text.MX_TIM1_Init  tim.o
    0x08007750   0x08007750   0x00000072   Code   RO          230    .text.MX_TIM2_Init  tim.o
    0x080077c2   0x080077c2   0x00000002   PAD
    0x080077c4   0x080077c4   0x0000012a   Code   RO          251    .text.MX_USART1_UART_Init  usart.o
    0x080078ee   0x080078ee   0x00000002   PAD
    0x080078f0   0x080078f0   0x0000003e   Code   RO          278    .text.MX_USB_PCD_Init  usb.o
    0x0800792e   0x0800792e   0x00000002   PAD
    0x08007930   0x08007930   0x00000004   Code   RO          296    .text.MemManage_Handler  stm32g4xx_it.o
    0x08007934   0x08007934   0x00000004   Code   RO          292    .text.NMI_Handler   stm32g4xx_it.o
    0x08007938   0x08007938   0x0000006c   Code   RO          236    .text.NVIC_EncodePriority  tim.o
    0x080079a4   0x080079a4   0x0000006c   Code   RO         1283    .text.NVIC_EncodePriority  stm32g4xx_hal_cortex.o
    0x08007a10   0x08007a10   0x0000011e   Code   RO         1470    .text.OC1Config     stm32g4xx_ll_tim.o
    0x08007b2e   0x08007b2e   0x00000002   PAD
    0x08007b30   0x08007b30   0x00000126   Code   RO         1472    .text.OC2Config     stm32g4xx_ll_tim.o
    0x08007c56   0x08007c56   0x00000002   PAD
    0x08007c58   0x08007c58   0x00000124   Code   RO         1474    .text.OC3Config     stm32g4xx_ll_tim.o
    0x08007d7c   0x08007d7c   0x00000126   Code   RO         1476    .text.OC4Config     stm32g4xx_ll_tim.o
    0x08007ea2   0x08007ea2   0x00000002   PAD
    0x08007ea4   0x08007ea4   0x000000e4   Code   RO         1478    .text.OC5Config     stm32g4xx_ll_tim.o
    0x08007f88   0x08007f88   0x000000e6   Code   RO         1480    .text.OC6Config     stm32g4xx_ll_tim.o
    0x0800806e   0x0800806e   0x00000002   PAD
    0x08008070   0x08008070   0x00000002   Code   RO          306    .text.PendSV_Handler  stm32g4xx_it.o
    0x08008072   0x08008072   0x00000002   PAD
    0x08008074   0x08008074   0x0000002a   Code   RO         1581    .text.RCC_GetHCLKClockFreq  stm32g4xx_ll_rcc.o
    0x0800809e   0x0800809e   0x00000002   PAD
    0x080080a0   0x080080a0   0x00000028   Code   RO         1583    .text.RCC_GetPCLK1ClockFreq  stm32g4xx_ll_rcc.o
    0x080080c8   0x080080c8   0x00000028   Code   RO         1585    .text.RCC_GetPCLK2ClockFreq  stm32g4xx_ll_rcc.o
    0x080080f0   0x080080f0   0x0000009c   Code   RO          873    .text.RCC_GetSysClockFreqFromPLLSource  stm32g4xx_hal_rcc.o
    0x0800818c   0x0800818c   0x00000054   Code   RO         1579    .text.RCC_GetSystemClockFreq  stm32g4xx_ll_rcc.o
    0x080081e0   0x080081e0   0x0000007c   Code   RO         1651    .text.RCC_PLL_GetFreqDomain_SYS  stm32g4xx_ll_rcc.o
    0x0800825c   0x0800825c   0x00000002   Code   RO          302    .text.SVC_Handler   stm32g4xx_it.o
    0x0800825e   0x0800825e   0x00000002   PAD
    0x08008260   0x08008260   0x00000052   Code   RO         1299    .text.SysTick_Config  stm32g4xx_hal_cortex.o
    0x080082b2   0x080082b2   0x00000002   PAD
    0x080082b4   0x080082b4   0x00000008   Code   RO          308    .text.SysTick_Handler  stm32g4xx_it.o
    0x080082bc   0x080082bc   0x0000007a   Code   RO          133    .text.SystemClock_Config  main.o
    0x08008336   0x08008336   0x00000002   PAD
    0x08008338   0x08008338   0x00000012   Code   RO         1831    .text.SystemInit    system_stm32g4xx.o
    0x0800834a   0x0800834a   0x00000002   PAD
    0x0800834c   0x0800834c   0x00000008   Code   RO          312    .text.TIM2_IRQHandler  stm32g4xx_it.o
    0x08008354   0x08008354   0x00000028   Code   RO         1788    .text.USB_DevInit   stm32g4xx_ll_usb.o
    0x0800837c   0x0800837c   0x0000001e   Code   RO         1784    .text.USB_DisableGlobalInt  stm32g4xx_ll_usb.o
    0x0800839a   0x0800839a   0x00000002   PAD
    0x0800839c   0x0800839c   0x00000004   Code   RO          300    .text.UsageFault_Handler  stm32g4xx_it.o
    0x080083a0   0x080083a0   0x00000060   Code   RO           89    .text._GLOBAL__sub_I_maincpp.cpp  maincpp.o
    0x08008400   0x08008400   0x0000008c   Code   RO           79    .text._Z10gui_updatev  maincpp.o
    0x0800848c   0x0800848c   0x00000050   Code   RO           61    .text._Z11button_dowmi  maincpp.o
    0x080084dc   0x080084dc   0x00000010   Code   RO           75    .text._Z18button_update_testv  maincpp.o
    0x080084ec   0x080084ec   0x000000e8   Code   RO           59    .text._Z19button_state_updatev  maincpp.o
    0x080085d4   0x080085d4   0x00000046   Code   RO           57    .text._Z5remapfffff  maincpp.o
    0x0800861a   0x0800861a   0x00000002   PAD
    0x0800861c   0x0800861c   0x000000e4   Code   RO           63    .text._Z7stickintt  maincpp.o
    0x08008700   0x08008700   0x0000001e   Code   RO         1877    .text._Z9list_swapIPFvttEEvRT_S3_  sky_button.o
    0x0800871e   0x0800871e   0x00000002   PAD
    0x08008720   0x08008720   0x0000001e   Code   RO         1875    .text._Z9list_swapIiEvRT_S1_  sky_button.o
    0x0800873e   0x0800873e   0x00000002   PAD
    0x08008740   0x08008740   0x00000022   Code   RO         1879    .text._Z9list_swapItEvRT_S1_  sky_button.o
    0x08008762   0x08008762   0x00000002   PAD
    0x08008764   0x08008764   0x00000012   Code   RO           71    .text._ZL20LL_TIM_EnableCounterP11TIM_TypeDef  maincpp.o
    0x08008776   0x08008776   0x00000002   PAD
    0x08008778   0x08008778   0x0000001a   Code   RO         1855    .text._ZL21LL_GPIO_IsInputPinSetP12GPIO_TypeDefj  sky_button.o
    0x08008792   0x08008792   0x00000002   PAD
    0x08008794   0x08008794   0x0000000c   Code   RO           87    .text._ZL21LL_GPIO_ReadInputPortP12GPIO_TypeDef  maincpp.o
    0x080087a0   0x080087a0   0x00000012   Code   RO           67    .text._ZL21LL_TIM_DisableCounterP11TIM_TypeDef  maincpp.o
    0x080087b2   0x080087b2   0x00000002   PAD
    0x080087b4   0x080087b4   0x00000012   Code   RO           73    .text._ZL22LL_TIM_EnableIT_UPDATEP11TIM_TypeDef  maincpp.o
    0x080087c6   0x080087c6   0x00000002   PAD
    0x080087c8   0x080087c8   0x00000068   Code   RO           65    .text._ZL23LL_SYSCFG_SetEXTISourcejj  maincpp.o
    0x08008830   0x08008830   0x00000010   Code   RO           85    .text._ZL23LL_TIM_ClearFlag_UPDATEP11TIM_TypeDef  maincpp.o
    0x08008840   0x08008840   0x00000012   Code   RO           69    .text._ZL23LL_TIM_DisableIT_UPDATEP11TIM_TypeDef  maincpp.o
    0x08008852   0x08008852   0x00000002   PAD
    0x08008854   0x08008854   0x0000002c   Code   RO          128    .text._ZN6DrawerC2Ev  maincpp.o
    0x08008880   0x08008880   0x00000020   Code   RO         1853    .text._ZN6button13button_updateEv  sky_button.o
    0x080088a0   0x080088a0   0x00000018   Code   RO         1861    .text._ZN6button16buttonCallRegistEPFviEi  sky_button.o
    0x080088b8   0x080088b8   0x0000004e   Code   RO         1859    .text._ZN6button17buttonStateUpdateEv  sky_button.o
    0x08008906   0x08008906   0x00000002   PAD
    0x08008908   0x08008908   0x00000098   Code   RO         1857    .text._ZN6button18buttonStateMachineEv  sky_button.o
    0x080089a0   0x080089a0   0x00000032   Code   RO          124    .text._ZN6buttonC2EP12GPIO_TypeDefji  maincpp.o
    0x080089d2   0x080089d2   0x00000002   PAD
    0x080089d4   0x080089d4   0x00000132   Code   RO         1867    .text._ZN8joystick13EventRegisterEPFvttEttNS_9EventTypeEi  sky_button.o
    0x08008b06   0x08008b06   0x00000002   PAD
    0x08008b08   0x08008b08   0x0000007c   Code   RO         1865    .text._ZN8joystick16StickStateUpdateEv  sky_button.o
    0x08008b84   0x08008b84   0x00000162   Code   RO         1863    .text._ZN8joystick17StickStateMachineEv  sky_button.o
    0x08008ce6   0x08008ce6   0x00000002   PAD
    0x08008ce8   0x08008ce8   0x000000e6   Code   RO          126    .text._ZN8joystickC2Ev  maincpp.o
    0x08008dce   0x08008dce   0x00000002   PAD
    0x08008dd0   0x08008dd0   0x00000030   Code   RO          240    .text.__NVIC_EnableIRQ  tim.o
    0x08008e00   0x08008e00   0x00000030   Code   RO         1287    .text.__NVIC_EnableIRQ  stm32g4xx_hal_cortex.o
    0x08008e30   0x08008e30   0x00000010   Code   RO          238    .text.__NVIC_GetPriorityGrouping  tim.o
    0x08008e40   0x08008e40   0x00000010   Code   RO         1279    .text.__NVIC_GetPriorityGrouping  stm32g4xx_hal_cortex.o
    0x08008e50   0x08008e50   0x00000042   Code   RO          234    .text.__NVIC_SetPriority  tim.o
    0x08008e92   0x08008e92   0x00000002   PAD
    0x08008e94   0x08008e94   0x00000042   Code   RO         1281    .text.__NVIC_SetPriority  stm32g4xx_hal_cortex.o
    0x08008ed6   0x08008ed6   0x00000002   PAD
    0x08008ed8   0x08008ed8   0x0000003c   Code   RO         1275    .text.__NVIC_SetPriorityGrouping  stm32g4xx_hal_cortex.o
    0x08008f14   0x08008f14   0x00000028   Code   RO           11    .text.__cxx_global_var_init  maincpp.o
    0x08008f3c   0x08008f3c   0x00000028   Code   RO           13    .text.__cxx_global_var_init.1  maincpp.o
    0x08008f64   0x08008f64   0x00000024   Code   RO           31    .text.__cxx_global_var_init.10  maincpp.o
    0x08008f88   0x08008f88   0x0000002a   Code   RO           33    .text.__cxx_global_var_init.11  maincpp.o
    0x08008fb2   0x08008fb2   0x00000002   PAD
    0x08008fb4   0x08008fb4   0x0000002a   Code   RO           35    .text.__cxx_global_var_init.12  maincpp.o
    0x08008fde   0x08008fde   0x00000002   PAD
    0x08008fe0   0x08008fe0   0x00000028   Code   RO           37    .text.__cxx_global_var_init.13  maincpp.o
    0x08009008   0x08009008   0x00000028   Code   RO           39    .text.__cxx_global_var_init.14  maincpp.o
    0x08009030   0x08009030   0x0000002a   Code   RO           41    .text.__cxx_global_var_init.15  maincpp.o
    0x0800905a   0x0800905a   0x00000002   PAD
    0x0800905c   0x0800905c   0x0000002a   Code   RO           43    .text.__cxx_global_var_init.16  maincpp.o
    0x08009086   0x08009086   0x00000002   PAD
    0x08009088   0x08009088   0x00000026   Code   RO           45    .text.__cxx_global_var_init.17  maincpp.o
    0x080090ae   0x080090ae   0x00000002   PAD
    0x080090b0   0x080090b0   0x00000026   Code   RO           47    .text.__cxx_global_var_init.18  maincpp.o
    0x080090d6   0x080090d6   0x00000002   PAD
    0x080090d8   0x080090d8   0x00000020   Code   RO           49    .text.__cxx_global_var_init.19  maincpp.o
    0x080090f8   0x080090f8   0x00000028   Code   RO           15    .text.__cxx_global_var_init.2  maincpp.o
    0x08009120   0x08009120   0x00000020   Code   RO           51    .text.__cxx_global_var_init.20  maincpp.o
    0x08009140   0x08009140   0x00000020   Code   RO           53    .text.__cxx_global_var_init.21  maincpp.o
    0x08009160   0x08009160   0x00000010   Code   RO           55    .text.__cxx_global_var_init.22  maincpp.o
    0x08009170   0x08009170   0x00000028   Code   RO           17    .text.__cxx_global_var_init.3  maincpp.o
    0x08009198   0x08009198   0x00000024   Code   RO           19    .text.__cxx_global_var_init.4  maincpp.o
    0x080091bc   0x080091bc   0x00000024   Code   RO           21    .text.__cxx_global_var_init.5  maincpp.o
    0x080091e0   0x080091e0   0x00000024   Code   RO           23    .text.__cxx_global_var_init.6  maincpp.o
    0x08009204   0x08009204   0x00000024   Code   RO           25    .text.__cxx_global_var_init.7  maincpp.o
    0x08009228   0x08009228   0x00000024   Code   RO           27    .text.__cxx_global_var_init.8  maincpp.o
    0x0800924c   0x0800924c   0x00000024   Code   RO           29    .text.__cxx_global_var_init.9  maincpp.o
    0x08009270   0x08009270   0x00000016   Code   RO         1923    .text.delay         lcd_init.o
    0x08009286   0x08009286   0x00000002   PAD
    0x08009288   0x08009288   0x00000084   Code   RO          131    .text.main          main.o
    0x0800930c   0x0800930c   0x0000007a   Code   RO           81    .text.maincpp       maincpp.o
    0x08009386   0x08009386   0x00000002   PAD
    0x08009388   0x08009388   0x0000006e   Code   RO           83    .text.tim2_callback  maincpp.o
    0x080093f6   0x080093f6   0x0000003e   Code   RO         2392    CL$$btod_d2e        c_w.l(btod.o)
    0x08009434   0x08009434   0x00000046   Code   RO         2394    CL$$btod_d2e_denorm_low  c_w.l(btod.o)
    0x0800947a   0x0800947a   0x00000060   Code   RO         2393    CL$$btod_d2e_norm_op1  c_w.l(btod.o)
    0x080094da   0x080094da   0x00000002   PAD
    0x080094dc   0x080094dc   0x00000338   Code   RO         2402    CL$$btod_div_common  c_w.l(btod.o)
    0x08009814   0x08009814   0x000000dc   Code   RO         2399    CL$$btod_e2e        c_w.l(btod.o)
    0x080098f0   0x080098f0   0x0000002a   Code   RO         2396    CL$$btod_ediv       c_w.l(btod.o)
    0x0800991a   0x0800991a   0x0000002a   Code   RO         2395    CL$$btod_emul       c_w.l(btod.o)
    0x08009944   0x08009944   0x00000244   Code   RO         2401    CL$$btod_mult_common  c_w.l(btod.o)
    0x08009b88   0x08009b88   0x00000030   Code   RO         2443    i.__ARM_fpclassify  m_wm.l(fpclassify.o)
    0x08009bb8   0x08009bb8   0x0000000e   Code   RO         2172    i._is_digit         c_w.l(__printf_wp.o)
    0x08009bc6   0x08009bc6   0x00000002   PAD
    0x08009bc8   0x08009bc8   0x0000002c   Code   RO         2417    locale$$code        c_w.l(lc_numeric_c.o)
    0x08009bf4   0x08009bf4   0x0000002c   Code   RO         2461    locale$$code        c_w.l(lc_ctype_c.o)
    0x08009c20   0x08009c20   0x0000001a   Code   RO         2346    x$fpl$fpinit        fz_wm.l(fpinit.o)
    0x08009c3a   0x08009c3a   0x00000004   Code   RO         2256    x$fpl$printf1       fz_wm.l(printf1.o)
    0x08009c3e   0x08009c3e   0x00000004   Code   RO         2258    x$fpl$printf2       fz_wm.l(printf2.o)
    0x08009c42   0x08009c42   0x00000000   Code   RO         2442    x$fpl$usenofp       fz_wm.l(usenofp.o)
    0x08009c42   0x08009c42   0x00000002   PAD
    0x08009c44   0x08009c44   0x00000008   Data   RO         2131    .constdata          c_w.l(_printf_wctomb.o)
    0x08009c4c   0x08009c4c   0x00000028   Data   RO         2160    .constdata          c_w.l(_printf_hex_int_ll_ptr.o)
    0x08009c74   0x08009c74   0x00000011   Data   RO         2180    .constdata          c_w.l(__printf_flags_ss_wp.o)
    0x08009c85   0x08009c85   0x00000026   Data   RO         2329    .constdata          c_w.l(_printf_fp_hex.o)
    0x08009cab   0x08009cab   0x00000001   PAD
    0x08009cac   0x08009cac   0x00000094   Data   RO         2390    .constdata          c_w.l(bigflt0.o)
    0x08009d40   0x08009d40   0x00000010   Data   RO         1836    .rodata.AHBPrescTable  system_stm32g4xx.o
    0x08009d50   0x08009d50   0x00000008   Data   RO         1837    .rodata.APBPrescTable  system_stm32g4xx.o
    0x08009d58   0x08009d58   0x0000000a   Data   RO          242    .rodata.OFFSET_TAB_CCMRx  tim.o
    0x08009d62   0x08009d62   0x0000000a   Data   RO          243    .rodata.SHIFT_TAB_OCxx  tim.o
    0x08009d6c   0x08009d6c   0x00000030   Data   RO         1555    .rodata.USART_PRESCALER_TAB  stm32g4xx_ll_usart.o
    0x08009d9c   0x08009d9c   0x00000474   Data   RO         1904    .rodata.ascii_1206  lcd.o
    0x0800a210   0x0800a210   0x000005f0   Data   RO         1905    .rodata.ascii_1608  lcd.o
    0x0800a800   0x0800a800   0x000011d0   Data   RO         1906    .rodata.ascii_2412  lcd.o
    0x0800b9d0   0x0800b9d0   0x000017c0   Data   RO         1907    .rodata.ascii_3216  lcd.o
    0x0800d190   0x0800d190   0x00000006   Data   RO          116    .rodata.str1.1      maincpp.o
    0x0800d196   0x0800d196   0x00000002   PAD
    0x0800d198   0x0800d198   0x00000020   Data   RO         2532    Region$$Table       anon$$obj.o
    0x0800d1b8   0x0800d1b8   0x0000001c   Data   RO         2416    locale$$data        c_w.l(lc_numeric_c.o)
    0x0800d1d4   0x0800d1d4   0x00000110   Data   RO         2460    locale$$data        c_w.l(lc_ctype_c.o)
    0x0800d2e4   0x0800d2e4   0x00000004   Data   RO          117    .init_array         maincpp.o
    0x0800d2e8   0x0800d2e4   0x00000000   Data   RO         2000    .init_array         c_w.l(init_aeabi.o)


    Execution Region RW_IRAM1 (Exec base: 0x20000000, Load base: 0x0800d2e8, Size: 0x000029c0, Max: 0x00020000, ABSOLUTE)

    Exec Addr    Load Addr    Size         Type   Attr      Idx    E Section Name        Object

    0x20000000   0x0800d2e8   0x00000004   Data   RW         1835    .data.SystemCoreClock  system_stm32g4xx.o
    0x20000004   0x0800d2ec   0x00000004   Data   RW          858    .data.uwTickFreq    stm32g4xx_hal.o
    0x20000008   0x0800d2f0   0x00000004   Data   RW          857    .data.uwTickPrio    stm32g4xx_hal.o
    0x2000000c   0x0800d2f4   0x00000004   PAD
    0x20000010        -       0x00000060   Zero   RW         2368    .bss                c_w.l(libspace.o)
    0x20000070        -       0x000007dc   Zero   RW          112    .bss.Stick_L        maincpp.o
    0x2000084c        -       0x000007dc   Zero   RW          113    .bss.Stick_R        maincpp.o
    0x20001028        -       0x00000004   Zero   RW           93    .bss._ZL5bt_id      maincpp.o
    0x2000102c        -       0x0000000a   Zero   RW           91    .bss.adc_vals       maincpp.o
    0x20001036   0x0800d2f4   0x00000002   PAD
    0x20001038        -       0x00000034   Zero   RW           98    .bss.button_A       maincpp.o
    0x2000106c        -       0x00000034   Zero   RW           97    .bss.button_B       maincpp.o
    0x200010a0        -       0x00000034   Zero   RW          102    .bss.button_BACK    maincpp.o
    0x200010d4        -       0x00000034   Zero   RW          103    .bss.button_CLEAR   maincpp.o
    0x20001108        -       0x00000034   Zero   RW          110    .bss.button_DOWN    maincpp.o
    0x2000113c        -       0x00000034   Zero   RW          101    .bss.button_HOME    maincpp.o
    0x20001170        -       0x00000034   Zero   RW          106    .bss.button_LB      maincpp.o
    0x200011a4        -       0x00000034   Zero   RW          109    .bss.button_LEFT    maincpp.o
    0x200011d8        -       0x00000034   Zero   RW          105    .bss.button_LS      maincpp.o
    0x2000120c        -       0x00000034   Zero   RW          107    .bss.button_LT      maincpp.o
    0x20001240        -       0x00000034   Zero   RW           94    .bss.button_RB      maincpp.o
    0x20001274        -       0x00000034   Zero   RW          111    .bss.button_RIGHT   maincpp.o
    0x200012a8        -       0x00000034   Zero   RW          104    .bss.button_RS      maincpp.o
    0x200012dc        -       0x00000034   Zero   RW           92    .bss.button_RT      maincpp.o
    0x20001310        -       0x00000034   Zero   RW           99    .bss.button_START   maincpp.o
    0x20001344        -       0x00000034   Zero   RW          100    .bss.button_THRBO   maincpp.o
    0x20001378        -       0x00000034   Zero   RW          108    .bss.button_UP      maincpp.o
    0x200013ac        -       0x00000034   Zero   RW           96    .bss.button_X       maincpp.o
    0x200013e0        -       0x00000034   Zero   RW           95    .bss.button_Y       maincpp.o
    0x20001414        -       0x0000006c   Zero   RW          170    .bss.hadc1          adc.o
    0x20001480        -       0x00000060   Zero   RW          171    .bss.hdma_adc1      adc.o
    0x200014e0        -       0x000002dc   Zero   RW          284    .bss.hpcd_USB_FS    usb.o
    0x200017bc        -       0x00000020   Zero   RW          115    .bss.lcd_drawer     maincpp.o
    0x200017dc        -       0x000007dc   Zero   RW          114    .bss.sticktest      maincpp.o
    0x20001fb8        -       0x00000004   Zero   RW          859    .bss.uwTick         stm32g4xx_hal.o
    0x20001fbc   0x0800d2f4   0x00000004   PAD
    0x20001fc0        -       0x00000200   Zero   RW            2    HEAP                startup_stm32g473xx.o
    0x200021c0        -       0x00000800   Zero   RW            1    STACK               startup_stm32g473xx.o


==============================================================================

Image component sizes


      Code (inc. data)   RO Data    RW Data    ZI Data      Debug   Object Name

       642          0          0          0        204       7490   adc.o
        86          0          0          0          0       3753   dma.o
       766          0          0          0          0       2865   gpio.o
       870          0      13300          0          0       5267   lcd.o
      1006          0          0          0          0       3192   lcd_init.o
       304          0          0          0          0       2754   main.o
      2470         12         10          0       7070      16507   maincpp.o
      1190          0          0          0          0       5875   sky_button.o
       602          0          0          0          0       3780   spi.o
        64         26        472          0       2560        852   startup_stm32g473xx.o
       366          0          0          8          4       8917   stm32g4xx_hal.o
      6000          0          0          0          0      22448   stm32g4xx_hal_adc.o
      1064          0          0          0          0      19752   stm32g4xx_hal_adc_ex.o
       478          0          0          0          0       9907   stm32g4xx_hal_cortex.o
      1222          0          0          0          0       7784   stm32g4xx_hal_dma.o
       872          0          0          0          0       5321   stm32g4xx_hal_gpio.o
        82          0          0          0          0       1652   stm32g4xx_hal_msp.o
       404          0          0          0          0      13718   stm32g4xx_hal_pcd.o
        58          0          0          0          0       5100   stm32g4xx_hal_pcd_ex.o
        44          0          0          0          0       5135   stm32g4xx_hal_pwr.o
       616          0          0          0          0       7801   stm32g4xx_hal_pwr_ex.o
      3188          0          0          0          0       9533   stm32g4xx_hal_rcc.o
      1316          0          0          0          0      11714   stm32g4xx_hal_rcc_ex.o
        58          0          0          0          0       1208   stm32g4xx_it.o
       860          0          0          0          0       4142   stm32g4xx_ll_exti.o
       874          0          0          0          0       5139   stm32g4xx_ll_gpio.o
      1198         18          0          0          0      11052   stm32g4xx_ll_rcc.o
       244          0          0          0          0       5123   stm32g4xx_ll_spi.o
      2658          0          0          0          0      10861   stm32g4xx_ll_tim.o
       556          0         48          0          0       5234   stm32g4xx_ll_usart.o
        70          0          0          0          0      11258   stm32g4xx_ll_usb.o
        18          0         24          4          0       2701   system_stm32g4xx.o
      1344          0         20          0          0       9580   tim.o
       562          0          0          0          0       5030   usart.o
       158          0          0          0        732       5153   usb.o

    ----------------------------------------------------------------------
     32530         56      13908         12      10580     257598   Object Totals
         0          0         32          0          0          0   (incl. Generated)
       220          0          2          0         10          0   (incl. Padding)

    ----------------------------------------------------------------------

      Code (inc. data)   RO Data    RW Data    ZI Data      Debug   Library Member Name

         8          0          0          0          0         68   __main.o
       392          4         17          0          0         92   __printf_flags_ss_wp.o
        14          0          0          0          0         68   __printf_wp.o
         0          0          0          0          0          0   __rtentry.o
        12          0          0          0          0          0   __rtentry2.o
         6          0          0          0          0          0   __rtentry4.o
        94          8          0          0          0          0   __scatter.o
        26          0          0          0          0          0   __scatter_copy.o
        28          0          0          0          0          0   __scatter_zi.o
        72          0          0          0          0         96   _c16rtomb.o
         6          0          0          0          0          0   _printf_a.o
         6          0          0          0          0          0   _printf_c.o
        44          0          0          0          0        108   _printf_char.o
        48          6          0          0          0         96   _printf_char_common.o
        40          0          0          0          0         68   _printf_charcount.o
         6          0          0          0          0          0   _printf_d.o
       120         16          0          0          0         92   _printf_dec.o
         6          0          0          0          0          0   _printf_e.o
         6          0          0          0          0          0   _printf_f.o
      1052          0          0          0          0        148   _printf_fp_dec.o
       764          8         38          0          0        100   _printf_fp_hex.o
       128         16          0          0          0         84   _printf_fp_infnan.o
         6          0          0          0          0          0   _printf_g.o
       148          4         40          0          0        160   _printf_hex_int_ll_ptr.o
         6          0          0          0          0          0   _printf_i.o
       178          0          0          0          0         88   _printf_intcommon.o
        10          0          0          0          0          0   _printf_l.o
         6          0          0          0          0          0   _printf_lc.o
        10          0          0          0          0          0   _printf_ll.o
         6          0          0          0          0          0   _printf_lld.o
         6          0          0          0          0          0   _printf_lli.o
         6          0          0          0          0          0   _printf_llo.o
         6          0          0          0          0          0   _printf_llu.o
         6          0          0          0          0          0   _printf_llx.o
       124         16          0          0          0         92   _printf_longlong_dec.o
         6          0          0          0          0          0   _printf_ls.o
         6          0          0          0          0          0   _printf_n.o
         6          0          0          0          0          0   _printf_o.o
       112          8          0          0          0        124   _printf_oct_int_ll.o
         6          0          0          0          0          0   _printf_p.o
        78          0          0          0          0        108   _printf_pad.o
         0          0          0          0          0          0   _printf_percent.o
         4          0          0          0          0          0   _printf_percent_end.o
         6          0          0          0          0          0   _printf_s.o
        82          0          0          0          0         80   _printf_str.o
        36          0          0          0          0         84   _printf_truncate.o
         6          0          0          0          0          0   _printf_u.o
        44          0          0          0          0        108   _printf_wchar.o
       188          6          8          0          0         92   _printf_wctomb.o
         6          0          0          0          0          0   _printf_x.o
        16          0          0          0          0         68   _snputc.o
       228          4        148          0          0         96   bigflt0.o
      1936        128          0          0          0        668   btod.o
        18          0          0          0          0         80   exit.o
         6          0          0          0          0        152   heapauxi.o
         0          0          0          0          0          0   indicate_semi.o
        44          8          0          0          0         80   init_aeabi.o
        44         10        272          0          0         76   lc_ctype_c.o
        44         10         28          0          0         76   lc_numeric_c.o
         2          0          0          0          0          0   libinit.o
        38          0          0          0          0          0   libinit2.o
         2          0          0          0          0          0   libshutdown.o
         2          0          0          0          0          0   libshutdown2.o
         8          4          0          0         96         68   libspace.o
       138          0          0          0          0         80   lludiv10.o
        16          4          0          0          0         76   rt_ctype_table.o
         8          4          0          0          0         68   rt_locale_intlibspace.o
        78          0          0          0          0         80   rt_memclr_w.o
         2          0          0          0          0          0   rtexit.o
        10          0          0          0          0          0   rtexit2.o
        64          6          0          0          0         84   snprintf.o
       124          0          0          0          0         88   strcmpv7em.o
        12          4          0          0          0         68   sys_exit.o
        74          0          0          0          0         80   sys_stackheap_outer.o
         2          0          0          0          0         68   use_no_semi.o
        26          0          0          0          0        116   fpinit.o
         4          0          0          0          0        116   printf1.o
         4          0          0          0          0        116   printf2.o
         0          0          0          0          0          0   usenofp.o
        48          0          0          0          0        124   fpclassify.o

    ----------------------------------------------------------------------
      7002        274        552          0         96       4484   Library Totals
        22          0          1          0          0          0   (incl. Padding)

    ----------------------------------------------------------------------

      Code (inc. data)   RO Data    RW Data    ZI Data      Debug   Library Name

      6898        274        551          0         96       4012   c_w.l
        34          0          0          0          0        348   fz_wm.l
        48          0          0          0          0        124   m_wm.l

    ----------------------------------------------------------------------
      7002        274        552          0         96       4484   Library Totals

    ----------------------------------------------------------------------

==============================================================================


      Code (inc. data)   RO Data    RW Data    ZI Data      Debug   

     39532        330      14460         12      10676     259158   Grand Totals
     39532        330      14460         12      10676     259158   ELF Image Totals
     39532        330      14460         12          0          0   ROM Totals

==============================================================================

    Total RO  Size (Code + RO Data)                53992 (  52.73kB)
    Total RW  Size (RW Data + ZI Data)             10688 (  10.44kB)
    Total ROM Size (Code + RO Data + RW Data)      54004 (  52.74kB)

==============================================================================

