Component: Arm Compiler for Embedded 6.21 Tool: armlink [5ec1fa00]

==============================================================================

Section Cross References

    startup_stm32g473xx.o(STACK) refers (Special) to heapauxi.o(.text) for __use_two_region_memory
    startup_stm32g473xx.o(HEAP) refers (Special) to heapauxi.o(.text) for __use_two_region_memory
    startup_stm32g473xx.o(RESET) refers (Special) to heapauxi.o(.text) for __use_two_region_memory
    startup_stm32g473xx.o(RESET) refers to startup_stm32g473xx.o(STACK) for __initial_sp
    startup_stm32g473xx.o(RESET) refers to startup_stm32g473xx.o(.text) for Reset_Handler
    startup_stm32g473xx.o(RESET) refers to stm32g4xx_it.o(.text.NMI_Handler) for NMI_Handler
    startup_stm32g473xx.o(RESET) refers to stm32g4xx_it.o(.text.HardFault_Handler) for HardFault_Handler
    startup_stm32g473xx.o(RESET) refers to stm32g4xx_it.o(.text.MemManage_Handler) for MemManage_Handler
    startup_stm32g473xx.o(RESET) refers to stm32g4xx_it.o(.text.BusFault_Handler) for BusFault_Handler
    startup_stm32g473xx.o(RESET) refers to stm32g4xx_it.o(.text.UsageFault_Handler) for UsageFault_Handler
    startup_stm32g473xx.o(RESET) refers to stm32g4xx_it.o(.text.SVC_Handler) for SVC_Handler
    startup_stm32g473xx.o(RESET) refers to stm32g4xx_it.o(.text.DebugMon_Handler) for DebugMon_Handler
    startup_stm32g473xx.o(RESET) refers to stm32g4xx_it.o(.text.PendSV_Handler) for PendSV_Handler
    startup_stm32g473xx.o(RESET) refers to stm32g4xx_it.o(.text.SysTick_Handler) for SysTick_Handler
    startup_stm32g473xx.o(RESET) refers to stm32g4xx_it.o(.text.DMA1_Channel1_IRQHandler) for DMA1_Channel1_IRQHandler
    startup_stm32g473xx.o(RESET) refers to stm32g4xx_it.o(.text.TIM2_IRQHandler) for TIM2_IRQHandler
    startup_stm32g473xx.o(.text) refers (Special) to heapauxi.o(.text) for __use_two_region_memory
    startup_stm32g473xx.o(.text) refers to system_stm32g4xx.o(.text.SystemInit) for SystemInit
    startup_stm32g473xx.o(.text) refers to __main.o(!!!main) for __main
    startup_stm32g473xx.o(.text) refers to startup_stm32g473xx.o(HEAP) for Heap_Mem
    startup_stm32g473xx.o(.text) refers to startup_stm32g473xx.o(STACK) for Stack_Mem
    maincpp.o(.text.__cxx_global_var_init) refers to maincpp.o(.bss._ZL5bt_id) for bt_id
    maincpp.o(.text.__cxx_global_var_init) refers to maincpp.o(.bss.button_RT) for button_RT
    maincpp.o(.text.__cxx_global_var_init) refers to maincpp.o(.text._ZN6buttonC2EP12GPIO_TypeDefji) for button::button__sub_object(GPIO_TypeDef*, unsigned int, int)
    maincpp.o(.ARM.exidx.text.__cxx_global_var_init) refers to maincpp.o(.text.__cxx_global_var_init) for [Anonymous Symbol]
    maincpp.o(.text.__cxx_global_var_init.1) refers to maincpp.o(.bss._ZL5bt_id) for bt_id
    maincpp.o(.text.__cxx_global_var_init.1) refers to maincpp.o(.bss.button_RB) for button_RB
    maincpp.o(.text.__cxx_global_var_init.1) refers to maincpp.o(.text._ZN6buttonC2EP12GPIO_TypeDefji) for button::button__sub_object(GPIO_TypeDef*, unsigned int, int)
    maincpp.o(.ARM.exidx.text.__cxx_global_var_init.1) refers to maincpp.o(.text.__cxx_global_var_init.1) for [Anonymous Symbol]
    maincpp.o(.text.__cxx_global_var_init.2) refers to maincpp.o(.bss._ZL5bt_id) for bt_id
    maincpp.o(.text.__cxx_global_var_init.2) refers to maincpp.o(.bss.button_Y) for button_Y
    maincpp.o(.text.__cxx_global_var_init.2) refers to maincpp.o(.text._ZN6buttonC2EP12GPIO_TypeDefji) for button::button__sub_object(GPIO_TypeDef*, unsigned int, int)
    maincpp.o(.ARM.exidx.text.__cxx_global_var_init.2) refers to maincpp.o(.text.__cxx_global_var_init.2) for [Anonymous Symbol]
    maincpp.o(.text.__cxx_global_var_init.3) refers to maincpp.o(.bss._ZL5bt_id) for bt_id
    maincpp.o(.text.__cxx_global_var_init.3) refers to maincpp.o(.bss.button_X) for button_X
    maincpp.o(.text.__cxx_global_var_init.3) refers to maincpp.o(.text._ZN6buttonC2EP12GPIO_TypeDefji) for button::button__sub_object(GPIO_TypeDef*, unsigned int, int)
    maincpp.o(.ARM.exidx.text.__cxx_global_var_init.3) refers to maincpp.o(.text.__cxx_global_var_init.3) for [Anonymous Symbol]
    maincpp.o(.text.__cxx_global_var_init.4) refers to maincpp.o(.bss._ZL5bt_id) for bt_id
    maincpp.o(.text.__cxx_global_var_init.4) refers to maincpp.o(.bss.button_B) for button_B
    maincpp.o(.text.__cxx_global_var_init.4) refers to maincpp.o(.text._ZN6buttonC2EP12GPIO_TypeDefji) for button::button__sub_object(GPIO_TypeDef*, unsigned int, int)
    maincpp.o(.ARM.exidx.text.__cxx_global_var_init.4) refers to maincpp.o(.text.__cxx_global_var_init.4) for [Anonymous Symbol]
    maincpp.o(.text.__cxx_global_var_init.5) refers to maincpp.o(.bss._ZL5bt_id) for bt_id
    maincpp.o(.text.__cxx_global_var_init.5) refers to maincpp.o(.bss.button_A) for button_A
    maincpp.o(.text.__cxx_global_var_init.5) refers to maincpp.o(.text._ZN6buttonC2EP12GPIO_TypeDefji) for button::button__sub_object(GPIO_TypeDef*, unsigned int, int)
[...]
    [Anonymous Symbol]                       0x08005d84   Section        0  stm32g4xx_hal_uart.o(.text.UART_SetConfig)
    [Anonymous Symbol]                       0x08006368   Section        0  stm32g4xx_hal_uart.o(.text.UART_WaitOnFlagUntilTimeout)
    [Anonymous Symbol]                       0x08006474   Section        0  stm32g4xx_it.o(.text.UsageFault_Handler)
    _GLOBAL__sub_I_maincpp.cpp               0x08006479   Thumb Code   100  maincpp.o(.text._GLOBAL__sub_I_maincpp.cpp)
    [Anonymous Symbol]                       0x08006478   Section        0  maincpp.o(.text._GLOBAL__sub_I_maincpp.cpp)
    [Anonymous Symbol]                       0x080064dc   Section        0  maincpp.o(.text._Z18button_update_testv)
    [Anonymous Symbol]                       0x080064ec   Section        0  maincpp.o(.text._Z19button_state_updatev)
    LL_GPIO_IsInputPinSet(GPIO_TypeDef*, unsigned int) 0x080065d5   Thumb Code    26  sky_button.o(.text._ZL21LL_GPIO_IsInputPinSetP12GPIO_TypeDefj)
    [Anonymous Symbol]                       0x080065d4   Section        0  sky_button.o(.text._ZL21LL_GPIO_IsInputPinSetP12GPIO_TypeDefj)
    LL_TIM_ClearFlag_UPDATE(TIM_TypeDef*)    0x080065f1   Thumb Code    16  maincpp.o(.text._ZL23LL_TIM_ClearFlag_UPDATEP11TIM_TypeDef)
    [Anonymous Symbol]                       0x080065f0   Section        0  maincpp.o(.text._ZL23LL_TIM_ClearFlag_UPDATEP11TIM_TypeDef)
    [Anonymous Symbol]                       0x08006600   Section        0  maincpp.o(.text._ZN4MenuC2Ev)
    [Anonymous Symbol]                       0x08006620   Section        0  maincpp.o(.text._ZN6DrawerC2Ev)
    [Anonymous Symbol]                       0x0800664c   Section        0  sky_button.o(.text._ZN6button13button_updateEv)
    [Anonymous Symbol]                       0x0800666c   Section        0  sky_button.o(.text._ZN6button17buttonStateUpdateEv)
    [Anonymous Symbol]                       0x080066bc   Section        0  sky_button.o(.text._ZN6button18buttonStateMachineEv)
    [Anonymous Symbol]                       0x08006754   Section        0  maincpp.o(.text._ZN6buttonC2EP12GPIO_TypeDefji)
    [Anonymous Symbol]                       0x08006788   Section        0  sky_button.o(.text._ZN8joystick16StickStateUpdateEv)
    [Anonymous Symbol]                       0x08006804   Section        0  sky_button.o(.text._ZN8joystick17StickStateMachineEv)
    [Anonymous Symbol]                       0x08006968   Section        0  maincpp.o(.text._ZN8joystickC2Ev)
    __NVIC_EnableIRQ                         0x08006a51   Thumb Code    48  tim.o(.text.__NVIC_EnableIRQ)
    [Anonymous Symbol]                       0x08006a50   Section        0  tim.o(.text.__NVIC_EnableIRQ)
    __NVIC_EnableIRQ                         0x08006a81   Thumb Code    48  stm32g4xx_hal_cortex.o(.text.__NVIC_EnableIRQ)
    [Anonymous Symbol]                       0x08006a80   Section        0  stm32g4xx_hal_cortex.o(.text.__NVIC_EnableIRQ)
    __NVIC_GetPriorityGrouping               0x08006ab1   Thumb Code    16  tim.o(.text.__NVIC_GetPriorityGrouping)
    [Anonymous Symbol]                       0x08006ab0   Section        0  tim.o(.text.__NVIC_GetPriorityGrouping)
    __NVIC_GetPriorityGrouping               0x08006ac1   Thumb Code    16  stm32g4xx_hal_cortex.o(.text.__NVIC_GetPriorityGrouping)
    [Anonymous Symbol]                       0x08006ac0   Section        0  stm32g4xx_hal_cortex.o(.text.__NVIC_GetPriorityGrouping)
    __NVIC_SetPriority                       0x08006ad1   Thumb Code    66  tim.o(.text.__NVIC_SetPriority)
    [Anonymous Symbol]                       0x08006ad0   Section        0  tim.o(.text.__NVIC_SetPriority)
    __NVIC_SetPriority                       0x08006b15   Thumb Code    66  stm32g4xx_hal_cortex.o(.text.__NVIC_SetPriority)
    [Anonymous Symbol]                       0x08006b14   Section        0  stm32g4xx_hal_cortex.o(.text.__NVIC_SetPriority)
    __NVIC_SetPriorityGrouping               0x08006b59   Thumb Code    60  stm32g4xx_hal_cortex.o(.text.__NVIC_SetPriorityGrouping)
    [Anonymous Symbol]                       0x08006b58   Section        0  stm32g4xx_hal_cortex.o(.text.__NVIC_SetPriorityGrouping)
    __cxx_global_var_init                    0x08006b95   Thumb Code    40  maincpp.o(.text.__cxx_global_var_init)
    [Anonymous Symbol]                       0x08006b94   Section        0  maincpp.o(.text.__cxx_global_var_init)
    __cxx_global_var_init.1                  0x08006bbd   Thumb Code    40  maincpp.o(.text.__cxx_global_var_init.1)
    [Anonymous Symbol]                       0x08006bbc   Section        0  maincpp.o(.text.__cxx_global_var_init.1)
    __cxx_global_var_init.10                 0x08006be5   Thumb Code    36  maincpp.o(.text.__cxx_global_var_init.10)
    [Anonymous Symbol]                       0x08006be4   Section        0  maincpp.o(.text.__cxx_global_var_init.10)
    __cxx_global_var_init.11                 0x08006c09   Thumb Code    42  maincpp.o(.text.__cxx_global_var_init.11)
    [Anonymous Symbol]                       0x08006c08   Section        0  maincpp.o(.text.__cxx_global_var_init.11)
    __cxx_global_var_init.12                 0x08006c35   Thumb Code    42  maincpp.o(.text.__cxx_global_var_init.12)
    [Anonymous Symbol]                       0x08006c34   Section        0  maincpp.o(.text.__cxx_global_var_init.12)
    __cxx_global_var_init.13                 0x08006c61   Thumb Code    40  maincpp.o(.text.__cxx_global_var_init.13)
    [Anonymous Symbol]                       0x08006c60   Section        0  maincpp.o(.text.__cxx_global_var_init.13)
    __cxx_global_var_init.14                 0x08006c89   Thumb Code    40  maincpp.o(.text.__cxx_global_var_init.14)
    [Anonymous Symbol]                       0x08006c88   Section        0  maincpp.o(.text.__cxx_global_var_init.14)
    __cxx_global_var_init.15                 0x08006cb1   Thumb Code    42  maincpp.o(.text.__cxx_global_var_init.15)
    [Anonymous Symbol]                       0x08006cb0   Section        0  maincpp.o(.text.__cxx_global_var_init.15)
    __cxx_global_var_init.16                 0x08006cdd   Thumb Code    42  maincpp.o(.text.__cxx_global_var_init.16)
    [Anonymous Symbol]                       0x08006cdc   Section        0  maincpp.o(.text.__cxx_global_var_init.16)
    __cxx_global_var_init.17                 0x08006d09   Thumb Code    38  maincpp.o(.text.__cxx_global_var_init.17)
    [Anonymous Symbol]                       0x08006d08   Section        0  maincpp.o(.text.__cxx_global_var_init.17)
    __cxx_global_var_init.18                 0x08006d31   Thumb Code    38  maincpp.o(.text.__cxx_global_var_init.18)
    [Anonymous Symbol]                       0x08006d30   Section        0  maincpp.o(.text.__cxx_global_var_init.18)
    __cxx_global_var_init.19                 0x08006d59   Thumb Code    32  maincpp.o(.text.__cxx_global_var_init.19)
    [Anonymous Symbol]                       0x08006d58   Section        0  maincpp.o(.text.__cxx_global_var_init.19)
    __cxx_global_var_init.2                  0x08006d79   Thumb Code    40  maincpp.o(.text.__cxx_global_var_init.2)
    [Anonymous Symbol]                       0x08006d78   Section        0  maincpp.o(.text.__cxx_global_var_init.2)
    __cxx_global_var_init.20                 0x08006da1   Thumb Code    32  maincpp.o(.text.__cxx_global_var_init.20)
    [Anonymous Symbol]                       0x08006da0   Section        0  maincpp.o(.text.__cxx_global_var_init.20)
    __cxx_global_var_init.21                 0x08006dc1   Thumb Code    32  maincpp.o(.text.__cxx_global_var_init.21)
    [Anonymous Symbol]                       0x08006dc0   Section        0  maincpp.o(.text.__cxx_global_var_init.21)
    __cxx_global_var_init.22                 0x08006de1   Thumb Code    16  maincpp.o(.text.__cxx_global_var_init.22)
    [Anonymous Symbol]                       0x08006de0   Section        0  maincpp.o(.text.__cxx_global_var_init.22)
    __cxx_global_var_init.23                 0x08006df1   Thumb Code    16  maincpp.o(.text.__cxx_global_var_init.23)
    [Anonymous Symbol]                       0x08006df0   Section        0  maincpp.o(.text.__cxx_global_var_init.23)
    __cxx_global_var_init.3                  0x08006e01   Thumb Code    40  maincpp.o(.text.__cxx_global_var_init.3)
    [Anonymous Symbol]                       0x08006e00   Section        0  maincpp.o(.text.__cxx_global_var_init.3)
    __cxx_global_var_init.4                  0x08006e29   Thumb Code    36  maincpp.o(.text.__cxx_global_var_init.4)
    [Anonymous Symbol]                       0x08006e28   Section        0  maincpp.o(.text.__cxx_global_var_init.4)
    __cxx_global_var_init.5                  0x08006e4d   Thumb Code    36  maincpp.o(.text.__cxx_global_var_init.5)
    [Anonymous Symbol]                       0x08006e4c   Section        0  maincpp.o(.text.__cxx_global_var_init.5)
    __cxx_global_var_init.6                  0x08006e71   Thumb Code    36  maincpp.o(.text.__cxx_global_var_init.6)
    [Anonymous Symbol]                       0x08006e70   Section        0  maincpp.o(.text.__cxx_global_var_init.6)
    __cxx_global_var_init.7                  0x08006e95   Thumb Code    36  maincpp.o(.text.__cxx_global_var_init.7)
    [Anonymous Symbol]                       0x08006e94   Section        0  maincpp.o(.text.__cxx_global_var_init.7)
    __cxx_global_var_init.8                  0x08006eb9   Thumb Code    36  maincpp.o(.text.__cxx_global_var_init.8)
    [Anonymous Symbol]                       0x08006eb8   Section        0  maincpp.o(.text.__cxx_global_var_init.8)
    __cxx_global_var_init.9                  0x08006edd   Thumb Code    36  maincpp.o(.text.__cxx_global_var_init.9)
    [Anonymous Symbol]                       0x08006edc   Section        0  maincpp.o(.text.__cxx_global_var_init.9)
    delay                                    0x08006f01   Thumb Code    22  lcd_init.o(.text.delay)
    [Anonymous Symbol]                       0x08006f00   Section        0  lcd_init.o(.text.delay)
    [Anonymous Symbol]                       0x08006f18   Section        0  main.o(.text.main)
    [Anonymous Symbol]                       0x08006fb8   Section        0  maincpp.o(.text.tim2_callback)
    $v0                                      0x0800700c   Number         0  fpinit.o(x$fpl$fpinit)
    x$fpl$fpinit                             0x0800700c   Section       26  fpinit.o(x$fpl$fpinit)
    UARTEx_SetNbDataToProcess.denominator    0x0800703e   Data           8  stm32g4xx_hal_uart_ex.o(.rodata.UARTEx_SetNbDataToProcess.denominator)
    [Anonymous Symbol]                       0x0800703e   Section        0  stm32g4xx_hal_uart_ex.o(.rodata.UARTEx_SetNbDataToProcess.denominator)
    UARTEx_SetNbDataToProcess.numerator      0x08007046   Data           8  stm32g4xx_hal_uart_ex.o(.rodata.UARTEx_SetNbDataToProcess.numerator)
    [Anonymous Symbol]                       0x08007046   Section        0  stm32g4xx_hal_uart_ex.o(.rodata.UARTEx_SetNbDataToProcess.numerator)
    .init_array                              0x0800708c   Section        0  init_aeabi.o(.init_array)
    .bss                                     0x20000010   Section       96  libspace.o(.bss)
    bt_id                                    0x2000102c   Data           4  maincpp.o(.bss._ZL5bt_id)
    [Anonymous Symbol]                       0x2000102c   Section        0  maincpp.o(.bss._ZL5bt_id)
    Heap_Mem                                 0x20001d98   Data        1536  startup_stm32g473xx.o(HEAP)
    HEAP                                     0x20001d98   Section     1536  startup_stm32g473xx.o(HEAP)
    Stack_Mem                                0x20002398   Data        2048  startup_stm32g473xx.o(STACK)
    STACK                                    0x20002398   Section     2048  startup_stm32g473xx.o(STACK)
    __initial_sp                             0x20002b98   Data           0  startup_stm32g473xx.o(STACK)

    Global Symbols

    Symbol Name                              Value     Ov Type        Size  Object(Section)

    BuildAttributes$$THM_ISAv4$E$P$D$K$B$S$7EM$VFPi3$EXTD16$VFPS$VFMA$PE$A:L22UL41UL21$X:L11$S22US41US21$IEEE1$IW$~IW$USESV6$~STKCKD$USESV7$~SHL$OTIME$ROPI$IEEEJ$EBA8$UX$STANDARDLIB$REQ8$PRES8$EABIv2 0x00000000   Number         0  anon$$obj.o ABSOLUTE
    _printf_flags                            0x00000000   Number         0  printf_stubs.o ABSOLUTE
    _printf_return_value                     0x00000000   Number         0  printf_stubs.o ABSOLUTE
    _printf_sizespec                         0x00000000   Number         0  printf_stubs.o ABSOLUTE
    _printf_widthprec                        0x00000000   Number         0  printf_stubs.o ABSOLUTE
    __ARM_exceptions_init                     - Undefined Weak Reference
    __alloca_initialize                       - Undefined Weak Reference
    __arm_preinit_                            - Undefined Weak Reference
    __arm_relocate_pie_                       - Undefined Weak Reference
    __cxa_finalize                            - Undefined Weak Reference
    __sigvec_lookup                           - Undefined Weak Reference
    __user_heap_extent                        - Undefined Weak Reference
    _atexit_init                              - Undefined Weak Reference
    _call_atexit_fns                          - Undefined Weak Reference
    _clock_init                               - Undefined Weak Reference
    _fp_trap_init                             - Undefined Weak Reference
    _fp_trap_shutdown                         - Undefined Weak Reference
    _get_lc_collate                           - Undefined Weak Reference
    _get_lc_monetary                          - Undefined Weak Reference
    _get_lc_time                              - Undefined Weak Reference
    _getenv_init                              - Undefined Weak Reference
    _handle_redirection                       - Undefined Weak Reference
    _initio                                   - Undefined Weak Reference
    _mutex_acquire                            - Undefined Weak Reference
    _mutex_free                               - Undefined Weak Reference
    _mutex_release                            - Undefined Weak Reference
    _printf_mbtowc                            - Undefined Weak Reference
    _printf_wc                                - Undefined Weak Reference
    _rand_init                                - Undefined Weak Reference
    _signal_finish                            - Undefined Weak Reference
    _signal_init                              - Undefined Weak Reference
    _terminateio                              - Undefined Weak Reference
    __Vectors_Size                           0x000001d8   Number         0  startup_stm32g473xx.o ABSOLUTE
    __Vectors                                0x08000000   Data           4  startup_stm32g473xx.o(RESET)
    __Vectors_End                            0x080001d8   Data           0  startup_stm32g473xx.o(RESET)
    __main                                   0x080001d9   Thumb Code     8  __main.o(!!!main)
    __scatterload                            0x080001e1   Thumb Code     0  __scatter.o(!!!scatter)
    __scatterload_rt2                        0x080001e1   Thumb Code    84  __scatter.o(!!!scatter)
    __scatterload_rt2_thumb_only             0x080001e1   Thumb Code     0  __scatter.o(!!!scatter)
    __scatterload_loop                       0x080001eb   Thumb Code     0  __scatter.o(!!!scatter)
    __scatterload_copy                       0x0800023d   Thumb Code    26  __scatter_copy.o(!!handler_copy)
    __scatterload_null                       0x08000259   Thumb Code     2  __scatter.o(!!handler_null)
    __scatterload_zeroinit                   0x0800025d   Thumb Code    28  __scatter_zi.o(!!handler_zi)
    __rt_lib_init                            0x08000279   Thumb Code     0  libinit.o(.ARM.Collect$$libinit$$00000000)
    __rt_lib_init_fp_1                       0x0800027b   Thumb Code     0  libinit2.o(.ARM.Collect$$libinit$$00000001)
    __rt_lib_init_alloca_1                   0x0800027f   Thumb Code     0  libinit2.o(.ARM.Collect$$libinit$$00000030)
    __rt_lib_init_argv_1                     0x0800027f   Thumb Code     0  libinit2.o(.ARM.Collect$$libinit$$0000002E)
    __rt_lib_init_atexit_1                   0x0800027f   Thumb Code     0  libinit2.o(.ARM.Collect$$libinit$$0000001D)
    __rt_lib_init_clock_1                    0x0800027f   Thumb Code     0  libinit2.o(.ARM.Collect$$libinit$$00000023)
    __rt_lib_init_cpp_2                      0x0800027f   Thumb Code     0  libinit2.o(.ARM.Collect$$libinit$$00000033)
    __rt_lib_init_exceptions_1               0x0800027f   Thumb Code     0  libinit2.o(.ARM.Collect$$libinit$$00000032)
    __rt_lib_init_fp_trap_1                  0x0800027f   Thumb Code     0  libinit2.o(.ARM.Collect$$libinit$$00000021)
    __rt_lib_init_getenv_1                   0x0800027f   Thumb Code     0  libinit2.o(.ARM.Collect$$libinit$$00000025)
    __rt_lib_init_heap_1                     0x0800027f   Thumb Code     0  libinit2.o(.ARM.Collect$$libinit$$0000000C)
    __rt_lib_init_lc_collate_1               0x0800027f   Thumb Code     0  libinit2.o(.ARM.Collect$$libinit$$00000013)
    __rt_lib_init_lc_ctype_1                 0x0800027f   Thumb Code     0  libinit2.o(.ARM.Collect$$libinit$$00000015)
    __rt_lib_init_lc_monetary_1              0x0800027f   Thumb Code     0  libinit2.o(.ARM.Collect$$libinit$$00000017)
    __rt_lib_init_lc_numeric_1               0x0800027f   Thumb Code     0  libinit2.o(.ARM.Collect$$libinit$$00000019)
    __rt_lib_init_lc_time_1                  0x0800027f   Thumb Code     0  libinit2.o(.ARM.Collect$$libinit$$0000001B)
    __rt_lib_init_preinit_1                  0x0800027f   Thumb Code     0  libinit2.o(.ARM.Collect$$libinit$$00000006)
    __rt_lib_init_rand_1                     0x0800027f   Thumb Code     0  libinit2.o(.ARM.Collect$$libinit$$00000010)
    __rt_lib_init_relocate_pie_1             0x0800027f   Thumb Code     0  libinit2.o(.ARM.Collect$$libinit$$00000004)
    __rt_lib_init_signal_1                   0x0800027f   Thumb Code     0  libinit2.o(.ARM.Collect$$libinit$$0000001F)
    __rt_lib_init_stdio_1                    0x0800027f   Thumb Code     0  libinit2.o(.ARM.Collect$$libinit$$00000027)
    __rt_lib_init_user_alloc_1               0x0800027f   Thumb Code     0  libinit2.o(.ARM.Collect$$libinit$$0000000E)
    __rt_lib_init_cpp_1                      0x08000283   Thumb Code     0  libinit2.o(.ARM.Collect$$libinit$$00000034)
    __rt_lib_init_return                     0x08000283   Thumb Code     0  libinit2.o(.ARM.Collect$$libinit$$00000035)
    __rt_lib_shutdown                        0x08000285   Thumb Code     0  libshutdown.o(.ARM.Collect$$libshutdown$$00000000)
    __rt_lib_shutdown_cpp_1                  0x08000287   Thumb Code     0  libshutdown2.o(.ARM.Collect$$libshutdown$$00000002)
    __rt_lib_shutdown_fp_trap_1              0x08000287   Thumb Code     0  libshutdown2.o(.ARM.Collect$$libshutdown$$00000007)
    __rt_lib_shutdown_heap_1                 0x08000287   Thumb Code     0  libshutdown2.o(.ARM.Collect$$libshutdown$$0000000F)
    __rt_lib_shutdown_return                 0x08000287   Thumb Code     0  libshutdown2.o(.ARM.Collect$$libshutdown$$00000010)
    __rt_lib_shutdown_signal_1               0x08000287   Thumb Code     0  libshutdown2.o(.ARM.Collect$$libshutdown$$0000000A)
    __rt_lib_shutdown_stdio_1                0x08000287   Thumb Code     0  libshutdown2.o(.ARM.Collect$$libshutdown$$00000004)
    __rt_lib_shutdown_user_alloc_1           0x08000287   Thumb Code     0  libshutdown2.o(.ARM.Collect$$libshutdown$$0000000C)
    __rt_entry                               0x08000289   Thumb Code     0  __rtentry.o(.ARM.Collect$$rtentry$$00000000)
    __rt_entry_presh_1                       0x08000289   Thumb Code     0  __rtentry2.o(.ARM.Collect$$rtentry$$00000002)
    __rt_entry_sh                            0x08000289   Thumb Code     0  __rtentry4.o(.ARM.Collect$$rtentry$$00000004)
    __rt_entry_li                            0x0800028f   Thumb Code     0  __rtentry2.o(.ARM.Collect$$rtentry$$0000000A)
    __rt_entry_postsh_1                      0x0800028f   Thumb Code     0  __rtentry2.o(.ARM.Collect$$rtentry$$00000009)
    __rt_entry_main                          0x08000293   Thumb Code     0  __rtentry2.o(.ARM.Collect$$rtentry$$0000000D)
    __rt_entry_postli_1                      0x08000293   Thumb Code     0  __rtentry2.o(.ARM.Collect$$rtentry$$0000000C)
    __rt_exit                                0x0800029b   Thumb Code     0  rtexit.o(.ARM.Collect$$rtexit$$00000000)
    __rt_exit_ls                             0x0800029d   Thumb Code     0  rtexit2.o(.ARM.Collect$$rtexit$$00000003)
    __rt_exit_prels_1                        0x0800029d   Thumb Code     0  rtexit2.o(.ARM.Collect$$rtexit$$00000002)
    __rt_exit_exit                           0x080002a1   Thumb Code     0  rtexit2.o(.ARM.Collect$$rtexit$$00000004)
    Reset_Handler                            0x080002a9   Thumb Code     8  startup_stm32g473xx.o(.text)
    ADC1_2_IRQHandler                        0x080002c3   Thumb Code     0  startup_stm32g473xx.o(.text)
    ADC3_IRQHandler                          0x080002c3   Thumb Code     0  startup_stm32g473xx.o(.text)
    ADC4_IRQHandler                          0x080002c3   Thumb Code     0  startup_stm32g473xx.o(.text)
    ADC5_IRQHandler                          0x080002c3   Thumb Code     0  startup_stm32g473xx.o(.text)
    COMP1_2_3_IRQHandler                     0x080002c3   Thumb Code     0  startup_stm32g473xx.o(.text)
    COMP4_5_6_IRQHandler                     0x080002c3   Thumb Code     0  startup_stm32g473xx.o(.text)
    COMP7_IRQHandler                         0x080002c3   Thumb Code     0  startup_stm32g473xx.o(.text)
    CORDIC_IRQHandler                        0x080002c3   Thumb Code     0  startup_stm32g473xx.o(.text)
    CRS_IRQHandler                           0x080002c3   Thumb Code     0  startup_stm32g473xx.o(.text)
    DMA1_Channel2_IRQHandler                 0x080002c3   Thumb Code     0  startup_stm32g473xx.o(.text)
    DMA1_Channel3_IRQHandler                 0x080002c3   Thumb Code     0  startup_stm32g473xx.o(.text)
    DMA1_Channel4_IRQHandler                 0x080002c3   Thumb Code     0  startup_stm32g473xx.o(.text)
    DMA1_Channel5_IRQHandler                 0x080002c3   Thumb Code     0  startup_stm32g473xx.o(.text)
    DMA1_Channel6_IRQHandler                 0x080002c3   Thumb Code     0  startup_stm32g473xx.o(.text)
    DMA1_Channel7_IRQHandler                 0x080002c3   Thumb Code     0  startup_stm32g473xx.o(.text)
    DMA1_Channel8_IRQHandler                 0x080002c3   Thumb Code     0  startup_stm32g473xx.o(.text)
    DMA2_Channel1_IRQHandler                 0x080002c3   Thumb Code     0  startup_stm32g473xx.o(.text)
    DMA2_Channel2_IRQHandler                 0x080002c3   Thumb Code     0  startup_stm32g473xx.o(.text)
    DMA2_Channel3_IRQHandler                 0x080002c3   Thumb Code     0  startup_stm32g473xx.o(.text)
    DMA2_Channel4_IRQHandler                 0x080002c3   Thumb Code     0  startup_stm32g473xx.o(.text)
    DMA2_Channel5_IRQHandler                 0x080002c3   Thumb Code     0  startup_stm32g473xx.o(.text)
    DMA2_Channel6_IRQHandler                 0x080002c3   Thumb Code     0  startup_stm32g473xx.o(.text)
    DMA2_Channel7_IRQHandler                 0x080002c3   Thumb Code     0  startup_stm32g473xx.o(.text)
    DMA2_Channel8_IRQHandler                 0x080002c3   Thumb Code     0  startup_stm32g473xx.o(.text)
    DMAMUX_OVR_IRQHandler                    0x080002c3   Thumb Code     0  startup_stm32g473xx.o(.text)
    EXTI0_IRQHandler                         0x080002c3   Thumb Code     0  startup_stm32g473xx.o(.text)
    EXTI15_10_IRQHandler                     0x080002c3   Thumb Code     0  startup_stm32g473xx.o(.text)
    EXTI1_IRQHandler                         0x080002c3   Thumb Code     0  startup_stm32g473xx.o(.text)
    EXTI2_IRQHandler                         0x080002c3   Thumb Code     0  startup_stm32g473xx.o(.text)
    EXTI3_IRQHandler                         0x080002c3   Thumb Code     0  startup_stm32g473xx.o(.text)
    EXTI4_IRQHandler                         0x080002c3   Thumb Code     0  startup_stm32g473xx.o(.text)
    EXTI9_5_IRQHandler                       0x080002c3   Thumb Code     0  startup_stm32g473xx.o(.text)
    FDCAN1_IT0_IRQHandler                    0x080002c3   Thumb Code     0  startup_stm32g473xx.o(.text)
    FDCAN1_IT1_IRQHandler                    0x080002c3   Thumb Code     0  startup_stm32g473xx.o(.text)
    FDCAN2_IT0_IRQHandler                    0x080002c3   Thumb Code     0  startup_stm32g473xx.o(.text)
    FDCAN2_IT1_IRQHandler                    0x080002c3   Thumb Code     0  startup_stm32g473xx.o(.text)
    FDCAN3_IT0_IRQHandler                    0x080002c3   Thumb Code     0  startup_stm32g473xx.o(.text)
    FDCAN3_IT1_IRQHandler                    0x080002c3   Thumb Code     0  startup_stm32g473xx.o(.text)
    FLASH_IRQHandler                         0x080002c3   Thumb Code     0  startup_stm32g473xx.o(.text)
    FMAC_IRQHandler                          0x080002c3   Thumb Code     0  startup_stm32g473xx.o(.text)
    FMC_IRQHandler                           0x080002c3   Thumb Code     0  startup_stm32g473xx.o(.text)
    FPU_IRQHandler                           0x080002c3   Thumb Code     0  startup_stm32g473xx.o(.text)
    I2C1_ER_IRQHandler                       0x080002c3   Thumb Code     0  startup_stm32g473xx.o(.text)
    I2C1_EV_IRQHandler                       0x080002c3   Thumb Code     0  startup_stm32g473xx.o(.text)
    I2C2_ER_IRQHandler                       0x080002c3   Thumb Code     0  startup_stm32g473xx.o(.text)
    I2C2_EV_IRQHandler                       0x080002c3   Thumb Code     0  startup_stm32g473xx.o(.text)
    I2C3_ER_IRQHandler                       0x080002c3   Thumb Code     0  startup_stm32g473xx.o(.text)
    I2C3_EV_IRQHandler                       0x080002c3   Thumb Code     0  startup_stm32g473xx.o(.text)
    I2C4_ER_IRQHandler                       0x080002c3   Thumb Code     0  startup_stm32g473xx.o(.text)
    I2C4_EV_IRQHandler                       0x080002c3   Thumb Code     0  startup_stm32g473xx.o(.text)
    LPTIM1_IRQHandler                        0x080002c3   Thumb Code     0  startup_stm32g473xx.o(.text)
    LPUART1_IRQHandler                       0x080002c3   Thumb Code     0  startup_stm32g473xx.o(.text)
    PVD_PVM_IRQHandler                       0x080002c3   Thumb Code     0  startup_stm32g473xx.o(.text)
    QUADSPI_IRQHandler                       0x080002c3   Thumb Code     0  startup_stm32g473xx.o(.text)
    RCC_IRQHandler                           0x080002c3   Thumb Code     0  startup_stm32g473xx.o(.text)
    RNG_IRQHandler                           0x080002c3   Thumb Code     0  startup_stm32g473xx.o(.text)
    RTC_Alarm_IRQHandler                     0x080002c3   Thumb Code     0  startup_stm32g473xx.o(.text)
    RTC_TAMP_LSECSS_IRQHandler               0x080002c3   Thumb Code     0  startup_stm32g473xx.o(.text)
    RTC_WKUP_IRQHandler                      0x080002c3   Thumb Code     0  startup_stm32g473xx.o(.text)
    SAI1_IRQHandler                          0x080002c3   Thumb Code     0  startup_stm32g473xx.o(.text)
    SPI1_IRQHandler                          0x080002c3   Thumb Code     0  startup_stm32g473xx.o(.text)
    SPI2_IRQHandler                          0x080002c3   Thumb Code     0  startup_stm32g473xx.o(.text)
    SPI3_IRQHandler                          0x080002c3   Thumb Code     0  startup_stm32g473xx.o(.text)
    SPI4_IRQHandler                          0x080002c3   Thumb Code     0  startup_stm32g473xx.o(.text)
    TIM1_BRK_TIM15_IRQHandler                0x080002c3   Thumb Code     0  startup_stm32g473xx.o(.text)
    TIM1_CC_IRQHandler                       0x080002c3   Thumb Code     0  startup_stm32g473xx.o(.text)
    TIM1_TRG_COM_TIM17_IRQHandler            0x080002c3   Thumb Code     0  startup_stm32g473xx.o(.text)
    TIM1_UP_TIM16_IRQHandler                 0x080002c3   Thumb Code     0  startup_stm32g473xx.o(.text)
    TIM20_BRK_IRQHandler                     0x080002c3   Thumb Code     0  startup_stm32g473xx.o(.text)
    TIM20_CC_IRQHandler                      0x080002c3   Thumb Code     0  startup_stm32g473xx.o(.text)
    TIM20_TRG_COM_IRQHandler                 0x080002c3   Thumb Code     0  startup_stm32g473xx.o(.text)
    TIM20_UP_IRQHandler                      0x080002c3   Thumb Code     0  startup_stm32g473xx.o(.text)
    TIM3_IRQHandler                          0x080002c3   Thumb Code     0  startup_stm32g473xx.o(.text)
    TIM4_IRQHandler                          0x080002c3   Thumb Code     0  startup_stm32g473xx.o(.text)
    TIM5_IRQHandler                          0x080002c3   Thumb Code     0  startup_stm32g473xx.o(.text)
    TIM6_DAC_IRQHandler                      0x080002c3   Thumb Code     0  startup_stm32g473xx.o(.text)
    TIM7_DAC_IRQHandler                      0x080002c3   Thumb Code     0  startup_stm32g473xx.o(.text)
    TIM8_BRK_IRQHandler                      0x080002c3   Thumb Code     0  startup_stm32g473xx.o(.text)
    TIM8_CC_IRQHandler                       0x080002c3   Thumb Code     0  startup_stm32g473xx.o(.text)
    TIM8_TRG_COM_IRQHandler                  0x080002c3   Thumb Code     0  startup_stm32g473xx.o(.text)
    TIM8_UP_IRQHandler                       0x080002c3   Thumb Code     0  startup_stm32g473xx.o(.text)
    UART4_IRQHandler                         0x080002c3   Thumb Code     0  startup_stm32g473xx.o(.text)
    UART5_IRQHandler                         0x080002c3   Thumb Code     0  startup_stm32g473xx.o(.text)
    UCPD1_IRQHandler                         0x080002c3   Thumb Code     0  startup_stm32g473xx.o(.text)
    USART1_IRQHandler                        0x080002c3   Thumb Code     0  startup_stm32g473xx.o(.text)
    USART2_IRQHandler                        0x080002c3   Thumb Code     0  startup_stm32g473xx.o(.text)
    USART3_IRQHandler                        0x080002c3   Thumb Code     0  startup_stm32g473xx.o(.text)
    USBWakeUp_IRQHandler                     0x080002c3   Thumb Code     0  startup_stm32g473xx.o(.text)
    USB_HP_IRQHandler                        0x080002c3   Thumb Code     0  startup_stm32g473xx.o(.text)
    USB_LP_IRQHandler                        0x080002c3   Thumb Code     0  startup_stm32g473xx.o(.text)
    WWDG_IRQHandler                          0x080002c3   Thumb Code     0  startup_stm32g473xx.o(.text)
    __user_initial_stackheap                 0x080002c5   Thumb Code     0  startup_stm32g473xx.o(.text)
    __aeabi_uldivmod                         0x080002e9   Thumb Code     0  lludivv7m.o(.text)
    _ll_udiv                                 0x080002e9   Thumb Code   240  lludivv7m.o(.text)
    __aeabi_memclr4                          0x080003d9   Thumb Code     0  rt_memclr_w.o(.text)
    __aeabi_memclr8                          0x080003d9   Thumb Code     0  rt_memclr_w.o(.text)
    __rt_memclr_w                            0x080003d9   Thumb Code     0  rt_memclr_w.o(.text)
    _memset_w                                0x080003dd   Thumb Code    74  rt_memclr_w.o(.text)
    __use_two_region_memory                  0x08000427   Thumb Code     2  heapauxi.o(.text)
    __rt_heap_escrow                         0x08000429   Thumb Code     2  heapauxi.o(.text)
    __rt_heap_expand                         0x0800042b   Thumb Code     2  heapauxi.o(.text)
    __cpp_initialize__aeabi_                 0x0800042d   Thumb Code    36  init_aeabi.o(.text)
    __user_libspace                          0x08000459   Thumb Code     8  libspace.o(.text)
    __user_perproc_libspace                  0x08000459   Thumb Code     0  libspace.o(.text)
    __user_perthread_libspace                0x08000459   Thumb Code     0  libspace.o(.text)
    __user_setup_stackheap                   0x08000461   Thumb Code    74  sys_stackheap_outer.o(.text)
    exit                                     0x080004ab   Thumb Code    18  exit.o(.text)
    _sys_exit                                0x080004bd   Thumb Code     8  sys_exit.o(.text)
    __I$use$semihosting                      0x080004c9   Thumb Code     0  use_no_semi.o(.text)
    __use_no_semihosting_swi                 0x080004c9   Thumb Code     2  use_no_semi.o(.text)
    __semihosting_library_function           0x080004cb   Thumb Code     0  indicate_semi.o(.text)
    ADC_DMAConvCplt                          0x080004cd   Thumb Code   212  stm32g4xx_hal_adc.o(.text.ADC_DMAConvCplt)
    ADC_DMAError                             0x080005a1   Thumb Code    42  stm32g4xx_hal_adc.o(.text.ADC_DMAError)
    ADC_DMAHalfConvCplt                      0x080005cd   Thumb Code    22  stm32g4xx_hal_adc.o(.text.ADC_DMAHalfConvCplt)
    ADC_Disable                              0x080005e5   Thumb Code   196  stm32g4xx_hal_adc.o(.text.ADC_Disable)
    ADC_Enable                               0x080006a9   Thumb Code   332  stm32g4xx_hal_adc.o(.text.ADC_Enable)
    BusFault_Handler                         0x080007f5   Thumb Code     4  stm32g4xx_it.o(.text.BusFault_Handler)
    DMA1_Channel1_IRQHandler                 0x080007f9   Thumb Code    16  stm32g4xx_it.o(.text.DMA1_Channel1_IRQHandler)
    DebugMon_Handler                         0x08000929   Thumb Code     2  stm32g4xx_it.o(.text.DebugMon_Handler)
    Error_Handler                            0x0800092d   Thumb Code    14  main.o(.text.Error_Handler)
    HAL_ADCEx_Calibration_Start              0x0800093d   Thumb Code   224  stm32g4xx_hal_adc_ex.o(.text.HAL_ADCEx_Calibration_Start)
    HAL_ADCEx_MultiModeConfigChannel         0x08000a1d   Thumb Code   754  stm32g4xx_hal_adc_ex.o(.text.HAL_ADCEx_MultiModeConfigChannel)
    HAL_ADC_ConfigChannel                    0x08000d11   Thumb Code  2294  stm32g4xx_hal_adc.o(.text.HAL_ADC_ConfigChannel)
    HAL_ADC_ConvCpltCallback                 0x08001609   Thumb Code     8  stm32g4xx_hal_adc.o(.text.HAL_ADC_ConvCpltCallback)
    HAL_ADC_ConvHalfCpltCallback             0x08001611   Thumb Code     8  stm32g4xx_hal_adc.o(.text.HAL_ADC_ConvHalfCpltCallback)
    HAL_ADC_ErrorCallback                    0x08001619   Thumb Code     8  stm32g4xx_hal_adc.o(.text.HAL_ADC_ErrorCallback)
    HAL_ADC_Init                             0x08001621   Thumb Code   990  stm32g4xx_hal_adc.o(.text.HAL_ADC_Init)
    HAL_ADC_MspInit                          0x08001a01   Thumb Code   302  adc.o(.text.HAL_ADC_MspInit)
    HAL_ADC_Start                            0x08001b31   Thumb Code   624  stm32g4xx_hal_adc.o(.text.HAL_ADC_Start)
    HAL_ADC_Start_DMA                        0x08001da1   Thumb Code   524  stm32g4xx_hal_adc.o(.text.HAL_ADC_Start_DMA)
    HAL_DMA_IRQHandler                       0x08001fad   Thumb Code   342  stm32g4xx_hal_dma.o(.text.HAL_DMA_IRQHandler)
    HAL_DMA_Init                             0x08002105   Thumb Code   342  stm32g4xx_hal_dma.o(.text.HAL_DMA_Init)
    HAL_DMA_Start_IT                         0x0800225d   Thumb Code   252  stm32g4xx_hal_dma.o(.text.HAL_DMA_Start_IT)
    HAL_Delay                                0x08002359   Thumb Code    66  stm32g4xx_hal.o(.text.HAL_Delay)
    HAL_GPIO_Init                            0x0800239d   Thumb Code   872  stm32g4xx_hal_gpio.o(.text.HAL_GPIO_Init)
    HAL_GetTick                              0x08002705   Thumb Code    12  stm32g4xx_hal.o(.text.HAL_GetTick)
    HAL_IncTick                              0x08002711   Thumb Code    26  stm32g4xx_hal.o(.text.HAL_IncTick)
    HAL_Init                                 0x0800272d   Thumb Code    48  stm32g4xx_hal.o(.text.HAL_Init)
    HAL_InitTick                             0x0800275d   Thumb Code   136  stm32g4xx_hal.o(.text.HAL_InitTick)
    HAL_MspInit                              0x080027e5   Thumb Code    82  stm32g4xx_hal_msp.o(.text.HAL_MspInit)
    HAL_NVIC_EnableIRQ                       0x08002839   Thumb Code    20  stm32g4xx_hal_cortex.o(.text.HAL_NVIC_EnableIRQ)
    HAL_NVIC_SetPriority                     0x0800284d   Thumb Code    46  stm32g4xx_hal_cortex.o(.text.HAL_NVIC_SetPriority)
    HAL_NVIC_SetPriorityGrouping             0x0800287d   Thumb Code    16  stm32g4xx_hal_cortex.o(.text.HAL_NVIC_SetPriorityGrouping)
    HAL_PWREx_ControlVoltageScaling          0x0800288d   Thumb Code   436  stm32g4xx_hal_pwr_ex.o(.text.HAL_PWREx_ControlVoltageScaling)
    HAL_PWREx_DisableUCPDDeadBattery         0x08002a41   Thumb Code    18  stm32g4xx_hal_pwr_ex.o(.text.HAL_PWREx_DisableUCPDDeadBattery)
    HAL_RCCEx_PeriphCLKConfig                0x08002a55   Thumb Code  1316  stm32g4xx_hal_rcc_ex.o(.text.HAL_RCCEx_PeriphCLKConfig)
    HAL_RCC_ClockConfig                      0x08002f79   Thumb Code   806  stm32g4xx_hal_rcc.o(.text.HAL_RCC_ClockConfig)
    HAL_RCC_GetHCLKFreq                      0x080032a1   Thumb Code    12  stm32g4xx_hal_rcc.o(.text.HAL_RCC_GetHCLKFreq)
    HAL_RCC_GetPCLK1Freq                     0x080032ad   Thumb Code    38  stm32g4xx_hal_rcc.o(.text.HAL_RCC_GetPCLK1Freq)
    HAL_RCC_GetPCLK2Freq                     0x080032d5   Thumb Code    38  stm32g4xx_hal_rcc.o(.text.HAL_RCC_GetPCLK2Freq)
    HAL_RCC_GetSysClockFreq                  0x080032fd   Thumb Code   252  stm32g4xx_hal_rcc.o(.text.HAL_RCC_GetSysClockFreq)
    HAL_RCC_OscConfig                        0x080033f9   Thumb Code  1974  stm32g4xx_hal_rcc.o(.text.HAL_RCC_OscConfig)
    HAL_SYSCFG_DisableVREFBUF                0x08003bb1   Thumb Code    16  stm32g4xx_hal.o(.text.HAL_SYSCFG_DisableVREFBUF)
    HAL_SYSCFG_VREFBUF_HighImpedanceConfig   0x08003bc1   Thumb Code    26  stm32g4xx_hal.o(.text.HAL_SYSCFG_VREFBUF_HighImpedanceConfig)
    HAL_SYSTICK_Config                       0x08003bdd   Thumb Code    16  stm32g4xx_hal_cortex.o(.text.HAL_SYSTICK_Config)
    HAL_UARTEx_DisableFifoMode               0x08003bed   Thumb Code   124  stm32g4xx_hal_uart_ex.o(.text.HAL_UARTEx_DisableFifoMode)
    HAL_UARTEx_SetRxFifoThreshold            0x08003c69   Thumb Code   140  stm32g4xx_hal_uart_ex.o(.text.HAL_UARTEx_SetRxFifoThreshold)
    HAL_UARTEx_SetTxFifoThreshold            0x08003cf5   Thumb Code   140  stm32g4xx_hal_uart_ex.o(.text.HAL_UARTEx_SetTxFifoThreshold)
    HAL_UART_Init                            0x08003d81   Thumb Code   170  stm32g4xx_hal_uart.o(.text.HAL_UART_Init)
    HAL_UART_MspInit                         0x08003e2d   Thumb Code   166  usart.o(.text.HAL_UART_MspInit)
    HAL_UART_Transmit                        0x08003ed5   Thumb Code   312  stm32g4xx_hal_uart.o(.text.HAL_UART_Transmit)
    HardFault_Handler                        0x0800400d   Thumb Code     4  stm32g4xx_it.o(.text.HardFault_Handler)
    LCD_Address_Set                          0x08004011   Thumb Code    90  lcd_init.o(.text.LCD_Address_Set)
    LCD_DrawPoint                            0x0800406d   Thumb Code    44  lcd.o(.text.LCD_DrawPoint)
    LCD_Fill                                 0x08004099   Thumb Code   144  lcd.o(.text.LCD_Fill)
    LCD_GPIO_Init                            0x08004129   Thumb Code     2  lcd_init.o(.text.LCD_GPIO_Init)
    LCD_Init                                 0x0800412d   Thumb Code   634  lcd_init.o(.text.LCD_Init)
    LCD_WR_DATA                              0x080043a9   Thumb Code    28  lcd_init.o(.text.LCD_WR_DATA)
    LCD_WR_DATA8                             0x080043c5   Thumb Code    20  lcd_init.o(.text.LCD_WR_DATA8)
    LCD_WR_REG                               0x080043d9   Thumb Code    48  lcd_init.o(.text.LCD_WR_REG)
    LCD_Writ_Bus                             0x08004409   Thumb Code    54  lcd_init.o(.text.LCD_Writ_Bus)
    LL_GPIO_Init                             0x08004851   Thumb Code   220  stm32g4xx_ll_gpio.o(.text.LL_GPIO_Init)
    LL_SPI_Init                              0x08004c39   Thumb Code   184  stm32g4xx_ll_spi.o(.text.LL_SPI_Init)
    LL_TIM_Init                              0x08004ddd   Thumb Code   452  stm32g4xx_ll_tim.o(.text.LL_TIM_Init)
    MX_ADC1_Init                             0x08005011   Thumb Code   340  adc.o(.text.MX_ADC1_Init)
    MX_DMA_Init                              0x08005165   Thumb Code    86  dma.o(.text.MX_DMA_Init)
    MX_GPIO_Init                             0x080051bd   Thumb Code   732  gpio.o(.text.MX_GPIO_Init)
    MX_SPI1_Init                             0x08005499   Thumb Code   234  spi.o(.text.MX_SPI1_Init)
    MX_SPI3_Init                             0x08005585   Thumb Code   204  spi.o(.text.MX_SPI3_Init)
    MX_TIM2_Init                             0x08005651   Thumb Code   114  tim.o(.text.MX_TIM2_Init)
    MX_USART1_UART_Init                      0x080056c5   Thumb Code   142  usart.o(.text.MX_USART1_UART_Init)
    MemManage_Handler                        0x08005755   Thumb Code     4  stm32g4xx_it.o(.text.MemManage_Handler)
    NMI_Handler                              0x08005759   Thumb Code     4  stm32g4xx_it.o(.text.NMI_Handler)
    PendSV_Handler                           0x08005835   Thumb Code     2  stm32g4xx_it.o(.text.PendSV_Handler)
    SVC_Handler                              0x080058d5   Thumb Code     2  stm32g4xx_it.o(.text.SVC_Handler)
    SysTick_Handler                          0x0800592d   Thumb Code     8  stm32g4xx_it.o(.text.SysTick_Handler)
    SystemClock_Config                       0x08005935   Thumb Code   122  main.o(.text.SystemClock_Config)
    SystemInit                               0x080059b1   Thumb Code    18  system_stm32g4xx.o(.text.SystemInit)
    TIM2_IRQHandler                          0x080059c5   Thumb Code     8  stm32g4xx_it.o(.text.TIM2_IRQHandler)
    UART_AdvFeatureConfig                    0x08005a55   Thumb Code   328  stm32g4xx_hal_uart.o(.text.UART_AdvFeatureConfig)
    UART_CheckIdleState                      0x08005b9d   Thumb Code   326  stm32g4xx_hal_uart.o(.text.UART_CheckIdleState)
    UART_SetConfig                           0x08005d85   Thumb Code  1506  stm32g4xx_hal_uart.o(.text.UART_SetConfig)
    UART_WaitOnFlagUntilTimeout              0x08006369   Thumb Code   268  stm32g4xx_hal_uart.o(.text.UART_WaitOnFlagUntilTimeout)
    UsageFault_Handler                       0x08006475   Thumb Code     4  stm32g4xx_it.o(.text.UsageFault_Handler)
    button_update_test()                     0x080064dd   Thumb Code    16  maincpp.o(.text._Z18button_update_testv)
    button_state_update()                    0x080064ed   Thumb Code   232  maincpp.o(.text._Z19button_state_updatev)
    Menu::Menu__sub_object()                 0x08006601   Thumb Code    32  maincpp.o(.text._ZN4MenuC2Ev)
    Drawer::Drawer__sub_object()             0x08006621   Thumb Code    44  maincpp.o(.text._ZN6DrawerC2Ev)
    button::button_update()                  0x0800664d   Thumb Code    32  sky_button.o(.text._ZN6button13button_updateEv)
    button::buttonStateUpdate()              0x0800666d   Thumb Code    78  sky_button.o(.text._ZN6button17buttonStateUpdateEv)
    button::buttonStateMachine()             0x080066bd   Thumb Code   152  sky_button.o(.text._ZN6button18buttonStateMachineEv)
    button::button__sub_object(GPIO_TypeDef*, unsigned int, int) 0x08006755   Thumb Code    50  maincpp.o(.text._ZN6buttonC2EP12GPIO_TypeDefji)
    joystick::StickStateUpdate()             0x08006789   Thumb Code   124  sky_button.o(.text._ZN8joystick16StickStateUpdateEv)
    joystick::StickStateMachine()            0x08006805   Thumb Code   354  sky_button.o(.text._ZN8joystick17StickStateMachineEv)
    joystick::joystick__sub_object()         0x08006969   Thumb Code   230  maincpp.o(.text._ZN8joystickC2Ev)
    main                                     0x08006f19   Thumb Code   158  main.o(.text.main)
    tim2_callback                            0x08006fb9   Thumb Code    84  maincpp.o(.text.tim2_callback)
    _fp_init                                 0x0800700d   Thumb Code    26  fpinit.o(x$fpl$fpinit)
    __fplib_config_fpu_vfp                   0x08007025   Thumb Code     0  fpinit.o(x$fpl$fpinit)
    __fplib_config_pureend_doubles           0x08007025   Thumb Code     0  fpinit.o(x$fpl$fpinit)
    AHBPrescTable                            0x08007026   Data          16  system_stm32g4xx.o(.rodata.AHBPrescTable)
    APBPrescTable                            0x08007036   Data           8  system_stm32g4xx.o(.rodata.APBPrescTable)
    UARTPrescTable                           0x0800704e   Data          24  stm32g4xx_hal_uart.o(.rodata.UARTPrescTable)
    Region$$Table$$Base                      0x08007068   Number         0  anon$$obj.o(Region$$Table)
    Region$$Table$$Limit                     0x08007088   Number         0  anon$$obj.o(Region$$Table)
    SHT$$INIT_ARRAY$$Base                    0x08007088   Number         0  maincpp.o(.init_array)
    SHT$$INIT_ARRAY$$Limit                   0x0800708c   Number         0  init_aeabi.o(.init_array)
    SystemCoreClock                          0x20000000   Data           4  system_stm32g4xx.o(.data.SystemCoreClock)
    uwTickFreq                               0x20000004   Data           4  stm32g4xx_hal.o(.data.uwTickFreq)
    uwTickPrio                               0x20000008   Data           4  stm32g4xx_hal.o(.data.uwTickPrio)
    __libspace_start                         0x20000010   Data          96  libspace.o(.bss)
    Stick_L                                  0x20000070   Data        2012  maincpp.o(.bss.Stick_L)
    __temporary_stack_top$libspace           0x20000070   Data           0  libspace.o(.bss)
    Stick_R                                  0x2000084c   Data        2012  maincpp.o(.bss.Stick_R)
    TIM1_FLAG                                0x20001028   Data           4  maincpp.o(.bss.TIM1_FLAG)
    adc_vals                                 0x20001030   Data          10  maincpp.o(.bss.adc_vals)
    button_A                                 0x2000103c   Data          52  maincpp.o(.bss.button_A)
    button_B                                 0x20001070   Data          52  maincpp.o(.bss.button_B)
    button_BACK                              0x200010a4   Data          52  maincpp.o(.bss.button_BACK)
    button_CLEAR                             0x200010d8   Data          52  maincpp.o(.bss.button_CLEAR)
    button_DOWN                              0x2000110c   Data          52  maincpp.o(.bss.button_DOWN)
    button_HOME                              0x20001140   Data          52  maincpp.o(.bss.button_HOME)
    button_LB                                0x20001174   Data          52  maincpp.o(.bss.button_LB)
    button_LEFT                              0x200011a8   Data          52  maincpp.o(.bss.button_LEFT)
    button_LS                                0x200011dc   Data          52  maincpp.o(.bss.button_LS)
    button_LT                                0x20001210   Data          52  maincpp.o(.bss.button_LT)
    button_RB                                0x20001244   Data          52  maincpp.o(.bss.button_RB)
    button_RIGHT                             0x20001278   Data          52  maincpp.o(.bss.button_RIGHT)
    button_RS                                0x200012ac   Data          52  maincpp.o(.bss.button_RS)
    button_RT                                0x200012e0   Data          52  maincpp.o(.bss.button_RT)
    button_START                             0x20001314   Data          52  maincpp.o(.bss.button_START)
    button_THRBO                             0x20001348   Data          52  maincpp.o(.bss.button_THRBO)
    button_UP                                0x2000137c   Data          52  maincpp.o(.bss.button_UP)
    button_X                                 0x200013b0   Data          52  maincpp.o(.bss.button_X)
    button_Y                                 0x200013e4   Data          52  maincpp.o(.bss.button_Y)
    hadc1                                    0x20001418   Data         108  adc.o(.bss.hadc1)
    hdma_adc1                                0x20001484   Data          96  adc.o(.bss.hdma_adc1)
    huart1                                   0x200014e4   Data         148  usart.o(.bss.huart1)
    lcd_drawer                               0x20001578   Data          32  maincpp.o(.bss.lcd_drawer)
    menu                                     0x20001598   Data          32  maincpp.o(.bss.menu)
    sticktest                                0x200015b8   Data        2012  maincpp.o(.bss.sticktest)
    uwTick                                   0x20001d94   Data           4  stm32g4xx_hal.o(.bss.uwTick)



==============================================================================

Memory Map of the image

  Image Entry point : 0x080001d9

  Load Region LR_IROM1 (Base: 0x08000000, Size: 0x000070a0, Max: 0x00020000, ABSOLUTE)

    Execution Region ER_IROM1 (Exec base: 0x08000000, Load base: 0x08000000, Size: 0x0000708c, Max: 0x00020000, ABSOLUTE)

    Exec Addr    Load Addr    Size         Type   Attr      Idx    E Section Name        Object

    0x08000000   0x08000000   0x000001d8   Data   RO            3    RESET               startup_stm32g473xx.o
    0x080001d8   0x080001d8   0x00000008   Code   RO         2002  * !!!main             c_w.l(__main.o)
    0x080001e0   0x080001e0   0x0000005c   Code   RO         2547    !!!scatter          c_w.l(__scatter.o)
    0x0800023c   0x0800023c   0x0000001a   Code   RO         2551    !!handler_copy      c_w.l(__scatter_copy.o)
    0x08000256   0x08000256   0x00000002   PAD
    0x08000258   0x08000258   0x00000002   Code   RO         2548    !!handler_null      c_w.l(__scatter.o)
    0x0800025a   0x0800025a   0x00000002   PAD
    0x0800025c   0x0800025c   0x0000001c   Code   RO         2553    !!handler_zi        c_w.l(__scatter_zi.o)
    0x08000278   0x08000278   0x00000002   Code   RO         2454    .ARM.Collect$$libinit$$00000000  c_w.l(libinit.o)
    0x0800027a   0x0800027a   0x00000004   Code   RO         2214    .ARM.Collect$$libinit$$00000001  c_w.l(libinit2.o)
    0x0800027e   0x0800027e   0x00000000   Code   RO         2217    .ARM.Collect$$libinit$$00000004  c_w.l(libinit2.o)
    0x0800027e   0x0800027e   0x00000000   Code   RO         2219    .ARM.Collect$$libinit$$00000006  c_w.l(libinit2.o)
    0x0800027e   0x0800027e   0x00000000   Code   RO         2222    .ARM.Collect$$libinit$$0000000C  c_w.l(libinit2.o)
    0x0800027e   0x0800027e   0x00000000   Code   RO         2224    .ARM.Collect$$libinit$$0000000E  c_w.l(libinit2.o)
    0x0800027e   0x0800027e   0x00000000   Code   RO         2226    .ARM.Collect$$libinit$$00000010  c_w.l(libinit2.o)
    0x0800027e   0x0800027e   0x00000000   Code   RO         2229    .ARM.Collect$$libinit$$00000013  c_w.l(libinit2.o)
    0x0800027e   0x0800027e   0x00000000   Code   RO         2231    .ARM.Collect$$libinit$$00000015  c_w.l(libinit2.o)
    0x0800027e   0x0800027e   0x00000000   Code   RO         2233    .ARM.Collect$$libinit$$00000017  c_w.l(libinit2.o)
    0x0800027e   0x0800027e   0x00000000   Code   RO         2235    .ARM.Collect$$libinit$$00000019  c_w.l(libinit2.o)
    0x0800027e   0x0800027e   0x00000000   Code   RO         2237    .ARM.Collect$$libinit$$0000001B  c_w.l(libinit2.o)
    0x0800027e   0x0800027e   0x00000000   Code   RO         2239    .ARM.Collect$$libinit$$0000001D  c_w.l(libinit2.o)
    0x0800027e   0x0800027e   0x00000000   Code   RO         2241    .ARM.Collect$$libinit$$0000001F  c_w.l(libinit2.o)
    0x0800027e   0x0800027e   0x00000000   Code   RO         2243    .ARM.Collect$$libinit$$00000021  c_w.l(libinit2.o)
    0x0800027e   0x0800027e   0x00000000   Code   RO         2245    .ARM.Collect$$libinit$$00000023  c_w.l(libinit2.o)
    0x0800027e   0x0800027e   0x00000000   Code   RO         2247    .ARM.Collect$$libinit$$00000025  c_w.l(libinit2.o)
    0x0800027e   0x0800027e   0x00000000   Code   RO         2249    .ARM.Collect$$libinit$$00000027  c_w.l(libinit2.o)
    0x0800027e   0x0800027e   0x00000000   Code   RO         2253    .ARM.Collect$$libinit$$0000002E  c_w.l(libinit2.o)
    0x0800027e   0x0800027e   0x00000000   Code   RO         2255    .ARM.Collect$$libinit$$00000030  c_w.l(libinit2.o)
    0x0800027e   0x0800027e   0x00000000   Code   RO         2257    .ARM.Collect$$libinit$$00000032  c_w.l(libinit2.o)
    0x0800027e   0x0800027e   0x00000004   Code   RO         2258    .ARM.Collect$$libinit$$00000033  c_w.l(libinit2.o)
    0x08000282   0x08000282   0x00000000   Code   RO         2259    .ARM.Collect$$libinit$$00000034  c_w.l(libinit2.o)
    0x08000282   0x08000282   0x00000002   Code   RO         2260    .ARM.Collect$$libinit$$00000035  c_w.l(libinit2.o)
    0x08000284   0x08000284   0x00000002   Code   RO         2533    .ARM.Collect$$libshutdown$$00000000  c_w.l(libshutdown.o)
    0x08000286   0x08000286   0x00000000   Code   RO         2510    .ARM.Collect$$libshutdown$$00000002  c_w.l(libshutdown2.o)
    0x08000286   0x08000286   0x00000000   Code   RO         2512    .ARM.Collect$$libshutdown$$00000004  c_w.l(libshutdown2.o)
    0x08000286   0x08000286   0x00000000   Code   RO         2515    .ARM.Collect$$libshutdown$$00000007  c_w.l(libshutdown2.o)
    0x08000286   0x08000286   0x00000000   Code   RO         2518    .ARM.Collect$$libshutdown$$0000000A  c_w.l(libshutdown2.o)
    0x08000286   0x08000286   0x00000000   Code   RO         2520    .ARM.Collect$$libshutdown$$0000000C  c_w.l(libshutdown2.o)
    0x08000286   0x08000286   0x00000000   Code   RO         2523    .ARM.Collect$$libshutdown$$0000000F  c_w.l(libshutdown2.o)
    0x08000286   0x08000286   0x00000002   Code   RO         2524    .ARM.Collect$$libshutdown$$00000010  c_w.l(libshutdown2.o)
    0x08000288   0x08000288   0x00000000   Code   RO         2052    .ARM.Collect$$rtentry$$00000000  c_w.l(__rtentry.o)
    0x08000288   0x08000288   0x00000000   Code   RO         2292    .ARM.Collect$$rtentry$$00000002  c_w.l(__rtentry2.o)
    0x08000288   0x08000288   0x00000006   Code   RO         2304    .ARM.Collect$$rtentry$$00000004  c_w.l(__rtentry4.o)
    0x0800028e   0x0800028e   0x00000000   Code   RO         2294    .ARM.Collect$$rtentry$$00000009  c_w.l(__rtentry2.o)
    0x0800028e   0x0800028e   0x00000004   Code   RO         2295    .ARM.Collect$$rtentry$$0000000A  c_w.l(__rtentry2.o)
    0x08000292   0x08000292   0x00000000   Code   RO         2297    .ARM.Collect$$rtentry$$0000000C  c_w.l(__rtentry2.o)
    0x08000292   0x08000292   0x00000008   Code   RO         2298    .ARM.Collect$$rtentry$$0000000D  c_w.l(__rtentry2.o)
    0x0800029a   0x0800029a   0x00000002   Code   RO         2467    .ARM.Collect$$rtexit$$00000000  c_w.l(rtexit.o)
    0x0800029c   0x0800029c   0x00000000   Code   RO         2491    .ARM.Collect$$rtexit$$00000002  c_w.l(rtexit2.o)
    0x0800029c   0x0800029c   0x00000004   Code   RO         2492    .ARM.Collect$$rtexit$$00000003  c_w.l(rtexit2.o)
    0x080002a0   0x080002a0   0x00000006   Code   RO         2493    .ARM.Collect$$rtexit$$00000004  c_w.l(rtexit2.o)
    0x080002a6   0x080002a6   0x00000002   PAD
    0x080002a8   0x080002a8   0x00000040   Code   RO            4    .text               startup_stm32g473xx.o
    0x080002e8   0x080002e8   0x000000f0   Code   RO         1994    .text               c_w.l(lludivv7m.o)
    0x080003d8   0x080003d8   0x0000004e   Code   RO         1998    .text               c_w.l(rt_memclr_w.o)
    0x08000426   0x08000426   0x00000006   Code   RO         2000    .text               c_w.l(heapauxi.o)
    0x0800042c   0x0800042c   0x0000002c   Code   RO         2007    .text               c_w.l(init_aeabi.o)
    0x08000458   0x08000458   0x00000008   Code   RO         2378    .text               c_w.l(libspace.o)
    0x08000460   0x08000460   0x0000004a   Code   RO         2381    .text               c_w.l(sys_stackheap_outer.o)
    0x080004aa   0x080004aa   0x00000012   Code   RO         2430    .text               c_w.l(exit.o)
    0x080004bc   0x080004bc   0x0000000c   Code   RO         2460    .text               c_w.l(sys_exit.o)
    0x080004c8   0x080004c8   0x00000002   Code   RO         2464    .text               c_w.l(use_no_semi.o)
    0x080004ca   0x080004ca   0x00000000   Code   RO         2466    .text               c_w.l(indicate_semi.o)
    0x080004ca   0x080004ca   0x00000002   PAD
    0x080004cc   0x080004cc   0x000000d4   Code   RO          484    .text.ADC_DMAConvCplt  stm32g4xx_hal_adc.o
    0x080005a0   0x080005a0   0x0000002a   Code   RO          488    .text.ADC_DMAError  stm32g4xx_hal_adc.o
    0x080005ca   0x080005ca   0x00000002   PAD
    0x080005cc   0x080005cc   0x00000016   Code   RO          486    .text.ADC_DMAHalfConvCplt  stm32g4xx_hal_adc.o
    0x080005e2   0x080005e2   0x00000002   PAD
    0x080005e4   0x080005e4   0x000000c4   Code   RO          456    .text.ADC_Disable   stm32g4xx_hal_adc.o
    0x080006a8   0x080006a8   0x0000014c   Code   RO          464    .text.ADC_Enable    stm32g4xx_hal_adc.o
    0x080007f4   0x080007f4   0x00000004   Code   RO          262    .text.BusFault_Handler  stm32g4xx_it.o
    0x080007f8   0x080007f8   0x00000010   Code   RO          274    .text.DMA1_Channel1_IRQHandler  stm32g4xx_it.o
    0x08000808   0x08000808   0x00000074   Code   RO         1065    .text.DMA_CalcDMAMUXChannelBaseAndMask  stm32g4xx_hal_dma.o
    0x0800087c   0x0800087c   0x0000003c   Code   RO         1067    .text.DMA_CalcDMAMUXRequestGenBaseAndMask  stm32g4xx_hal_dma.o
    0x080008b8   0x080008b8   0x0000006e   Code   RO         1073    .text.DMA_SetConfig  stm32g4xx_hal_dma.o
    0x08000926   0x08000926   0x00000002   PAD
    0x08000928   0x08000928   0x00000002   Code   RO          268    .text.DebugMon_Handler  stm32g4xx_it.o
    0x0800092a   0x0800092a   0x00000002   PAD
    0x0800092c   0x0800092c   0x0000000e   Code   RO          143    .text.Error_Handler  main.o
    0x0800093a   0x0800093a   0x00000002   PAD
    0x0800093c   0x0800093c   0x000000e0   Code   RO          579    .text.HAL_ADCEx_Calibration_Start  stm32g4xx_hal_adc_ex.o
    0x08000a1c   0x08000a1c   0x000002f2   Code   RO          669    .text.HAL_ADCEx_MultiModeConfigChannel  stm32g4xx_hal_adc_ex.o
    0x08000d0e   0x08000d0e   0x00000002   PAD
    0x08000d10   0x08000d10   0x000008f6   Code   RO          510    .text.HAL_ADC_ConfigChannel  stm32g4xx_hal_adc.o
    0x08001606   0x08001606   0x00000002   PAD
    0x08001608   0x08001608   0x00000008   Code   RO          500    .text.HAL_ADC_ConvCpltCallback  stm32g4xx_hal_adc.o
    0x08001610   0x08001610   0x00000008   Code   RO          508    .text.HAL_ADC_ConvHalfCpltCallback  stm32g4xx_hal_adc.o
    0x08001618   0x08001618   0x00000008   Code   RO          506    .text.HAL_ADC_ErrorCallback  stm32g4xx_hal_adc.o
    0x08001620   0x08001620   0x000003de   Code   RO          432    .text.HAL_ADC_Init  stm32g4xx_hal_adc.o
    0x080019fe   0x080019fe   0x00000002   PAD
    0x08001a00   0x08001a00   0x0000012e   Code   RO          171    .text.HAL_ADC_MspInit  adc.o
    0x08001b2e   0x08001b2e   0x00000002   PAD
    0x08001b30   0x08001b30   0x00000270   Code   RO          460    .text.HAL_ADC_Start  stm32g4xx_hal_adc.o
    0x08001da0   0x08001da0   0x0000020c   Code   RO          482    .text.HAL_ADC_Start_DMA  stm32g4xx_hal_adc.o
    0x08001fac   0x08001fac   0x00000156   Code   RO         1083    .text.HAL_DMA_IRQHandler  stm32g4xx_hal_dma.o
    0x08002102   0x08002102   0x00000002   PAD
    0x08002104   0x08002104   0x00000156   Code   RO         1063    .text.HAL_DMA_Init  stm32g4xx_hal_dma.o
    0x0800225a   0x0800225a   0x00000002   PAD
    0x0800225c   0x0800225c   0x000000fc   Code   RO         1075    .text.HAL_DMA_Start_IT  stm32g4xx_hal_dma.o
    0x08002358   0x08002358   0x00000042   Code   RO          765    .text.HAL_Delay     stm32g4xx_hal.o
    0x0800239a   0x0800239a   0x00000002   PAD
    0x0800239c   0x0800239c   0x00000368   Code   RO         1015    .text.HAL_GPIO_Init  stm32g4xx_hal_gpio.o
    0x08002704   0x08002704   0x0000000c   Code   RO          757    .text.HAL_GetTick   stm32g4xx_hal.o
    0x08002710   0x08002710   0x0000001a   Code   RO          755    .text.HAL_IncTick   stm32g4xx_hal.o
    0x0800272a   0x0800272a   0x00000002   PAD
    0x0800272c   0x0800272c   0x00000030   Code   RO          745    .text.HAL_Init      stm32g4xx_hal.o
    0x0800275c   0x0800275c   0x00000088   Code   RO          747    .text.HAL_InitTick  stm32g4xx_hal.o
    0x080027e4   0x080027e4   0x00000052   Code   RO          285    .text.HAL_MspInit   stm32g4xx_hal_msp.o
    0x08002836   0x08002836   0x00000002   PAD
    0x08002838   0x08002838   0x00000014   Code   RO         1249    .text.HAL_NVIC_EnableIRQ  stm32g4xx_hal_cortex.o
    0x0800284c   0x0800284c   0x0000002e   Code   RO         1241    .text.HAL_NVIC_SetPriority  stm32g4xx_hal_cortex.o
    0x0800287a   0x0800287a   0x00000002   PAD
    0x0800287c   0x0800287c   0x00000010   Code   RO         1237    .text.HAL_NVIC_SetPriorityGrouping  stm32g4xx_hal_cortex.o
    0x0800288c   0x0800288c   0x000001b4   Code   RO         1158    .text.HAL_PWREx_ControlVoltageScaling  stm32g4xx_hal_pwr_ex.o
    0x08002a40   0x08002a40   0x00000012   Code   RO         1228    .text.HAL_PWREx_DisableUCPDDeadBattery  stm32g4xx_hal_pwr_ex.o
    0x08002a52   0x08002a52   0x00000002   PAD
    0x08002a54   0x08002a54   0x00000524   Code   RO          870    .text.HAL_RCCEx_PeriphCLKConfig  stm32g4xx_hal_rcc_ex.o
    0x08002f78   0x08002f78   0x00000326   Code   RO          835    .text.HAL_RCC_ClockConfig  stm32g4xx_hal_rcc.o
    0x0800329e   0x0800329e   0x00000002   PAD
    0x080032a0   0x080032a0   0x0000000c   Code   RO          843    .text.HAL_RCC_GetHCLKFreq  stm32g4xx_hal_rcc.o
    0x080032ac   0x080032ac   0x00000026   Code   RO          845    .text.HAL_RCC_GetPCLK1Freq  stm32g4xx_hal_rcc.o
    0x080032d2   0x080032d2   0x00000002   PAD
    0x080032d4   0x080032d4   0x00000026   Code   RO          847    .text.HAL_RCC_GetPCLK2Freq  stm32g4xx_hal_rcc.o
    0x080032fa   0x080032fa   0x00000002   PAD
    0x080032fc   0x080032fc   0x000000fc   Code   RO          839    .text.HAL_RCC_GetSysClockFreq  stm32g4xx_hal_rcc.o
    0x080033f8   0x080033f8   0x000007b6   Code   RO          833    .text.HAL_RCC_OscConfig  stm32g4xx_hal_rcc.o
    0x08003bae   0x08003bae   0x00000002   PAD
    0x08003bb0   0x08003bb0   0x00000010   Code   RO          809    .text.HAL_SYSCFG_DisableVREFBUF  stm32g4xx_hal.o
    0x08003bc0   0x08003bc0   0x0000001a   Code   RO          803    .text.HAL_SYSCFG_VREFBUF_HighImpedanceConfig  stm32g4xx_hal.o
    0x08003bda   0x08003bda   0x00000002   PAD
    0x08003bdc   0x08003bdc   0x00000010   Code   RO         1261    .text.HAL_SYSTICK_Config  stm32g4xx_hal_cortex.o
    0x08003bec   0x08003bec   0x0000007c   Code   RO         1661    .text.HAL_UARTEx_DisableFifoMode  stm32g4xx_hal_uart_ex.o
    0x08003c68   0x08003c68   0x0000008c   Code   RO         1665    .text.HAL_UARTEx_SetRxFifoThreshold  stm32g4xx_hal_uart_ex.o
    0x08003cf4   0x08003cf4   0x0000008c   Code   RO         1663    .text.HAL_UARTEx_SetTxFifoThreshold  stm32g4xx_hal_uart_ex.o
    0x08003d80   0x08003d80   0x000000aa   Code   RO         1491    .text.HAL_UART_Init  stm32g4xx_hal_uart.o
    0x08003e2a   0x08003e2a   0x00000002   PAD
    0x08003e2c   0x08003e2c   0x000000a6   Code   RO          244    .text.HAL_UART_MspInit  usart.o
    0x08003ed2   0x08003ed2   0x00000002   PAD
    0x08003ed4   0x08003ed4   0x00000138   Code   RO         1511    .text.HAL_UART_Transmit  stm32g4xx_hal_uart.o
    0x0800400c   0x0800400c   0x00000004   Code   RO          258    .text.HardFault_Handler  stm32g4xx_it.o
    0x08004010   0x08004010   0x0000005a   Code   RO         1895    .text.LCD_Address_Set  lcd_init.o
    0x0800406a   0x0800406a   0x00000002   PAD
    0x0800406c   0x0800406c   0x0000002c   Code   RO         1844    .text.LCD_DrawPoint  lcd.o
    0x08004098   0x08004098   0x00000090   Code   RO         1842    .text.LCD_Fill      lcd.o
    0x08004128   0x08004128   0x00000002   Code   RO         1875    .text.LCD_GPIO_Init  lcd_init.o
    0x0800412a   0x0800412a   0x00000002   PAD
    0x0800412c   0x0800412c   0x0000027a   Code   RO         1897    .text.LCD_Init      lcd_init.o
    0x080043a6   0x080043a6   0x00000002   PAD
    0x080043a8   0x080043a8   0x0000001c   Code   RO         1887    .text.LCD_WR_DATA   lcd_init.o
    0x080043c4   0x080043c4   0x00000014   Code   RO         1885    .text.LCD_WR_DATA8  lcd_init.o
    0x080043d8   0x080043d8   0x00000030   Code   RO         1889    .text.LCD_WR_REG    lcd_init.o
    0x08004408   0x08004408   0x00000036   Code   RO         1877    .text.LCD_Writ_Bus  lcd_init.o
    0x0800443e   0x0800443e   0x00000002   PAD
    0x08004440   0x08004440   0x00000010   Code   RO         1901    .text.LCD_delay     lcd_init.o
    0x08004450   0x08004450   0x0000001c   Code   RO          570    .text.LL_ADC_Disable  stm32g4xx_hal_adc.o
    0x0800446c   0x0800446c   0x00000018   Code   RO          438    .text.LL_ADC_DisableDeepPowerDown  stm32g4xx_hal_adc.o
    0x08004484   0x08004484   0x0000001c   Code   RO          568    .text.LL_ADC_Enable  stm32g4xx_hal_adc.o
    0x080044a0   0x080044a0   0x0000001e   Code   RO          442    .text.LL_ADC_EnableInternalRegulator  stm32g4xx_hal_adc.o
    0x080044be   0x080044be   0x00000002   PAD
    0x080044c0   0x080044c0   0x00000010   Code   RO          530    .text.LL_ADC_GetCommonPathInternalCh  stm32g4xx_hal_adc.o
    0x080044d0   0x080044d0   0x00000010   Code   RO          462    .text.LL_ADC_GetMultimode  stm32g4xx_hal_adc.o
    0x080044e0   0x080044e0   0x0000001e   Code   RO          524    .text.LL_ADC_GetOffsetChannel  stm32g4xx_hal_adc.o
    0x080044fe   0x080044fe   0x00000002   PAD
    0x08004500   0x08004500   0x00000010   Code   RO          450    .text.LL_ADC_INJ_IsConversionOngoing  stm32g4xx_hal_adc.o
    0x08004510   0x08004510   0x0000000e   Code   RO          583    .text.LL_ADC_IsCalibrationOnGoing  stm32g4xx_hal_adc_ex.o
    0x0800451e   0x0800451e   0x00000002   PAD
    0x08004520   0x08004520   0x00000010   Code   RO          436    .text.LL_ADC_IsDeepPowerDownEnabled  stm32g4xx_hal_adc.o
    0x08004530   0x08004530   0x00000010   Code   RO          562    .text.LL_ADC_IsDisableOngoing  stm32g4xx_hal_adc.o
    0x08004540   0x08004540   0x00000010   Code   RO          446    .text.LL_ADC_IsEnabled  stm32g4xx_hal_adc.o
    0x08004550   0x08004550   0x00000010   Code   RO          595    .text.LL_ADC_IsEnabled  stm32g4xx_hal_adc_ex.o
    0x08004560   0x08004560   0x00000010   Code   RO          440    .text.LL_ADC_IsInternalRegulatorEnabled  stm32g4xx_hal_adc.o
    0x08004570   0x08004570   0x00000010   Code   RO          444    .text.LL_ADC_REG_IsConversionOngoing  stm32g4xx_hal_adc.o
    0x08004580   0x08004580   0x00000010   Code   RO          591    .text.LL_ADC_REG_IsConversionOngoing  stm32g4xx_hal_adc_ex.o
    0x08004590   0x08004590   0x00000016   Code   RO          474    .text.LL_ADC_REG_IsTriggerSourceSWStart  stm32g4xx_hal_adc.o
    0x080045a6   0x080045a6   0x00000002   PAD
    0x080045a8   0x080045a8   0x0000003a   Code   RO          512    .text.LL_ADC_REG_SetSequencerRanks  stm32g4xx_hal_adc.o
    0x080045e2   0x080045e2   0x00000002   PAD
    0x080045e4   0x080045e4   0x0000001c   Code   RO          466    .text.LL_ADC_REG_StartConversion  stm32g4xx_hal_adc.o
    0x08004600   0x08004600   0x00000036   Code   RO          514    .text.LL_ADC_SetChannelSamplingTime  stm32g4xx_hal_adc.o
    0x08004636   0x08004636   0x00000002   PAD
    0x08004638   0x08004638   0x00000034   Code   RO          528    .text.LL_ADC_SetChannelSingleDiff  stm32g4xx_hal_adc.o
    0x0800466c   0x0800466c   0x0000001a   Code   RO          448    .text.LL_ADC_SetCommonClock  stm32g4xx_hal_adc.o
    0x08004686   0x08004686   0x00000002   PAD
    0x08004688   0x08004688   0x0000001a   Code   RO          532    .text.LL_ADC_SetCommonPathInternalCh  stm32g4xx_hal_adc.o
    0x080046a2   0x080046a2   0x00000002   PAD
    0x080046a4   0x080046a4   0x0000003c   Code   RO          518    .text.LL_ADC_SetOffset  stm32g4xx_hal_adc.o
    0x080046e0   0x080046e0   0x00000028   Code   RO          522    .text.LL_ADC_SetOffsetSaturation  stm32g4xx_hal_adc.o
    0x08004708   0x08004708   0x00000028   Code   RO          520    .text.LL_ADC_SetOffsetSign  stm32g4xx_hal_adc.o
    0x08004730   0x08004730   0x00000028   Code   RO          526    .text.LL_ADC_SetOffsetState  stm32g4xx_hal_adc.o
    0x08004758   0x08004758   0x0000001a   Code   RO          516    .text.LL_ADC_SetSamplingTimeCommonConfig  stm32g4xx_hal_adc.o
    0x08004772   0x08004772   0x00000002   PAD
    0x08004774   0x08004774   0x00000028   Code   RO          581    .text.LL_ADC_StartCalibration  stm32g4xx_hal_adc_ex.o
    0x0800479c   0x0800479c   0x00000022   Code   RO          156    .text.LL_AHB2_GRP1_EnableClock  gpio.o
    0x080047be   0x080047be   0x00000002   PAD
    0x080047c0   0x080047c0   0x00000022   Code   RO          196    .text.LL_AHB2_GRP1_EnableClock  spi.o
    0x080047e2   0x080047e2   0x00000002   PAD
    0x080047e4   0x080047e4   0x00000022   Code   RO          204    .text.LL_APB1_GRP1_EnableClock  spi.o
    0x08004806   0x08004806   0x00000002   PAD
    0x08004808   0x08004808   0x00000022   Code   RO          217    .text.LL_APB1_GRP1_EnableClock  tim.o
    0x0800482a   0x0800482a   0x00000002   PAD
    0x0800482c   0x0800482c   0x00000022   Code   RO          194    .text.LL_APB2_GRP1_EnableClock  spi.o
    0x0800484e   0x0800484e   0x00000002   PAD
    0x08004850   0x08004850   0x000000dc   Code   RO          409    .text.LL_GPIO_Init  stm32g4xx_ll_gpio.o
    0x0800492c   0x0800492c   0x00000010   Code   RO          158    .text.LL_GPIO_ResetOutputPin  gpio.o
    0x0800493c   0x0800493c   0x00000010   Code   RO         1891    .text.LL_GPIO_ResetOutputPin  lcd_init.o
    0x0800494c   0x0800494c   0x0000007c   Code   RO          417    .text.LL_GPIO_SetAFPin_0_7  stm32g4xx_ll_gpio.o
    0x080049c8   0x080049c8   0x00000080   Code   RO          419    .text.LL_GPIO_SetAFPin_8_15  stm32g4xx_ll_gpio.o
    0x08004a48   0x08004a48   0x00000010   Code   RO          160    .text.LL_GPIO_SetOutputPin  gpio.o
    0x08004a58   0x08004a58   0x00000010   Code   RO         1893    .text.LL_GPIO_SetOutputPin  lcd_init.o
    0x08004a68   0x08004a68   0x0000007c   Code   RO          421    .text.LL_GPIO_SetPinMode  stm32g4xx_ll_gpio.o
    0x08004ae4   0x08004ae4   0x0000001e   Code   RO          413    .text.LL_GPIO_SetPinOutputType  stm32g4xx_ll_gpio.o
    0x08004b02   0x08004b02   0x00000002   PAD
    0x08004b04   0x08004b04   0x0000007c   Code   RO          415    .text.LL_GPIO_SetPinPull  stm32g4xx_ll_gpio.o
    0x08004b80   0x08004b80   0x0000007c   Code   RO          411    .text.LL_GPIO_SetPinSpeed  stm32g4xx_ll_gpio.o
    0x08004bfc   0x08004bfc   0x00000012   Code   RO          206    .text.LL_SPI_DisableNSSPulseMgt  spi.o
    0x08004c0e   0x08004c0e   0x00000002   PAD
    0x08004c10   0x08004c10   0x00000012   Code   RO         1899    .text.LL_SPI_Enable  lcd_init.o
    0x08004c22   0x08004c22   0x00000002   PAD
    0x08004c24   0x08004c24   0x00000012   Code   RO          200    .text.LL_SPI_EnableNSSPulseMgt  spi.o
    0x08004c36   0x08004c36   0x00000002   PAD
    0x08004c38   0x08004c38   0x000000b8   Code   RO         1335    .text.LL_SPI_Init   stm32g4xx_ll_spi.o
    0x08004cf0   0x08004cf0   0x00000010   Code   RO         1879    .text.LL_SPI_IsActiveFlag_TXE  lcd_init.o
    0x08004d00   0x08004d00   0x00000010   Code   RO         1337    .text.LL_SPI_IsEnabled  stm32g4xx_ll_spi.o
    0x08004d10   0x08004d10   0x00000012   Code   RO         1341    .text.LL_SPI_SetCRCPolynomial  stm32g4xx_ll_spi.o
    0x08004d22   0x08004d22   0x00000002   PAD
    0x08004d24   0x08004d24   0x0000001a   Code   RO         1339    .text.LL_SPI_SetRxFIFOThreshold  stm32g4xx_ll_spi.o
    0x08004d3e   0x08004d3e   0x00000002   PAD
    0x08004d40   0x08004d40   0x0000001a   Code   RO          198    .text.LL_SPI_SetStandard  spi.o
    0x08004d5a   0x08004d5a   0x00000002   PAD
    0x08004d5c   0x08004d5c   0x0000001a   Code   RO         1881    .text.LL_SPI_TransmitData8  lcd_init.o
    0x08004d76   0x08004d76   0x00000002   PAD
    0x08004d78   0x08004d78   0x00000012   Code   RO          227    .text.LL_TIM_DisableARRPreload  tim.o
    0x08004d8a   0x08004d8a   0x00000002   PAD
    0x08004d8c   0x08004d8c   0x00000012   Code   RO          233    .text.LL_TIM_DisableMasterSlaveMode  tim.o
    0x08004d9e   0x08004d9e   0x00000002   PAD
    0x08004da0   0x08004da0   0x00000012   Code   RO          139    .text.LL_TIM_EnableCounter  main.o
    0x08004db2   0x08004db2   0x00000002   PAD
    0x08004db4   0x08004db4   0x00000012   Code   RO          141    .text.LL_TIM_EnableIT_UPDATE  main.o
    0x08004dc6   0x08004dc6   0x00000002   PAD
    0x08004dc8   0x08004dc8   0x00000012   Code   RO         1428    .text.LL_TIM_GenerateEvent_UPDATE  stm32g4xx_ll_tim.o
    0x08004dda   0x08004dda   0x00000002   PAD
    0x08004ddc   0x08004ddc   0x000001c4   Code   RO         1420    .text.LL_TIM_Init   stm32g4xx_ll_tim.o
    0x08004fa0   0x08004fa0   0x00000010   Code   RO         1422    .text.LL_TIM_SetAutoReload  stm32g4xx_ll_tim.o
    0x08004fb0   0x08004fb0   0x00000020   Code   RO          229    .text.LL_TIM_SetClockSource  tim.o
    0x08004fd0   0x08004fd0   0x00000010   Code   RO         1424    .text.LL_TIM_SetPrescaler  stm32g4xx_ll_tim.o
    0x08004fe0   0x08004fe0   0x00000010   Code   RO         1426    .text.LL_TIM_SetRepetitionCounter  stm32g4xx_ll_tim.o
    0x08004ff0   0x08004ff0   0x00000020   Code   RO          231    .text.LL_TIM_SetTriggerOutput  tim.o
    0x08005010   0x08005010   0x00000154   Code   RO          169    .text.MX_ADC1_Init  adc.o
    0x08005164   0x08005164   0x00000056   Code   RO          184    .text.MX_DMA_Init   dma.o
    0x080051ba   0x080051ba   0x00000002   PAD
    0x080051bc   0x080051bc   0x000002dc   Code   RO          154    .text.MX_GPIO_Init  gpio.o
    0x08005498   0x08005498   0x000000ea   Code   RO          192    .text.MX_SPI1_Init  spi.o
    0x08005582   0x08005582   0x00000002   PAD
    0x08005584   0x08005584   0x000000cc   Code   RO          202    .text.MX_SPI3_Init  spi.o
    0x08005650   0x08005650   0x00000072   Code   RO          215    .text.MX_TIM2_Init  tim.o
    0x080056c2   0x080056c2   0x00000002   PAD
    0x080056c4   0x080056c4   0x0000008e   Code   RO          242    .text.MX_USART1_UART_Init  usart.o
    0x08005752   0x08005752   0x00000002   PAD
    0x08005754   0x08005754   0x00000004   Code   RO          260    .text.MemManage_Handler  stm32g4xx_it.o
    0x08005758   0x08005758   0x00000004   Code   RO          256    .text.NMI_Handler   stm32g4xx_it.o
    0x0800575c   0x0800575c   0x0000006c   Code   RO          221    .text.NVIC_EncodePriority  tim.o
    0x080057c8   0x080057c8   0x0000006c   Code   RO         1247    .text.NVIC_EncodePriority  stm32g4xx_hal_cortex.o
    0x08005834   0x08005834   0x00000002   Code   RO          270    .text.PendSV_Handler  stm32g4xx_it.o
    0x08005836   0x08005836   0x00000002   PAD
    0x08005838   0x08005838   0x0000009c   Code   RO          837    .text.RCC_GetSysClockFreqFromPLLSource  stm32g4xx_hal_rcc.o
    0x080058d4   0x080058d4   0x00000002   Code   RO          266    .text.SVC_Handler   stm32g4xx_it.o
    0x080058d6   0x080058d6   0x00000002   PAD
    0x080058d8   0x080058d8   0x00000052   Code   RO         1263    .text.SysTick_Config  stm32g4xx_hal_cortex.o
    0x0800592a   0x0800592a   0x00000002   PAD
    0x0800592c   0x0800592c   0x00000008   Code   RO          272    .text.SysTick_Handler  stm32g4xx_it.o
    0x08005934   0x08005934   0x0000007a   Code   RO          137    .text.SystemClock_Config  main.o
    0x080059ae   0x080059ae   0x00000002   PAD
    0x080059b0   0x080059b0   0x00000012   Code   RO         1799    .text.SystemInit    system_stm32g4xx.o
    0x080059c2   0x080059c2   0x00000002   PAD
    0x080059c4   0x080059c4   0x00000008   Code   RO          276    .text.TIM2_IRQHandler  stm32g4xx_it.o
    0x080059cc   0x080059cc   0x00000086   Code   RO         1659    .text.UARTEx_SetNbDataToProcess  stm32g4xx_hal_uart_ex.o
    0x08005a52   0x08005a52   0x00000002   PAD
    0x08005a54   0x08005a54   0x00000148   Code   RO         1495    .text.UART_AdvFeatureConfig  stm32g4xx_hal_uart.o
    0x08005b9c   0x08005b9c   0x00000146   Code   RO         1499    .text.UART_CheckIdleState  stm32g4xx_hal_uart.o
    0x08005ce2   0x08005ce2   0x00000002   PAD
    0x08005ce4   0x08005ce4   0x0000009e   Code   RO         1551    .text.UART_EndRxTransfer  stm32g4xx_hal_uart.o
    0x08005d82   0x08005d82   0x00000002   PAD
    0x08005d84   0x08005d84   0x000005e2   Code   RO         1497    .text.UART_SetConfig  stm32g4xx_hal_uart.o
    0x08006366   0x08006366   0x00000002   PAD
    0x08006368   0x08006368   0x0000010c   Code   RO         1513    .text.UART_WaitOnFlagUntilTimeout  stm32g4xx_hal_uart.o
    0x08006474   0x08006474   0x00000004   Code   RO          264    .text.UsageFault_Handler  stm32g4xx_it.o
    0x08006478   0x08006478   0x00000064   Code   RO           89    .text._GLOBAL__sub_I_maincpp.cpp  maincpp.o
    0x080064dc   0x080064dc   0x00000010   Code   RO           77    .text._Z18button_update_testv  maincpp.o
    0x080064ec   0x080064ec   0x000000e8   Code   RO           61    .text._Z19button_state_updatev  maincpp.o
    0x080065d4   0x080065d4   0x0000001a   Code   RO         1815    .text._ZL21LL_GPIO_IsInputPinSetP12GPIO_TypeDefj  sky_button.o
    0x080065ee   0x080065ee   0x00000002   PAD
    0x080065f0   0x080065f0   0x00000010   Code   RO           87    .text._ZL23LL_TIM_ClearFlag_UPDATEP11TIM_TypeDef  maincpp.o
    0x08006600   0x08006600   0x00000020   Code   RO          132    .text._ZN4MenuC2Ev  maincpp.o
    0x08006620   0x08006620   0x0000002c   Code   RO          130    .text._ZN6DrawerC2Ev  maincpp.o
    0x0800664c   0x0800664c   0x00000020   Code   RO         1813    .text._ZN6button13button_updateEv  sky_button.o
    0x0800666c   0x0800666c   0x0000004e   Code   RO         1819    .text._ZN6button17buttonStateUpdateEv  sky_button.o
    0x080066ba   0x080066ba   0x00000002   PAD
    0x080066bc   0x080066bc   0x00000098   Code   RO         1817    .text._ZN6button18buttonStateMachineEv  sky_button.o
    0x08006754   0x08006754   0x00000032   Code   RO          126    .text._ZN6buttonC2EP12GPIO_TypeDefji  maincpp.o
    0x08006786   0x08006786   0x00000002   PAD
    0x08006788   0x08006788   0x0000007c   Code   RO         1825    .text._ZN8joystick16StickStateUpdateEv  sky_button.o
    0x08006804   0x08006804   0x00000162   Code   RO         1823    .text._ZN8joystick17StickStateMachineEv  sky_button.o
    0x08006966   0x08006966   0x00000002   PAD
    0x08006968   0x08006968   0x000000e6   Code   RO          128    .text._ZN8joystickC2Ev  maincpp.o
    0x08006a4e   0x08006a4e   0x00000002   PAD
    0x08006a50   0x08006a50   0x00000030   Code   RO          225    .text.__NVIC_EnableIRQ  tim.o
    0x08006a80   0x08006a80   0x00000030   Code   RO         1251    .text.__NVIC_EnableIRQ  stm32g4xx_hal_cortex.o
    0x08006ab0   0x08006ab0   0x00000010   Code   RO          223    .text.__NVIC_GetPriorityGrouping  tim.o
    0x08006ac0   0x08006ac0   0x00000010   Code   RO         1243    .text.__NVIC_GetPriorityGrouping  stm32g4xx_hal_cortex.o
    0x08006ad0   0x08006ad0   0x00000042   Code   RO          219    .text.__NVIC_SetPriority  tim.o
    0x08006b12   0x08006b12   0x00000002   PAD
    0x08006b14   0x08006b14   0x00000042   Code   RO         1245    .text.__NVIC_SetPriority  stm32g4xx_hal_cortex.o
    0x08006b56   0x08006b56   0x00000002   PAD
    0x08006b58   0x08006b58   0x0000003c   Code   RO         1239    .text.__NVIC_SetPriorityGrouping  stm32g4xx_hal_cortex.o
    0x08006b94   0x08006b94   0x00000028   Code   RO           11    .text.__cxx_global_var_init  maincpp.o
    0x08006bbc   0x08006bbc   0x00000028   Code   RO           13    .text.__cxx_global_var_init.1  maincpp.o
    0x08006be4   0x08006be4   0x00000024   Code   RO           31    .text.__cxx_global_var_init.10  maincpp.o
    0x08006c08   0x08006c08   0x0000002a   Code   RO           33    .text.__cxx_global_var_init.11  maincpp.o
    0x08006c32   0x08006c32   0x00000002   PAD
    0x08006c34   0x08006c34   0x0000002a   Code   RO           35    .text.__cxx_global_var_init.12  maincpp.o
    0x08006c5e   0x08006c5e   0x00000002   PAD
    0x08006c60   0x08006c60   0x00000028   Code   RO           37    .text.__cxx_global_var_init.13  maincpp.o
    0x08006c88   0x08006c88   0x00000028   Code   RO           39    .text.__cxx_global_var_init.14  maincpp.o
    0x08006cb0   0x08006cb0   0x0000002a   Code   RO           41    .text.__cxx_global_var_init.15  maincpp.o
    0x08006cda   0x08006cda   0x00000002   PAD
    0x08006cdc   0x08006cdc   0x0000002a   Code   RO           43    .text.__cxx_global_var_init.16  maincpp.o
    0x08006d06   0x08006d06   0x00000002   PAD
    0x08006d08   0x08006d08   0x00000026   Code   RO           45    .text.__cxx_global_var_init.17  maincpp.o
    0x08006d2e   0x08006d2e   0x00000002   PAD
    0x08006d30   0x08006d30   0x00000026   Code   RO           47    .text.__cxx_global_var_init.18  maincpp.o
    0x08006d56   0x08006d56   0x00000002   PAD
    0x08006d58   0x08006d58   0x00000020   Code   RO           49    .text.__cxx_global_var_init.19  maincpp.o
    0x08006d78   0x08006d78   0x00000028   Code   RO           15    .text.__cxx_global_var_init.2  maincpp.o
    0x08006da0   0x08006da0   0x00000020   Code   RO           51    .text.__cxx_global_var_init.20  maincpp.o
    0x08006dc0   0x08006dc0   0x00000020   Code   RO           53    .text.__cxx_global_var_init.21  maincpp.o
    0x08006de0   0x08006de0   0x00000010   Code   RO           55    .text.__cxx_global_var_init.22  maincpp.o
    0x08006df0   0x08006df0   0x00000010   Code   RO           57    .text.__cxx_global_var_init.23  maincpp.o
    0x08006e00   0x08006e00   0x00000028   Code   RO           17    .text.__cxx_global_var_init.3  maincpp.o
    0x08006e28   0x08006e28   0x00000024   Code   RO           19    .text.__cxx_global_var_init.4  maincpp.o
    0x08006e4c   0x08006e4c   0x00000024   Code   RO           21    .text.__cxx_global_var_init.5  maincpp.o
    0x08006e70   0x08006e70   0x00000024   Code   RO           23    .text.__cxx_global_var_init.6  maincpp.o
    0x08006e94   0x08006e94   0x00000024   Code   RO           25    .text.__cxx_global_var_init.7  maincpp.o
    0x08006eb8   0x08006eb8   0x00000024   Code   RO           27    .text.__cxx_global_var_init.8  maincpp.o
    0x08006edc   0x08006edc   0x00000024   Code   RO           29    .text.__cxx_global_var_init.9  maincpp.o
    0x08006f00   0x08006f00   0x00000016   Code   RO         1883    .text.delay         lcd_init.o
    0x08006f16   0x08006f16   0x00000002   PAD
    0x08006f18   0x08006f18   0x0000009e   Code   RO          135    .text.main          main.o
    0x08006fb6   0x08006fb6   0x00000002   PAD
    0x08006fb8   0x08006fb8   0x00000054   Code   RO           85    .text.tim2_callback  maincpp.o
    0x0800700c   0x0800700c   0x0000001a   Code   RO         2357    x$fpl$fpinit        fz_wm.l(fpinit.o)
    0x08007026   0x08007026   0x00000010   Data   RO         1804    .rodata.AHBPrescTable  system_stm32g4xx.o
    0x08007036   0x08007036   0x00000008   Data   RO         1805    .rodata.APBPrescTable  system_stm32g4xx.o
    0x0800703e   0x0800703e   0x00000008   Data   RO         1676    .rodata.UARTEx_SetNbDataToProcess.denominator  stm32g4xx_hal_uart_ex.o
    0x08007046   0x08007046   0x00000008   Data   RO         1675    .rodata.UARTEx_SetNbDataToProcess.numerator  stm32g4xx_hal_uart_ex.o
    0x0800704e   0x0800704e   0x00000018   Data   RO         1631    .rodata.UARTPrescTable  stm32g4xx_hal_uart.o
    0x08007066   0x08007066   0x00000002   PAD
    0x08007068   0x08007068   0x00000020   Data   RO         2546    Region$$Table       anon$$obj.o
    0x08007088   0x08007088   0x00000004   Data   RO          119    .init_array         maincpp.o
    0x0800708c   0x08007088   0x00000000   Data   RO         2005    .init_array         c_w.l(init_aeabi.o)


    Execution Region RW_IRAM1 (Exec base: 0x20000000, Load base: 0x08007090, Size: 0x00002b98, Max: 0x00020000, ABSOLUTE)

    Exec Addr    Load Addr    Size         Type   Attr      Idx    E Section Name        Object

    0x20000000   0x08007090   0x00000004   Data   RW         1803    .data.SystemCoreClock  system_stm32g4xx.o
    0x20000004   0x08007094   0x00000004   Data   RW          822    .data.uwTickFreq    stm32g4xx_hal.o
    0x20000008   0x08007098   0x00000004   Data   RW          821    .data.uwTickPrio    stm32g4xx_hal.o
    0x2000000c   0x0800709c   0x00000004   PAD
    0x20000010        -       0x00000060   Zero   RW         2379    .bss                c_w.l(libspace.o)
    0x20000070        -       0x000007dc   Zero   RW          113    .bss.Stick_L        maincpp.o
    0x2000084c        -       0x000007dc   Zero   RW          114    .bss.Stick_R        maincpp.o
    0x20001028        -       0x00000004   Zero   RW           91    .bss.TIM1_FLAG      maincpp.o
    0x2000102c        -       0x00000004   Zero   RW           94    .bss._ZL5bt_id      maincpp.o
    0x20001030        -       0x0000000a   Zero   RW           92    .bss.adc_vals       maincpp.o
    0x2000103a   0x0800709c   0x00000002   PAD
    0x2000103c        -       0x00000034   Zero   RW           99    .bss.button_A       maincpp.o
    0x20001070        -       0x00000034   Zero   RW           98    .bss.button_B       maincpp.o
    0x200010a4        -       0x00000034   Zero   RW          103    .bss.button_BACK    maincpp.o
    0x200010d8        -       0x00000034   Zero   RW          104    .bss.button_CLEAR   maincpp.o
    0x2000110c        -       0x00000034   Zero   RW          111    .bss.button_DOWN    maincpp.o
    0x20001140        -       0x00000034   Zero   RW          102    .bss.button_HOME    maincpp.o
    0x20001174        -       0x00000034   Zero   RW          107    .bss.button_LB      maincpp.o
    0x200011a8        -       0x00000034   Zero   RW          110    .bss.button_LEFT    maincpp.o
    0x200011dc        -       0x00000034   Zero   RW          106    .bss.button_LS      maincpp.o
    0x20001210        -       0x00000034   Zero   RW          108    .bss.button_LT      maincpp.o
    0x20001244        -       0x00000034   Zero   RW           95    .bss.button_RB      maincpp.o
    0x20001278        -       0x00000034   Zero   RW          112    .bss.button_RIGHT   maincpp.o
    0x200012ac        -       0x00000034   Zero   RW          105    .bss.button_RS      maincpp.o
    0x200012e0        -       0x00000034   Zero   RW           93    .bss.button_RT      maincpp.o
    0x20001314        -       0x00000034   Zero   RW          100    .bss.button_START   maincpp.o
    0x20001348        -       0x00000034   Zero   RW          101    .bss.button_THRBO   maincpp.o
    0x2000137c        -       0x00000034   Zero   RW          109    .bss.button_UP      maincpp.o
    0x200013b0        -       0x00000034   Zero   RW           97    .bss.button_X       maincpp.o
    0x200013e4        -       0x00000034   Zero   RW           96    .bss.button_Y       maincpp.o
    0x20001418        -       0x0000006c   Zero   RW          175    .bss.hadc1          adc.o
    0x20001484        -       0x00000060   Zero   RW          176    .bss.hdma_adc1      adc.o
    0x200014e4        -       0x00000094   Zero   RW          248    .bss.huart1         usart.o
    0x20001578        -       0x00000020   Zero   RW          116    .bss.lcd_drawer     maincpp.o
    0x20001598        -       0x00000020   Zero   RW          117    .bss.menu           maincpp.o
    0x200015b8        -       0x000007dc   Zero   RW          115    .bss.sticktest      maincpp.o
    0x20001d94        -       0x00000004   Zero   RW          823    .bss.uwTick         stm32g4xx_hal.o
    0x20001d98        -       0x00000600   Zero   RW            2    HEAP                startup_stm32g473xx.o
    0x20002398        -       0x00000800   Zero   RW            1    STACK               startup_stm32g473xx.o


==============================================================================

Image component sizes


      Code (inc. data)   RO Data    RW Data    ZI Data      Debug   Object Name

       642          0          0          0        204       7490   adc.o
        86          0          0          0          0       3753   dma.o
       798          0          0          0          0       2886   gpio.o
       188          0          0          0          0       5267   lcd.o
      1006          0          0          0          0       3192   lcd_init.o
       330          0          0          0          0       2839   main.o
      1668          0          4          0       7106      17019   maincpp.o
       766          0          0          0          0       5875   sky_button.o
       602          0          0          0          0       3780   spi.o
        64         26        472          0       3584        852   startup_stm32g473xx.o
       330          0          0          8          4       8917   stm32g4xx_hal.o
      6000          0          0          0          0      22448   stm32g4xx_hal_adc.o
      1064          0          0          0          0      19752   stm32g4xx_hal_adc_ex.o
       478          0          0          0          0       9907   stm32g4xx_hal_cortex.o
      1222          0          0          0          0       7784   stm32g4xx_hal_dma.o
       872          0          0          0          0       5321   stm32g4xx_hal_gpio.o
        82          0          0          0          0       1652   stm32g4xx_hal_msp.o
       454          0          0          0          0       7801   stm32g4xx_hal_pwr_ex.o
      3276          0          0          0          0       9533   stm32g4xx_hal_rcc.o
      1316          0          0          0          0      11714   stm32g4xx_hal_rcc_ex.o
      3068         48         24          0          0      27427   stm32g4xx_hal_uart.o
       538          0         16          0          0       8904   stm32g4xx_hal_uart_ex.o
        58          0          0          0          0       1208   stm32g4xx_it.o
       874          0          0          0          0       5139   stm32g4xx_ll_gpio.o
       244          0          0          0          0       5123   stm32g4xx_ll_spi.o
       518          0          0          0          0      10861   stm32g4xx_ll_tim.o
        18          0         24          4          0       2701   system_stm32g4xx.o
       486          0          0          0          0       7207   tim.o
       308          0          0          0        148       6658   usart.o

    ----------------------------------------------------------------------
     27520         74        574         12      11052     233010   Object Totals
         0          0         32          0          0          0   (incl. Generated)
       164          0          2          0          6          0   (incl. Padding)

    ----------------------------------------------------------------------

      Code (inc. data)   RO Data    RW Data    ZI Data      Debug   Library Member Name

         8          0          0          0          0         68   __main.o
         0          0          0          0          0          0   __rtentry.o
        12          0          0          0          0          0   __rtentry2.o
         6          0          0          0          0          0   __rtentry4.o
        94          8          0          0          0          0   __scatter.o
        26          0          0          0          0          0   __scatter_copy.o
        28          0          0          0          0          0   __scatter_zi.o
        18          0          0          0          0         80   exit.o
         6          0          0          0          0        152   heapauxi.o
         0          0          0          0          0          0   indicate_semi.o
        44          8          0          0          0         80   init_aeabi.o
         2          0          0          0          0          0   libinit.o
        10          0          0          0          0          0   libinit2.o
         2          0          0          0          0          0   libshutdown.o
         2          0          0          0          0          0   libshutdown2.o
         8          4          0          0         96         68   libspace.o
       240          0          0          0          0        100   lludivv7m.o
        78          0          0          0          0         80   rt_memclr_w.o
         2          0          0          0          0          0   rtexit.o
        10          0          0          0          0          0   rtexit2.o
        12          4          0          0          0         68   sys_exit.o
        74          0          0          0          0         80   sys_stackheap_outer.o
         2          0          0          0          0         68   use_no_semi.o
        26          0          0          0          0        116   fpinit.o

    ----------------------------------------------------------------------
       718         24          0          0         96        960   Library Totals
         8          0          0          0          0          0   (incl. Padding)

    ----------------------------------------------------------------------

      Code (inc. data)   RO Data    RW Data    ZI Data      Debug   Library Name

       684         24          0          0         96        844   c_w.l
        26          0          0          0          0        116   fz_wm.l

    ----------------------------------------------------------------------
       718         24          0          0         96        960   Library Totals

    ----------------------------------------------------------------------

==============================================================================


      Code (inc. data)   RO Data    RW Data    ZI Data      Debug   

     28238         98        574         12      11148     233186   Grand Totals
     28238         98        574         12      11148     233186   ELF Image Totals
     28238         98        574         12          0          0   ROM Totals

==============================================================================

    Total RO  Size (Code + RO Data)                28812 (  28.14kB)
    Total RW  Size (RW Data + ZI Data)             11160 (  10.90kB)
    Total ROM Size (Code + RO Data + RW Data)      28824 (  28.15kB)

==============================================================================

